<?xml version="1.0" encoding="UTF-8"?>
<testsuites name="jest tests" tests="1850" failures="0" errors="0" time="19.192">
  <testsuite name="SWRService" errors="0" failures="0" skipped="0" timestamp="2025-12-01T00:24:29" time="0.781" tests="27">
    <testcase classname="SWRService initialization should initialize successfully" name="SWRService initialization should initialize successfully" time="0.009">
    </testcase>
    <testcase classname="SWRService initialization should handle multiple init calls" name="SWRService initialization should handle multiple init calls" time="0.003">
    </testcase>
    <testcase classname="SWRService initialization should accept custom configuration" name="SWRService initialization should accept custom configuration" time="0.001">
    </testcase>
    <testcase classname="SWRService fetch - cache miss should fetch from network on cache miss" name="SWRService fetch - cache miss should fetch from network on cache miss" time="0.013">
    </testcase>
    <testcase classname="SWRService fetch - cache miss should cache fetched data" name="SWRService fetch - cache miss should cache fetched data" time="0.013">
    </testcase>
    <testcase classname="SWRService fetch - cache hit (fresh) should return cached data without network request" name="SWRService fetch - cache hit (fresh) should return cached data without network request" time="0.012">
    </testcase>
    <testcase classname="SWRService fetch - cache hit (stale) should return stale data immediately and revalidate in background" name="SWRService fetch - cache hit (stale) should return stale data immediately and revalidate in background" time="0.173">
    </testcase>
    <testcase classname="SWRService fetch - force refresh should bypass cache when forceRefresh is true" name="SWRService fetch - force refresh should bypass cache when forceRefresh is true" time="0.022">
    </testcase>
    <testcase classname="SWRService fetch - error handling should return error when fetch fails and no cache" name="SWRService fetch - error handling should return error when fetch fails and no cache" time="0.001">
    </testcase>
    <testcase classname="SWRService fetch - error handling should return stale data when fetch fails but cache exists" name="SWRService fetch - error handling should return stale data when fetch fails but cache exists" time="0.012">
    </testcase>
    <testcase classname="SWRService request deduplication should deduplicate concurrent requests" name="SWRService request deduplication should deduplicate concurrent requests" time="0.101">
    </testcase>
    <testcase classname="SWRService prefetch should prefetch into cache" name="SWRService prefetch should prefetch into cache" time="0.013">
    </testcase>
    <testcase classname="SWRService prefetch should not prefetch if already cached" name="SWRService prefetch should not prefetch if already cached" time="0.012">
    </testcase>
    <testcase classname="SWRService invalidate should invalidate specific cache entry" name="SWRService invalidate should invalidate specific cache entry" time="0.034">
    </testcase>
    <testcase classname="SWRService invalidate should invalidate all entries" name="SWRService invalidate should invalidate all entries" time="0.023">
    </testcase>
    <testcase classname="SWRService getCacheState should return cache state" name="SWRService getCacheState should return cache state" time="0.011">
    </testcase>
    <testcase classname="SWRService getCacheState should return null for non-existent key" name="SWRService getCacheState should return null for non-existent key" time="0.001">
    </testcase>
    <testcase classname="SWRService refresh tracking should track active refresh count" name="SWRService refresh tracking should track active refresh count" time="0.012">
    </testcase>
    <testcase classname="SWRService refresh tracking should check if specific feed is refreshing" name="SWRService refresh tracking should check if specific feed is refreshing" time="0">
    </testcase>
    <testcase classname="SWRService configuration should return current config" name="SWRService configuration should return current config" time="0.001">
    </testcase>
    <testcase classname="SWRService configuration should update config" name="SWRService configuration should update config" time="0">
    </testcase>
    <testcase classname="SWRService singleton helpers should return same instance from getSWRService" name="SWRService singleton helpers should return same instance from getSWRService" time="0.001">
    </testcase>
    <testcase classname="SWRService singleton helpers should initialize with initSWRService" name="SWRService singleton helpers should initialize with initSWRService" time="0">
    </testcase>
    <testcase classname="SWRService singleton helpers should reset singleton with resetSWRService" name="SWRService singleton helpers should reset singleton with resetSWRService" time="0.012">
    </testcase>
    <testcase classname="SWRService edge cases should handle different key params for same URL" name="SWRService edge cases should handle different key params for same URL" time="0.023">
    </testcase>
    <testcase classname="SWRService edge cases should handle empty feed URL" name="SWRService edge cases should handle empty feed URL" time="0.011">
    </testcase>
    <testcase classname="SWRService edge cases should handle rapid sequential fetches" name="SWRService edge cases should handle rapid sequential fetches" time="0.011">
    </testcase>
  </testsuite>
  <testsuite name="RssFeed Component" errors="0" failures="0" skipped="0" timestamp="2025-12-01T00:24:29" time="1.098" tests="18">
    <testcase classname="RssFeed Component rendering renders without crashing" name="RssFeed Component rendering renders without crashing" time="0.06">
    </testcase>
    <testcase classname="RssFeed Component rendering displays the webpart title when provided" name="RssFeed Component rendering displays the webpart title when provided" time="0.01">
    </testcase>
    <testcase classname="RssFeed Component rendering does not display title when webPartTitle is empty" name="RssFeed Component rendering does not display title when webPartTitle is empty" time="0.005">
    </testcase>
    <testcase classname="RssFeed Component loading state displays loading spinner initially" name="RssFeed Component loading state displays loading spinner initially" time="0.002">
    </testcase>
    <testcase classname="RssFeed Component loading state hides loading spinner after feed loads" name="RssFeed Component loading state hides loading spinner after feed loads" time="0.007">
    </testcase>
    <testcase classname="RssFeed Component feed display renders feed items when loaded successfully" name="RssFeed Component feed display renders feed items when loaded successfully" time="0.007">
    </testcase>
    <testcase classname="RssFeed Component feed display displays &quot;No items found&quot; for empty feed" name="RssFeed Component feed display displays &quot;No items found&quot; for empty feed" time="0.004">
    </testcase>
    <testcase classname="RssFeed Component feed display displays empty state when feedUrl is empty" name="RssFeed Component feed display displays empty state when feedUrl is empty" time="0.001">
    </testcase>
    <testcase classname="RssFeed Component layout selection renders CardLayout when layout is &quot;card&quot;" name="RssFeed Component layout selection renders CardLayout when layout is &quot;card&quot;" time="0.006">
    </testcase>
    <testcase classname="RssFeed Component layout selection renders ListLayout when layout is &quot;list&quot;" name="RssFeed Component layout selection renders ListLayout when layout is &quot;list&quot;" time="0.009">
    </testcase>
    <testcase classname="RssFeed Component layout selection renders BannerCarousel when layout is &quot;banner&quot;" name="RssFeed Component layout selection renders BannerCarousel when layout is &quot;banner&quot;" time="0.007">
    </testcase>
    <testcase classname="RssFeed Component error handling displays error message on fetch failure" name="RssFeed Component error handling displays error message on fetch failure" time="0.008">
    </testcase>
    <testcase classname="RssFeed Component error handling displays retry button on error" name="RssFeed Component error handling displays retry button on error" time="0.002">
    </testcase>
    <testcase classname="RssFeed Component error handling retries loading when retry button is clicked" name="RssFeed Component error handling retries loading when retry button is clicked" time="0.007">
    </testcase>
    <testcase classname="RssFeed Component error handling shows specific error message for 403 errors" name="RssFeed Component error handling shows specific error message for 403 errors" time="0.003">
    </testcase>
    <testcase classname="RssFeed Component error handling shows specific error message for 404 errors" name="RssFeed Component error handling shows specific error message for 404 errors" time="0.003">
    </testcase>
    <testcase classname="RssFeed Component maxItems prop displays up to maxItems items from the feed" name="RssFeed Component maxItems prop displays up to maxItems items from the feed" time="0.005">
    </testcase>
    <testcase classname="RssFeed Component auto refresh does not auto-refresh when autoRefresh is false" name="RssFeed Component auto refresh does not auto-refresh when autoRefresh is false" time="0.007">
    </testcase>
  </testsuite>
  <testsuite name="FeedPreloader" errors="0" failures="0" skipped="0" timestamp="2025-12-01T00:24:29" time="1.552" tests="25">
    <testcase classname="FeedPreloader initialization should initialize successfully" name="FeedPreloader initialization should initialize successfully" time="0.007">
    </testcase>
    <testcase classname="FeedPreloader initialization should accept custom configuration" name="FeedPreloader initialization should accept custom configuration" time="0.001">
    </testcase>
    <testcase classname="FeedPreloader basic preloading should add feed to queue" name="FeedPreloader basic preloading should add feed to queue" time="0.003">
    </testcase>
    <testcase classname="FeedPreloader basic preloading should preload feed successfully" name="FeedPreloader basic preloading should preload feed successfully" time="0.104">
    </testcase>
    <testcase classname="FeedPreloader basic preloading should not duplicate preload requests" name="FeedPreloader basic preloading should not duplicate preload requests" time="0.102">
    </testcase>
    <testcase classname="FeedPreloader priority queue should process high priority feeds first" name="FeedPreloader priority queue should process high priority feeds first" time="0.103">
    </testcase>
    <testcase classname="FeedPreloader priority queue should handle CRITICAL priority" name="FeedPreloader priority queue should handle CRITICAL priority" time="0.002">
    </testcase>
    <testcase classname="FeedPreloader queue limits should respect queue size limit" name="FeedPreloader queue limits should respect queue size limit" time="0.002">
    </testcase>
    <testcase classname="FeedPreloader queue limits should evict low priority items for high priority" name="FeedPreloader queue limits should evict low priority items for high priority" time="0.001">
    </testcase>
    <testcase classname="FeedPreloader cancellation should cancel pending preload" name="FeedPreloader cancellation should cancel pending preload" time="0.002">
    </testcase>
    <testcase classname="FeedPreloader cancellation should cancel all pending preloads" name="FeedPreloader cancellation should cancel all pending preloads" time="0.001">
    </testcase>
    <testcase classname="FeedPreloader preload results should track successful preloads" name="FeedPreloader preload results should track successful preloads" time="0.103">
    </testcase>
    <testcase classname="FeedPreloader preload results should track failed preloads" name="FeedPreloader preload results should track failed preloads" time="0.152">
    </testcase>
    <testcase classname="FeedPreloader preload results should get all completed results" name="FeedPreloader preload results should get all completed results" time="0.102">
    </testcase>
    <testcase classname="FeedPreloader preload results should clear completed results" name="FeedPreloader preload results should clear completed results" time="0.103">
    </testcase>
    <testcase classname="FeedPreloader state queries should check if feed is preloading" name="FeedPreloader state queries should check if feed is preloading" time="0.001">
    </testcase>
    <testcase classname="FeedPreloader state queries should check if feed is preloaded" name="FeedPreloader state queries should check if feed is preloaded" time="0.101">
    </testcase>
    <testcase classname="FeedPreloader state queries should return null for non-preloaded feed result" name="FeedPreloader state queries should return null for non-preloaded feed result" time="0.001">
    </testcase>
    <testcase classname="FeedPreloader concurrent processing should respect max concurrent limit" name="FeedPreloader concurrent processing should respect max concurrent limit" time="0.053">
    </testcase>
    <testcase classname="FeedPreloader configuration should update configuration" name="FeedPreloader configuration should update configuration" time="0">
    </testcase>
    <testcase classname="FeedPreloader dispose should clean up on dispose" name="FeedPreloader dispose should clean up on dispose" time="0.001">
    </testcase>
    <testcase classname="FeedPreloader singleton helpers should return same instance from getFeedPreloader" name="FeedPreloader singleton helpers should return same instance from getFeedPreloader" time="0">
    </testcase>
    <testcase classname="FeedPreloader singleton helpers should initialize with initFeedPreloader" name="FeedPreloader singleton helpers should initialize with initFeedPreloader" time="0">
    </testcase>
    <testcase classname="FeedPreloader singleton helpers should reset singleton with resetFeedPreloader" name="FeedPreloader singleton helpers should reset singleton with resetFeedPreloader" time="0.001">
    </testcase>
    <testcase classname="FeedPreloader key params should treat different key params as different feeds" name="FeedPreloader key params should treat different key params as different feeds" time="0.102">
    </testcase>
  </testsuite>
  <testsuite name="UnifiedCacheService" errors="0" failures="0" skipped="0" timestamp="2025-12-01T00:24:30" time="0.628" tests="33">
    <testcase classname="UnifiedCacheService initialization should initialize successfully" name="UnifiedCacheService initialization should initialize successfully" time="0.001">
    </testcase>
    <testcase classname="UnifiedCacheService initialization should work without IndexedDB" name="UnifiedCacheService initialization should work without IndexedDB" time="0">
    </testcase>
    <testcase classname="UnifiedCacheService initialization should handle multiple init calls" name="UnifiedCacheService initialization should handle multiple init calls" time="0.001">
    </testcase>
    <testcase classname="UnifiedCacheService set and get operations should store and retrieve a feed" name="UnifiedCacheService set and get operations should store and retrieve a feed" time="0">
    </testcase>
    <testcase classname="UnifiedCacheService set and get operations should return missing state for non-existent key" name="UnifiedCacheService set and get operations should return missing state for non-existent key" time="0.001">
    </testcase>
    <testcase classname="UnifiedCacheService set and get operations should overwrite existing entry" name="UnifiedCacheService set and get operations should overwrite existing entry" time="0">
    </testcase>
    <testcase classname="UnifiedCacheService set and get operations should track age correctly" name="UnifiedCacheService set and get operations should track age correctly" time="0.012">
    </testcase>
    <testcase classname="UnifiedCacheService cache state transitions should return fresh state for new entries" name="UnifiedCacheService cache state transitions should return fresh state for new entries" time="0">
    </testcase>
    <testcase classname="UnifiedCacheService cache state transitions should transition to stale state" name="UnifiedCacheService cache state transitions should transition to stale state" time="0.061">
    </testcase>
    <testcase classname="UnifiedCacheService cache state transitions should transition to expired state" name="UnifiedCacheService cache state transitions should transition to expired state" time="0.212">
    </testcase>
    <testcase classname="UnifiedCacheService two-tier caching should persist to IndexedDB" name="UnifiedCacheService two-tier caching should persist to IndexedDB" time="0.052">
    </testcase>
    <testcase classname="UnifiedCacheService two-tier caching should promote from IndexedDB to memory on read" name="UnifiedCacheService two-tier caching should promote from IndexedDB to memory on read" time="0.052">
    </testcase>
    <testcase classname="UnifiedCacheService two-tier caching should enforce memory limit with LRU eviction" name="UnifiedCacheService two-tier caching should enforce memory limit with LRU eviction" time="0.023">
    </testcase>
    <testcase classname="UnifiedCacheService delete and clear should delete a specific key" name="UnifiedCacheService delete and clear should delete a specific key" time="0.001">
    </testcase>
    <testcase classname="UnifiedCacheService delete and clear should clear all entries" name="UnifiedCacheService delete and clear should clear all entries" time="0">
    </testcase>
    <testcase classname="UnifiedCacheService has method should return true for existing non-expired entry" name="UnifiedCacheService has method should return true for existing non-expired entry" time="0">
    </testcase>
    <testcase classname="UnifiedCacheService has method should return false for non-existent key" name="UnifiedCacheService has method should return false for non-existent key" time="0.001">
    </testcase>
    <testcase classname="UnifiedCacheService getAllKeys should return all keys from both layers" name="UnifiedCacheService getAllKeys should return all keys from both layers" time="0">
    </testcase>
    <testcase classname="UnifiedCacheService getAllKeys should deduplicate keys from both layers" name="UnifiedCacheService getAllKeys should deduplicate keys from both layers" time="0.052">
    </testcase>
    <testcase classname="UnifiedCacheService getStats should return accurate statistics" name="UnifiedCacheService getStats should return accurate statistics" time="0.052">
    </testcase>
    <testcase classname="UnifiedCacheService getStats should return zeros for empty cache" name="UnifiedCacheService getStats should return zeros for empty cache" time="0">
    </testcase>
    <testcase classname="UnifiedCacheService cleanup should remove expired entries" name="UnifiedCacheService cleanup should remove expired entries" time="0.062">
    </testcase>
    <testcase classname="UnifiedCacheService configuration should return current config" name="UnifiedCacheService configuration should return current config" time="0">
    </testcase>
    <testcase classname="UnifiedCacheService configuration should update config" name="UnifiedCacheService configuration should update config" time="0.001">
    </testcase>
    <testcase classname="UnifiedCacheService configuration should enforce new memory limit after config change" name="UnifiedCacheService configuration should enforce new memory limit after config change" time="0">
    </testcase>
    <testcase classname="UnifiedCacheService dispose should clean up resources" name="UnifiedCacheService dispose should clean up resources" time="0">
    </testcase>
    <testcase classname="UnifiedCacheService singleton helpers should return same instance from getUnifiedCache" name="UnifiedCacheService singleton helpers should return same instance from getUnifiedCache" time="0.001">
    </testcase>
    <testcase classname="UnifiedCacheService singleton helpers should initialize with initUnifiedCache" name="UnifiedCacheService singleton helpers should initialize with initUnifiedCache" time="0">
    </testcase>
    <testcase classname="UnifiedCacheService singleton helpers should reset singleton with resetUnifiedCache" name="UnifiedCacheService singleton helpers should reset singleton with resetUnifiedCache" time="0">
    </testcase>
    <testcase classname="UnifiedCacheService edge cases should handle empty feed content" name="UnifiedCacheService edge cases should handle empty feed content" time="0.001">
    </testcase>
    <testcase classname="UnifiedCacheService edge cases should handle special characters in keys" name="UnifiedCacheService edge cases should handle special characters in keys" time="0">
    </testcase>
    <testcase classname="UnifiedCacheService edge cases should handle large feeds" name="UnifiedCacheService edge cases should handle large feeds" time="0">
    </testcase>
    <testcase classname="UnifiedCacheService edge cases should handle concurrent operations" name="UnifiedCacheService edge cases should handle concurrent operations" time="0">
    </testcase>
  </testsuite>
  <testsuite name="PropertyPaneFeedUrl" errors="0" failures="0" skipped="0" timestamp="2025-12-01T00:24:30" time="0.506" tests="8">
    <testcase classname="PropertyPaneFeedUrl creation should create a property pane field" name="PropertyPaneFeedUrl creation should create a property pane field" time="0.001">
    </testcase>
    <testcase classname="PropertyPaneFeedUrl creation should have correct type" name="PropertyPaneFeedUrl creation should have correct type" time="0">
    </testcase>
    <testcase classname="PropertyPaneFeedUrl rendering should render input and test button" name="PropertyPaneFeedUrl rendering should render input and test button" time="0.004">
    </testcase>
    <testcase classname="PropertyPaneFeedUrl rendering should show initial value" name="PropertyPaneFeedUrl rendering should show initial value" time="0.001">
    </testcase>
    <testcase classname="PropertyPaneFeedUrl validation with ProxyService should use ProxyService.fetch for CORS-friendly fetching" name="PropertyPaneFeedUrl validation with ProxyService should use ProxyService.fetch for CORS-friendly fetching" time="0.104">
    </testcase>
    <testcase classname="PropertyPaneFeedUrl validation with ProxyService should handle CORS errors gracefully via ProxyService" name="PropertyPaneFeedUrl validation with ProxyService should handle CORS errors gracefully via ProxyService" time="0.103">
    </testcase>
    <testcase classname="PropertyPaneFeedUrl validation with ProxyService should show error when ProxyService fails" name="PropertyPaneFeedUrl validation with ProxyService should show error when ProxyService fails" time="0.103">
    </testcase>
    <testcase classname="PropertyPaneFeedUrl feed validation results should show valid status for valid feed" name="PropertyPaneFeedUrl feed validation results should show valid status for valid feed" time="0.153">
    </testcase>
  </testsuite>
  <testsuite name="Strong Background Support" errors="0" failures="0" skipped="0" timestamp="2025-12-01T00:24:31" time="0.406" tests="10">
    <testcase classname="Strong Background Support RssFeed container data-inverted attribute should add data-inverted=&quot;true&quot; to container when themeVariant.isInverted is true" name="Strong Background Support RssFeed container data-inverted attribute should add data-inverted=&quot;true&quot; to container when themeVariant.isInverted is true" time="0.031">
    </testcase>
    <testcase classname="Strong Background Support RssFeed container data-inverted attribute should add data-inverted=&quot;false&quot; when themeVariant.isInverted is false" name="Strong Background Support RssFeed container data-inverted attribute should add data-inverted=&quot;false&quot; when themeVariant.isInverted is false" time="0.006">
    </testcase>
    <testcase classname="Strong Background Support RssFeed container data-inverted attribute should add data-inverted=&quot;false&quot; when themeVariant is undefined" name="Strong Background Support RssFeed container data-inverted attribute should add data-inverted=&quot;false&quot; when themeVariant is undefined" time="0.003">
    </testcase>
    <testcase classname="Strong Background Support Layout components receive isInverted prop should pass isInverted=true to CardLayout when theme is inverted" name="Strong Background Support Layout components receive isInverted prop should pass isInverted=true to CardLayout when theme is inverted" time="0.003">
    </testcase>
    <testcase classname="Strong Background Support Layout components receive isInverted prop should pass isInverted=true to ListLayout when theme is inverted" name="Strong Background Support Layout components receive isInverted prop should pass isInverted=true to ListLayout when theme is inverted" time="0.006">
    </testcase>
    <testcase classname="Strong Background Support Layout components receive isInverted prop should pass isInverted=true to MinimalLayout when theme is inverted" name="Strong Background Support Layout components receive isInverted prop should pass isInverted=true to MinimalLayout when theme is inverted" time="0.006">
    </testcase>
    <testcase classname="Strong Background Support Layout components receive isInverted prop should pass isInverted=true to GalleryLayout when theme is inverted" name="Strong Background Support Layout components receive isInverted prop should pass isInverted=true to GalleryLayout when theme is inverted" time="0.005">
    </testcase>
    <testcase classname="Strong Background Support Layout components receive isInverted prop should pass isInverted=true to BannerCarousel when theme is inverted" name="Strong Background Support Layout components receive isInverted prop should pass isInverted=true to BannerCarousel when theme is inverted" time="0.008">
    </testcase>
    <testcase classname="Strong Background Support Layout components with isInverted=false should pass isInverted=false to CardLayout when theme is normal" name="Strong Background Support Layout components with isInverted=false should pass isInverted=false to CardLayout when theme is normal" time="0.003">
    </testcase>
    <testcase classname="Strong Background Support Web part title with inverted theme should render title with proper styling when inverted" name="Strong Background Support Web part title with inverted theme should render title with proper styling when inverted" time="0.004">
    </testcase>
  </testsuite>
  <testsuite name="ImprovedFeedParser" errors="0" failures="0" skipped="0" timestamp="2025-12-01T00:24:31" time="0.249" tests="97">
    <testcase classname="ImprovedFeedParser RSS 2.0 feeds parses a standard RSS 2.0 feed correctly" name="ImprovedFeedParser RSS 2.0 feeds parses a standard RSS 2.0 feed correctly" time="0.003">
    </testcase>
    <testcase classname="ImprovedFeedParser RSS 2.0 feeds extracts categories from RSS items" name="ImprovedFeedParser RSS 2.0 feeds extracts categories from RSS items" time="0.003">
    </testcase>
    <testcase classname="ImprovedFeedParser RSS 2.0 feeds extracts images from media:thumbnail" name="ImprovedFeedParser RSS 2.0 feeds extracts images from media:thumbnail" time="0.001">
    </testcase>
    <testcase classname="ImprovedFeedParser RSS 2.0 feeds extracts images from enclosure elements" name="ImprovedFeedParser RSS 2.0 feeds extracts images from enclosure elements" time="0.001">
    </testcase>
    <testcase classname="ImprovedFeedParser RSS 2.0 feeds extracts images from content:encoded" name="ImprovedFeedParser RSS 2.0 feeds extracts images from content:encoded" time="0.001">
    </testcase>
    <testcase classname="ImprovedFeedParser RSS 2.0 feeds extracts images from WordPress wp-block-image figures (sentralregisteret.no style)" name="ImprovedFeedParser RSS 2.0 feeds extracts images from WordPress wp-block-image figures (sentralregisteret.no style)" time="0.001">
    </testcase>
    <testcase classname="ImprovedFeedParser RSS 2.0 feeds uses fallback image when no image is found" name="ImprovedFeedParser RSS 2.0 feeds uses fallback image when no image is found" time="0">
    </testcase>
    <testcase classname="ImprovedFeedParser RSS 2.0 feeds handles CDATA in description" name="ImprovedFeedParser RSS 2.0 feeds handles CDATA in description" time="0.004">
    </testcase>
    <testcase classname="ImprovedFeedParser RSS 2.0 feeds extracts author from dc:creator" name="ImprovedFeedParser RSS 2.0 feeds extracts author from dc:creator" time="0.001">
    </testcase>
    <testcase classname="ImprovedFeedParser RSS 2.0 feeds handles feeds with itunes namespace" name="ImprovedFeedParser RSS 2.0 feeds handles feeds with itunes namespace" time="0.001">
    </testcase>
    <testcase classname="ImprovedFeedParser RSS 2.0 feeds extracts source element as author fallback" name="ImprovedFeedParser RSS 2.0 feeds extracts source element as author fallback" time="0.001">
    </testcase>
    <testcase classname="ImprovedFeedParser RSS 2.0 feeds extracts ret:source namespace for Retriever/Meltwater feeds (ST-015)" name="ImprovedFeedParser RSS 2.0 feeds extracts ret:source namespace for Retriever/Meltwater feeds (ST-015)" time="0.001">
    </testcase>
    <testcase classname="ImprovedFeedParser RSS 1.0 (RDF) feeds parses RSS 1.0 RDF feeds" name="ImprovedFeedParser RSS 1.0 (RDF) feeds parses RSS 1.0 RDF feeds" time="0.001">
    </testcase>
    <testcase classname="ImprovedFeedParser RSS 1.0 (RDF) feeds extracts dc:date from RSS 1.0 items" name="ImprovedFeedParser RSS 1.0 (RDF) feeds extracts dc:date from RSS 1.0 items" time="0.001">
    </testcase>
    <testcase classname="ImprovedFeedParser RSS 1.0 (RDF) feeds extracts dc:creator from RSS 1.0 items" name="ImprovedFeedParser RSS 1.0 (RDF) feeds extracts dc:creator from RSS 1.0 items" time="0.001">
    </testcase>
    <testcase classname="ImprovedFeedParser Atom 1.0 feeds parses a standard Atom 1.0 feed correctly" name="ImprovedFeedParser Atom 1.0 feeds parses a standard Atom 1.0 feed correctly" time="0.001">
    </testcase>
    <testcase classname="ImprovedFeedParser Atom 1.0 feeds extracts Atom categories from term/label attributes" name="ImprovedFeedParser Atom 1.0 feeds extracts Atom categories from term/label attributes" time="0.001">
    </testcase>
    <testcase classname="ImprovedFeedParser Atom 1.0 feeds uses published date over updated date when available" name="ImprovedFeedParser Atom 1.0 feeds uses published date over updated date when available" time="0.001">
    </testcase>
    <testcase classname="ImprovedFeedParser Atom 1.0 feeds handles Atom feeds with media namespace" name="ImprovedFeedParser Atom 1.0 feeds handles Atom feeds with media namespace" time="0.001">
    </testcase>
    <testcase classname="ImprovedFeedParser Atom 1.0 feeds handles different Atom content types (html)" name="ImprovedFeedParser Atom 1.0 feeds handles different Atom content types (html)" time="0.002">
    </testcase>
    <testcase classname="ImprovedFeedParser Atom 1.0 feeds handles Atom text content type" name="ImprovedFeedParser Atom 1.0 feeds handles Atom text content type" time="0.001">
    </testcase>
    <testcase classname="ImprovedFeedParser Atom 1.0 feeds handles Atom entries with only summary (no content)" name="ImprovedFeedParser Atom 1.0 feeds handles Atom entries with only summary (no content)" time="0.002">
    </testcase>
    <testcase classname="ImprovedFeedParser Media RSS handling extracts media:thumbnail as primary image source" name="ImprovedFeedParser Media RSS handling extracts media:thumbnail as primary image source" time="0.001">
    </testcase>
    <testcase classname="ImprovedFeedParser Media RSS handling prefers media:thumbnail over media:content for video items" name="ImprovedFeedParser Media RSS handling prefers media:thumbnail over media:content for video items" time="0.002">
    </testcase>
    <testcase classname="ImprovedFeedParser Media RSS handling handles media:group elements" name="ImprovedFeedParser Media RSS handling handles media:group elements" time="0.002">
    </testcase>
    <testcase classname="ImprovedFeedParser Media RSS handling uses channel image as fallback when item has no image" name="ImprovedFeedParser Media RSS handling uses channel image as fallback when item has no image" time="0">
    </testcase>
    <testcase classname="ImprovedFeedParser Media RSS handling prefers item image over channel image" name="ImprovedFeedParser Media RSS handling prefers item image over channel image" time="0.001">
    </testcase>
    <testcase classname="ImprovedFeedParser maxItems option limits the number of items returned" name="ImprovedFeedParser maxItems option limits the number of items returned" time="0.001">
    </testcase>
    <testcase classname="ImprovedFeedParser maxItems option returns all items when maxItems exceeds available items" name="ImprovedFeedParser maxItems option returns all items when maxItems exceeds available items" time="0.001">
    </testcase>
    <testcase classname="ImprovedFeedParser maxItems option returns all items when maxItems is 0" name="ImprovedFeedParser maxItems option returns all items when maxItems is 0" time="0.001">
    </testcase>
    <testcase classname="ImprovedFeedParser maxItems option handles large feeds with maxItems" name="ImprovedFeedParser maxItems option handles large feeds with maxItems" time="0.006">
    </testcase>
    <testcase classname="ImprovedFeedParser date handling normalizes RFC 822 dates to ISO format" name="ImprovedFeedParser date handling normalizes RFC 822 dates to ISO format" time="0.001">
    </testcase>
    <testcase classname="ImprovedFeedParser date handling normalizes ISO 8601 dates" name="ImprovedFeedParser date handling normalizes ISO 8601 dates" time="0.002">
    </testcase>
    <testcase classname="ImprovedFeedParser date handling normalizes non-standard date formats to ISO" name="ImprovedFeedParser date handling normalizes non-standard date formats to ISO" time="0.001">
    </testcase>
    <testcase classname="ImprovedFeedParser date handling preserves invalid dates as original strings" name="ImprovedFeedParser date handling preserves invalid dates as original strings" time="0.001">
    </testcase>
    <testcase classname="ImprovedFeedParser date handling handles missing pubDate" name="ImprovedFeedParser date handling handles missing pubDate" time="0">
    </testcase>
    <testcase classname="ImprovedFeedParser edge cases handles feeds with missing optional fields" name="ImprovedFeedParser edge cases handles feeds with missing optional fields" time="0.001">
    </testcase>
    <testcase classname="ImprovedFeedParser edge cases handles empty feeds (no items)" name="ImprovedFeedParser edge cases handles empty feeds (no items)" time="0.001">
    </testcase>
    <testcase classname="ImprovedFeedParser edge cases handles double-encoded entities" name="ImprovedFeedParser edge cases handles double-encoded entities" time="0.001">
    </testcase>
    <testcase classname="ImprovedFeedParser edge cases handles international characters (UTF-8)" name="ImprovedFeedParser edge cases handles international characters (UTF-8)" time="0.001">
    </testcase>
    <testcase classname="ImprovedFeedParser edge cases handles emoji in content" name="ImprovedFeedParser edge cases handles emoji in content" time="0.001">
    </testcase>
    <testcase classname="ImprovedFeedParser edge cases handles RTL text" name="ImprovedFeedParser edge cases handles RTL text" time="0">
    </testcase>
    <testcase classname="ImprovedFeedParser edge cases handles very long descriptions" name="ImprovedFeedParser edge cases handles very long descriptions" time="0.002">
    </testcase>
    <testcase classname="ImprovedFeedParser edge cases handles very long titles" name="ImprovedFeedParser edge cases handles very long titles" time="0.001">
    </testcase>
    <testcase classname="ImprovedFeedParser edge cases handles items with missing links using guid" name="ImprovedFeedParser edge cases handles items with missing links using guid" time="0.001">
    </testcase>
    <testcase classname="ImprovedFeedParser edge cases handles items with no link at all" name="ImprovedFeedParser edge cases handles items with no link at all" time="0.001">
    </testcase>
    <testcase classname="ImprovedFeedParser edge cases handles whitespace-only content" name="ImprovedFeedParser edge cases handles whitespace-only content" time="0.001">
    </testcase>
    <testcase classname="ImprovedFeedParser edge cases strips control characters from content" name="ImprovedFeedParser edge cases strips control characters from content" time="0.002">
    </testcase>
    <testcase classname="ImprovedFeedParser edge cases handles feeds with BOM (Byte Order Mark)" name="ImprovedFeedParser edge cases handles feeds with BOM (Byte Order Mark)" time="0.002">
    </testcase>
    <testcase classname="ImprovedFeedParser error handling throws on empty feed content" name="ImprovedFeedParser error handling throws on empty feed content" time="0.011">
    </testcase>
    <testcase classname="ImprovedFeedParser error handling throws on null/undefined content" name="ImprovedFeedParser error handling throws on null/undefined content" time="0">
    </testcase>
    <testcase classname="ImprovedFeedParser error handling throws on completely invalid XML" name="ImprovedFeedParser error handling throws on completely invalid XML" time="0.002">
    </testcase>
    <testcase classname="ImprovedFeedParser error handling handles malformed XML with partial recovery" name="ImprovedFeedParser error handling handles malformed XML with partial recovery" time="0.001">
    </testcase>
    <testcase classname="ImprovedFeedParser error handling handles empty valid XML structure" name="ImprovedFeedParser error handling handles empty valid XML structure" time="0">
    </testcase>
    <testcase classname="ImprovedFeedParser preprocessing adds missing XML declaration" name="ImprovedFeedParser preprocessing adds missing XML declaration" time="0">
    </testcase>
    <testcase classname="ImprovedFeedParser preprocessing handles feeds missing namespace declarations" name="ImprovedFeedParser preprocessing handles feeds missing namespace declarations" time="0.001">
    </testcase>
    <testcase classname="ImprovedFeedParser preprocessing extracts RSS content from HTML wrapper" name="ImprovedFeedParser preprocessing extracts RSS content from HTML wrapper" time="0.001">
    </testcase>
    <testcase classname="ImprovedFeedParser preprocessing handles multiple XML declarations" name="ImprovedFeedParser preprocessing handles multiple XML declarations" time="0.001">
    </testcase>
    <testcase classname="ImprovedFeedParser preprocessing handles channel without rss wrapper" name="ImprovedFeedParser preprocessing handles channel without rss wrapper" time="0">
    </testcase>
    <testcase classname="ImprovedFeedParser preprocessing wraps non-CDATA descriptions in CDATA" name="ImprovedFeedParser preprocessing wraps non-CDATA descriptions in CDATA" time="0.001">
    </testcase>
    <testcase classname="ImprovedFeedParser performance parses large feeds (100 items) within reasonable time" name="ImprovedFeedParser performance parses large feeds (100 items) within reasonable time" time="0.022">
    </testcase>
    <testcase classname="ImprovedFeedParser performance parses medium feeds (50 items) quickly" name="ImprovedFeedParser performance parses medium feeds (50 items) quickly" time="0.007">
    </testcase>
    <testcase classname="ImprovedFeedParser namespace handling handles feeds with namespace prefixes on all elements" name="ImprovedFeedParser namespace handling handles feeds with namespace prefixes on all elements" time="0">
    </testcase>
    <testcase classname="ImprovedFeedParser namespace handling handles dc:subject as categories" name="ImprovedFeedParser namespace handling handles dc:subject as categories" time="0.001">
    </testcase>
    <testcase classname="ImprovedFeedParser HTML content handling handles HTML in titles (CDATA wrapped)" name="ImprovedFeedParser HTML content handling handles HTML in titles (CDATA wrapped)" time="0.001">
    </testcase>
    <testcase classname="ImprovedFeedParser HTML content handling handles encoded HTML entities in content" name="ImprovedFeedParser HTML content handling handles encoded HTML entities in content" time="0">
    </testcase>
    <testcase classname="ImprovedFeedParser debug mode runs without error when debug mode is enabled" name="ImprovedFeedParser debug mode runs without error when debug mode is enabled" time="0.012">
    </testcase>
    <testcase classname="ImprovedFeedParser entity handling (ST-003-03) decodes standard XML entities in titles" name="ImprovedFeedParser entity handling (ST-003-03) decodes standard XML entities in titles" time="0.004">
    </testcase>
    <testcase classname="ImprovedFeedParser entity handling (ST-003-03) decodes decimal numeric entities" name="ImprovedFeedParser entity handling (ST-003-03) decodes decimal numeric entities" time="0.003">
    </testcase>
    <testcase classname="ImprovedFeedParser entity handling (ST-003-03) decodes hexadecimal numeric entities" name="ImprovedFeedParser entity handling (ST-003-03) decodes hexadecimal numeric entities" time="0.004">
    </testcase>
    <testcase classname="ImprovedFeedParser entity handling (ST-003-03) decodes Norwegian character entities" name="ImprovedFeedParser entity handling (ST-003-03) decodes Norwegian character entities" time="0.003">
    </testcase>
    <testcase classname="ImprovedFeedParser entity handling (ST-003-03) decodes HTML named entities (typography)" name="ImprovedFeedParser entity handling (ST-003-03) decodes HTML named entities (typography)" time="0.006">
    </testcase>
    <testcase classname="ImprovedFeedParser entity handling (ST-003-03) decodes currency entities" name="ImprovedFeedParser entity handling (ST-003-03) decodes currency entities" time="0.006">
    </testcase>
    <testcase classname="ImprovedFeedParser entity handling (ST-003-03) decodes symbol entities" name="ImprovedFeedParser entity handling (ST-003-03) decodes symbol entities" time="0.004">
    </testcase>
    <testcase classname="ImprovedFeedParser entity handling (ST-003-03) decodes math symbol entities" name="ImprovedFeedParser entity handling (ST-003-03) decodes math symbol entities" time="0.004">
    </testcase>
    <testcase classname="ImprovedFeedParser entity handling (ST-003-03) handles double-encoded entities" name="ImprovedFeedParser entity handling (ST-003-03) handles double-encoded entities" time="0.002">
    </testcase>
    <testcase classname="ImprovedFeedParser entity handling (ST-003-03) decodes double-encoded HTML in descriptions" name="ImprovedFeedParser entity handling (ST-003-03) decodes double-encoded HTML in descriptions" time="0.002">
    </testcase>
    <testcase classname="ImprovedFeedParser entity handling (ST-003-03) handles triple-encoded entities" name="ImprovedFeedParser entity handling (ST-003-03) handles triple-encoded entities" time="0.003">
    </testcase>
    <testcase classname="ImprovedFeedParser entity handling (ST-003-03) handles CDATA with entities in descriptions" name="ImprovedFeedParser entity handling (ST-003-03) handles CDATA with entities in descriptions" time="0.002">
    </testcase>
    <testcase classname="ImprovedFeedParser entity handling (ST-003-03) decodes entities in description with CDATA and HTML named entities" name="ImprovedFeedParser entity handling (ST-003-03) decodes entities in description with CDATA and HTML named entities" time="0.002">
    </testcase>
    <testcase classname="ImprovedFeedParser entity handling (ST-003-03) decodes non-breaking space entity" name="ImprovedFeedParser entity handling (ST-003-03) decodes non-breaking space entity" time="0.003">
    </testcase>
    <testcase classname="ImprovedFeedParser entity handling (ST-003-03) preserves regular ampersands followed by spaces" name="ImprovedFeedParser entity handling (ST-003-03) preserves regular ampersands followed by spaces" time="0.002">
    </testcase>
    <testcase classname="ImprovedFeedParser entity handling (ST-003-03) decodes entities in descriptions" name="ImprovedFeedParser entity handling (ST-003-03) decodes entities in descriptions" time="0.003">
    </testcase>
    <testcase classname="ImprovedFeedParser entity handling (ST-003-03) decodes entities in Atom feed content" name="ImprovedFeedParser entity handling (ST-003-03) decodes entities in Atom feed content" time="0.004">
    </testcase>
    <testcase classname="ImprovedFeedParser JSON Feed support parses JSON Feed v1.1 correctly" name="ImprovedFeedParser JSON Feed support parses JSON Feed v1.1 correctly" time="0">
    </testcase>
    <testcase classname="ImprovedFeedParser JSON Feed support parses JSON Feed v1.0 correctly" name="ImprovedFeedParser JSON Feed support parses JSON Feed v1.0 correctly" time="0.001">
    </testcase>
    <testcase classname="ImprovedFeedParser JSON Feed support handles minimal JSON Feed" name="ImprovedFeedParser JSON Feed support handles minimal JSON Feed" time="0">
    </testcase>
    <testcase classname="ImprovedFeedParser JSON Feed support extracts image from JSON Feed item" name="ImprovedFeedParser JSON Feed support extracts image from JSON Feed item" time="0.001">
    </testcase>
    <testcase classname="ImprovedFeedParser JSON Feed support extracts author from JSON Feed" name="ImprovedFeedParser JSON Feed support extracts author from JSON Feed" time="0">
    </testcase>
    <testcase classname="ImprovedFeedParser JSON Feed support extracts tags as categories from JSON Feed" name="ImprovedFeedParser JSON Feed support extracts tags as categories from JSON Feed" time="0.001">
    </testcase>
    <testcase classname="ImprovedFeedParser JSON Feed support extracts date_published from JSON Feed" name="ImprovedFeedParser JSON Feed support extracts date_published from JSON Feed" time="0">
    </testcase>
    <testcase classname="ImprovedFeedParser JSON Feed support uses fallback image for items without images" name="ImprovedFeedParser JSON Feed support uses fallback image for items without images" time="0.001">
    </testcase>
    <testcase classname="ImprovedFeedParser JSON Feed support prefers content_html over content_text" name="ImprovedFeedParser JSON Feed support prefers content_html over content_text" time="0">
    </testcase>
    <testcase classname="ImprovedFeedParser JSON Feed support uses content_text when content_html is not available" name="ImprovedFeedParser JSON Feed support uses content_text when content_html is not available" time="0.001">
    </testcase>
    <testcase classname="ImprovedFeedParser JSON Feed support applies maxItems limit to JSON Feed" name="ImprovedFeedParser JSON Feed support applies maxItems limit to JSON Feed" time="0">
    </testcase>
    <testcase classname="ImprovedFeedParser JSON Feed support throws on invalid JSON" name="ImprovedFeedParser JSON Feed support throws on invalid JSON" time="0.004">
    </testcase>
    <testcase classname="ImprovedFeedParser JSON Feed support does not treat non-JSON Feed JSON as JSON Feed" name="ImprovedFeedParser JSON Feed support does not treat non-JSON Feed JSON as JSON Feed" time="0.002">
    </testcase>
  </testsuite>
  <testsuite name="validateUrlFormat" errors="0" failures="0" skipped="0" timestamp="2025-12-01T00:24:31" time="0.43" tests="40">
    <testcase classname="validateUrlFormat should reject empty URL" name="validateUrlFormat should reject empty URL" time="0">
    </testcase>
    <testcase classname="validateUrlFormat should reject whitespace-only URL" name="validateUrlFormat should reject whitespace-only URL" time="0">
    </testcase>
    <testcase classname="validateUrlFormat should reject URL without protocol" name="validateUrlFormat should reject URL without protocol" time="0.001">
    </testcase>
    <testcase classname="validateUrlFormat should accept valid HTTPS URL" name="validateUrlFormat should accept valid HTTPS URL" time="0">
    </testcase>
    <testcase classname="validateUrlFormat should accept valid HTTP URL" name="validateUrlFormat should accept valid HTTP URL" time="0">
    </testcase>
    <testcase classname="validateUrlFormat should reject invalid hostname" name="validateUrlFormat should reject invalid hostname" time="0">
    </testcase>
    <testcase classname="validateUrlFormat should warn about localhost URLs" name="validateUrlFormat should warn about localhost URLs" time="0">
    </testcase>
    <testcase classname="validateUrlFormat should suggest feed path when not obvious" name="validateUrlFormat should suggest feed path when not obvious" time="0">
    </testcase>
    <testcase classname="validateUrlFormat should not suggest for common feed patterns" name="validateUrlFormat should not suggest for common feed patterns" time="0.001">
    </testcase>
    <testcase classname="validateUrlFormat should reject malformed URL" name="validateUrlFormat should reject malformed URL" time="0">
    </testcase>
    <testcase classname="FeedValidator Component Rendering should render input with label" name="FeedValidator Component Rendering should render input with label" time="0.014">
    </testcase>
    <testcase classname="FeedValidator Component Rendering should render custom label" name="FeedValidator Component Rendering should render custom label" time="0.002">
    </testcase>
    <testcase classname="FeedValidator Component Rendering should render test button" name="FeedValidator Component Rendering should render test button" time="0.015">
    </testcase>
    <testcase classname="FeedValidator Component Rendering should render with initial URL" name="FeedValidator Component Rendering should render with initial URL" time="0.004">
    </testcase>
    <testcase classname="FeedValidator Component Rendering should be disabled when disabled prop is true" name="FeedValidator Component Rendering should be disabled when disabled prop is true" time="0.006">
    </testcase>
    <testcase classname="FeedValidator Component URL Input should call onUrlChange when typing" name="FeedValidator Component URL Input should call onUrlChange when typing" time="0.046">
    </testcase>
    <testcase classname="FeedValidator Component URL Input should show error for invalid URL format" name="FeedValidator Component URL Input should show error for invalid URL format" time="0.003">
    </testcase>
    <testcase classname="FeedValidator Component URL Input should show suggestion for non-feed URL" name="FeedValidator Component URL Input should show suggestion for non-feed URL" time="0.001">
    </testcase>
    <testcase classname="FeedValidator Component URL Input should not show error for valid URL" name="FeedValidator Component URL Input should not show error for valid URL" time="0.002">
    </testcase>
    <testcase classname="FeedValidator Component Test Button should be disabled when URL is empty" name="FeedValidator Component Test Button should be disabled when URL is empty" time="0.003">
    </testcase>
    <testcase classname="FeedValidator Component Test Button should be disabled when URL is invalid" name="FeedValidator Component Test Button should be disabled when URL is invalid" time="0.003">
    </testcase>
    <testcase classname="FeedValidator Component Test Button should be enabled when URL is valid" name="FeedValidator Component Test Button should be enabled when URL is valid" time="0.003">
    </testcase>
    <testcase classname="FeedValidator Component Validation State Changes should call onValidationChange when validation starts" name="FeedValidator Component Validation State Changes should call onValidationChange when validation starts" time="0.005">
    </testcase>
    <testcase classname="FeedValidator Component Validation State Changes should show validating state when testing" name="FeedValidator Component Validation State Changes should show validating state when testing" time="0.003">
    </testcase>
    <testcase classname="FeedValidator Component Successful Validation should show valid state on success" name="FeedValidator Component Successful Validation should show valid state on success" time="0.006">
    </testcase>
    <testcase classname="FeedValidator Component Successful Validation should show feed title when available" name="FeedValidator Component Successful Validation should show feed title when available" time="0.005">
    </testcase>
    <testcase classname="FeedValidator Component Failed Validation should show error on HTTP failure" name="FeedValidator Component Failed Validation should show error on HTTP failure" time="0.005">
    </testcase>
    <testcase classname="FeedValidator Component Failed Validation should show error on network failure" name="FeedValidator Component Failed Validation should show error on network failure" time="0.011">
    </testcase>
    <testcase classname="FeedValidator Component Proxy Fallback should try proxy when direct fetch fails" name="FeedValidator Component Proxy Fallback should try proxy when direct fetch fails" time="0.004">
    </testcase>
    <testcase classname="FeedValidator Component Proxy Fallback should show warning when proxy was needed" name="FeedValidator Component Proxy Fallback should show warning when proxy was needed" time="0.004">
    </testcase>
    <testcase classname="FeedValidator Component Blur Validation should validate on blur when enabled" name="FeedValidator Component Blur Validation should validate on blur when enabled" time="0.004">
    </testcase>
    <testcase classname="FeedValidator Component Blur Validation should not validate on blur when disabled" name="FeedValidator Component Blur Validation should not validate on blur when disabled" time="0.002">
    </testcase>
    <testcase classname="FeedValidator Component Accessibility should have accessible input with label" name="FeedValidator Component Accessibility should have accessible input with label" time="0.001">
    </testcase>
    <testcase classname="FeedValidator Component Accessibility should mark input as invalid when error exists" name="FeedValidator Component Accessibility should mark input as invalid when error exists" time="0.002">
    </testcase>
    <testcase classname="FeedValidator Component Accessibility should have aria-describedby for errors" name="FeedValidator Component Accessibility should have aria-describedby for errors" time="0.001">
    </testcase>
    <testcase classname="FeedValidator Component Accessibility should use live region for status updates" name="FeedValidator Component Accessibility should use live region for status updates" time="0.006">
    </testcase>
    <testcase classname="useFeedUrlValidation Hook should initialize with empty URL as invalid" name="useFeedUrlValidation Hook should initialize with empty URL as invalid" time="0.001">
    </testcase>
    <testcase classname="useFeedUrlValidation Hook should validate URL on change" name="useFeedUrlValidation Hook should validate URL on change" time="0.051">
    </testcase>
    <testcase classname="useFeedUrlValidation Hook should show error for invalid URL" name="useFeedUrlValidation Hook should show error for invalid URL" time="0.026">
    </testcase>
    <testcase classname="useFeedUrlValidation Hook should initialize with provided URL" name="useFeedUrlValidation Hook should initialize with provided URL" time="0">
    </testcase>
  </testsuite>
  <testsuite name="GalleryLayout" errors="0" failures="0" skipped="0" timestamp="2025-12-01T00:24:31" time="0.248" tests="55">
    <testcase classname="GalleryLayout Rendering renders gallery grid with items" name="GalleryLayout Rendering renders gallery grid with items" time="0.018">
    </testcase>
    <testcase classname="GalleryLayout Rendering renders item images" name="GalleryLayout Rendering renders item images" time="0.021">
    </testcase>
    <testcase classname="GalleryLayout Rendering renders item titles" name="GalleryLayout Rendering renders item titles" time="0.005">
    </testcase>
    <testcase classname="GalleryLayout Rendering renders empty state when no items" name="GalleryLayout Rendering renders empty state when no items" time="0.001">
    </testcase>
    <testcase classname="GalleryLayout Rendering filters out items without images by default" name="GalleryLayout Rendering filters out items without images by default" time="0.001">
    </testcase>
    <testcase classname="GalleryLayout Rendering shows items without images when filterNoImages is false" name="GalleryLayout Rendering shows items without images when filterNoImages is false" time="0.002">
    </testcase>
    <testcase classname="GalleryLayout Fallback Images uses fallback image for items without images" name="GalleryLayout Fallback Images uses fallback image for items without images" time="0.002">
    </testcase>
    <testcase classname="GalleryLayout Fallback Images forces fallback image when forceFallback is true" name="GalleryLayout Fallback Images forces fallback image when forceFallback is true" time="0.011">
    </testcase>
    <testcase classname="GalleryLayout Title Display shows titles below when showTitles=&quot;below&quot;" name="GalleryLayout Title Display shows titles below when showTitles=&quot;below&quot;" time="0.004">
    </testcase>
    <testcase classname="GalleryLayout Title Display shows titles on hover when showTitles=&quot;hover&quot;" name="GalleryLayout Title Display shows titles on hover when showTitles=&quot;hover&quot;" time="0.004">
    </testcase>
    <testcase classname="GalleryLayout Title Display hides titles when showTitles=&quot;none&quot;" name="GalleryLayout Title Display hides titles when showTitles=&quot;none&quot;" time="0.002">
    </testcase>
    <testcase classname="GalleryLayout Interactions opens link on item click" name="GalleryLayout Interactions opens link on item click" time="0.004">
    </testcase>
    <testcase classname="GalleryLayout Interactions calls onItemClick callback when provided" name="GalleryLayout Interactions calls onItemClick callback when provided" time="0.005">
    </testcase>
    <testcase classname="GalleryLayout Interactions opens link on Enter key" name="GalleryLayout Interactions opens link on Enter key" time="0.006">
    </testcase>
    <testcase classname="GalleryLayout Interactions opens link on Space key" name="GalleryLayout Interactions opens link on Space key" time="0.004">
    </testcase>
    <testcase classname="GalleryLayout Accessibility has role=&quot;link&quot; on gallery items" name="GalleryLayout Accessibility has role=&quot;link&quot; on gallery items" time="0.005">
    </testcase>
    <testcase classname="GalleryLayout Accessibility has tabIndex for keyboard navigation" name="GalleryLayout Accessibility has tabIndex for keyboard navigation" time="0.003">
    </testcase>
    <testcase classname="GalleryLayout Accessibility has aria-label with item title" name="GalleryLayout Accessibility has aria-label with item title" time="0.004">
    </testcase>
    <testcase classname="GalleryLayout Accessibility has alt text on images" name="GalleryLayout Accessibility has alt text on images" time="0.011">
    </testcase>
    <testcase classname="GalleryLayout Loading State shows skeleton when loading" name="GalleryLayout Loading State shows skeleton when loading" time="0.001">
    </testcase>
    <testcase classname="GalleryLayout Loading State shows correct number of skeleton items" name="GalleryLayout Loading State shows correct number of skeleton items" time="0.001">
    </testcase>
    <testcase classname="GalleryLayout Column Settings applies auto columns by default" name="GalleryLayout Column Settings applies auto columns by default" time="0.003">
    </testcase>
    <testcase classname="GalleryLayout Column Settings applies fixed 2 columns" name="GalleryLayout Column Settings applies fixed 2 columns" time="0.003">
    </testcase>
    <testcase classname="GalleryLayout Column Settings applies fixed 3 columns" name="GalleryLayout Column Settings applies fixed 3 columns" time="0.002">
    </testcase>
    <testcase classname="GalleryLayout Column Settings applies fixed 4 columns" name="GalleryLayout Column Settings applies fixed 4 columns" time="0.003">
    </testcase>
    <testcase classname="GalleryLayout Aspect Ratios renders with 1:1 aspect ratio" name="GalleryLayout Aspect Ratios renders with 1:1 aspect ratio" time="0.005">
    </testcase>
    <testcase classname="GalleryLayout Aspect Ratios renders with 4:3 aspect ratio" name="GalleryLayout Aspect Ratios renders with 4:3 aspect ratio" time="0.004">
    </testcase>
    <testcase classname="GalleryLayout Aspect Ratios renders with 16:9 aspect ratio" name="GalleryLayout Aspect Ratios renders with 16:9 aspect ratio" time="0.003">
    </testcase>
    <testcase classname="GalleryLayout Gap Settings renders with small gap" name="GalleryLayout Gap Settings renders with small gap" time="0.002">
    </testcase>
    <testcase classname="GalleryLayout Gap Settings renders with medium gap" name="GalleryLayout Gap Settings renders with medium gap" time="0.002">
    </testcase>
    <testcase classname="GalleryLayout Gap Settings renders with large gap" name="GalleryLayout Gap Settings renders with large gap" time="0.003">
    </testcase>
    <testcase classname="GalleryLayout Props Integration passes className to container" name="GalleryLayout Props Integration passes className to container" time="0.005">
    </testcase>
    <testcase classname="GalleryLayout Props Integration uses custom testId" name="GalleryLayout Props Integration uses custom testId" time="0.003">
    </testcase>
    <testcase classname="GalleryLayout Inverted Theme (Strong Background) applies inverted class to gallery items when isInverted is true" name="GalleryLayout Inverted Theme (Strong Background) applies inverted class to gallery items when isInverted is true" time="0.002">
    </testcase>
    <testcase classname="GalleryLayout Inverted Theme (Strong Background) does not apply inverted class when isInverted is false" name="GalleryLayout Inverted Theme (Strong Background) does not apply inverted class when isInverted is false" time="0.002">
    </testcase>
    <testcase classname="GalleryLayout Inverted Theme (Strong Background) applies inverted class to title-below variant" name="GalleryLayout Inverted Theme (Strong Background) applies inverted class to title-below variant" time="0.003">
    </testcase>
    <testcase classname="GalleryLayout Display Settings showDate prop shows date in hover overlay when showDate is true and showTitles=&quot;hover&quot;" name="GalleryLayout Display Settings showDate prop shows date in hover overlay when showDate is true and showTitles=&quot;hover&quot;" time="0.002">
    </testcase>
    <testcase classname="GalleryLayout Display Settings showDate prop hides date in hover overlay when showDate is false" name="GalleryLayout Display Settings showDate prop hides date in hover overlay when showDate is false" time="0">
    </testcase>
    <testcase classname="GalleryLayout Display Settings showDate prop shows date below image when showDate is true and showTitles=&quot;below&quot;" name="GalleryLayout Display Settings showDate prop shows date below image when showDate is true and showTitles=&quot;below&quot;" time="0.001">
    </testcase>
    <testcase classname="GalleryLayout Display Settings showDate prop hides date below image when showDate is false" name="GalleryLayout Display Settings showDate prop hides date below image when showDate is false" time="0.001">
    </testcase>
    <testcase classname="GalleryLayout Display Settings showDescription prop shows description in hover overlay when showDescription is true" name="GalleryLayout Display Settings showDescription prop shows description in hover overlay when showDescription is true" time="0.003">
    </testcase>
    <testcase classname="GalleryLayout Display Settings showDescription prop hides description when showDescription is false" name="GalleryLayout Display Settings showDescription prop hides description when showDescription is false" time="0.001">
    </testcase>
    <testcase classname="GalleryLayout Display Settings showDescription prop shows description below image when showTitles=&quot;below&quot; and showDescription is true" name="GalleryLayout Display Settings showDescription prop shows description below image when showTitles=&quot;below&quot; and showDescription is true" time="0.001">
    </testcase>
    <testcase classname="GalleryLayout Display Settings showSource prop shows source in hover overlay when showSource is true" name="GalleryLayout Display Settings showSource prop shows source in hover overlay when showSource is true" time="0.001">
    </testcase>
    <testcase classname="GalleryLayout Display Settings showSource prop hides source when showSource is false" name="GalleryLayout Display Settings showSource prop hides source when showSource is false" time="0.001">
    </testcase>
    <testcase classname="GalleryLayout Display Settings showSource prop shows source below image when showTitles=&quot;below&quot; and showSource is true" name="GalleryLayout Display Settings showSource prop shows source below image when showTitles=&quot;below&quot; and showSource is true" time="0.001">
    </testcase>
    <testcase classname="GalleryLayout Display Settings combined display props shows date, source and description together when all enabled" name="GalleryLayout Display Settings combined display props shows date, source and description together when all enabled" time="0.001">
    </testcase>
    <testcase classname="GalleryLayout Display Settings combined display props shows only title when all display props are false" name="GalleryLayout Display Settings combined display props shows only title when all display props are false" time="0">
    </testcase>
    <testcase classname="GalleryLayout HTML Stripping in Description strips HTML paragraph tags from description in hover overlay" name="GalleryLayout HTML Stripping in Description strips HTML paragraph tags from description in hover overlay" time="0.002">
    </testcase>
    <testcase classname="GalleryLayout HTML Stripping in Description strips HTML paragraph tags from description below image" name="GalleryLayout HTML Stripping in Description strips HTML paragraph tags from description below image" time="0.001">
    </testcase>
    <testcase classname="GalleryLayout HTML Stripping in Description strips multiple HTML tags from description" name="GalleryLayout HTML Stripping in Description strips multiple HTML tags from description" time="0.001">
    </testcase>
    <testcase classname="GalleryLayout HTML Stripping in Description handles description with only plain text (no HTML)" name="GalleryLayout HTML Stripping in Description handles description with only plain text (no HTML)" time="0.001">
    </testcase>
    <testcase classname="GalleryLayout HTML Stripping in Description handles empty description" name="GalleryLayout HTML Stripping in Description handles empty description" time="0.001">
    </testcase>
    <testcase classname="GalleryLayout HTML Stripping in Description handles undefined description" name="GalleryLayout HTML Stripping in Description handles undefined description" time="0">
    </testcase>
    <testcase classname="GalleryLayout HTML Stripping in Description strips HTML from description that matches sentralregisteret.no feed format" name="GalleryLayout HTML Stripping in Description strips HTML from description that matches sentralregisteret.no feed format" time="0.001">
    </testcase>
  </testsuite>
  <testsuite name="RssDebugUtils" errors="0" failures="0" skipped="0" timestamp="2025-12-01T00:24:31" time="0.23" tests="28">
    <testcase classname="RssDebugUtils Debug Mode should start with debug mode disabled" name="RssDebugUtils Debug Mode should start with debug mode disabled" time="0">
    </testcase>
    <testcase classname="RssDebugUtils Debug Mode should enable debug mode" name="RssDebugUtils Debug Mode should enable debug mode" time="0.001">
    </testcase>
    <testcase classname="RssDebugUtils Debug Mode should disable debug mode" name="RssDebugUtils Debug Mode should disable debug mode" time="0">
    </testcase>
    <testcase classname="RssDebugUtils Logging should not log when debug mode is disabled" name="RssDebugUtils Logging should not log when debug mode is disabled" time="0">
    </testcase>
    <testcase classname="RssDebugUtils Logging should log when debug mode is enabled" name="RssDebugUtils Logging should log when debug mode is enabled" time="0">
    </testcase>
    <testcase classname="RssDebugUtils Warning should not warn when debug mode is disabled" name="RssDebugUtils Warning should not warn when debug mode is disabled" time="0">
    </testcase>
    <testcase classname="RssDebugUtils Warning should warn when debug mode is enabled" name="RssDebugUtils Warning should warn when debug mode is enabled" time="0">
    </testcase>
    <testcase classname="RssDebugUtils Error should not log errors when debug mode is disabled" name="RssDebugUtils Error should not log errors when debug mode is disabled" time="0">
    </testcase>
    <testcase classname="RssDebugUtils Error should log errors when debug mode is enabled" name="RssDebugUtils Error should log errors when debug mode is enabled" time="0">
    </testcase>
    <testcase classname="RssDebugUtils Debug Console XSS Prevention should create debug console when debug mode is enabled" name="RssDebugUtils Debug Console XSS Prevention should create debug console when debug mode is enabled" time="0.003">
    </testcase>
    <testcase classname="RssDebugUtils Debug Console XSS Prevention should not create debug console when debug mode is disabled" name="RssDebugUtils Debug Console XSS Prevention should not create debug console when debug mode is disabled" time="0">
    </testcase>
    <testcase classname="RssDebugUtils Debug Console XSS Prevention should escape HTML in log messages to prevent XSS" name="RssDebugUtils Debug Console XSS Prevention should escape HTML in log messages to prevent XSS" time="0.01">
    </testcase>
    <testcase classname="RssDebugUtils Debug Console XSS Prevention should escape event handlers in log messages" name="RssDebugUtils Debug Console XSS Prevention should escape event handlers in log messages" time="0.001">
    </testcase>
    <testcase classname="RssDebugUtils Debug Console XSS Prevention should escape javascript: URLs in log messages" name="RssDebugUtils Debug Console XSS Prevention should escape javascript: URLs in log messages" time="0.001">
    </testcase>
    <testcase classname="RssDebugUtils Debug Console XSS Prevention should preserve safe text content in log messages" name="RssDebugUtils Debug Console XSS Prevention should preserve safe text content in log messages" time="0.001">
    </testcase>
    <testcase classname="RssDebugUtils Debug Console XSS Prevention should handle special characters without encoding issues" name="RssDebugUtils Debug Console XSS Prevention should handle special characters without encoding issues" time="0">
    </testcase>
    <testcase classname="RssDebugUtils Element Debug String should convert element to debug string" name="RssDebugUtils Element Debug String should convert element to debug string" time="0.001">
    </testcase>
    <testcase classname="RssDebugUtils Element Debug String should handle elements with children" name="RssDebugUtils Element Debug String should handle elements with children" time="0">
    </testcase>
    <testcase classname="RssDebugUtils Element Debug String should respect maxDepth limit" name="RssDebugUtils Element Debug String should respect maxDepth limit" time="0">
    </testcase>
    <testcase classname="RssDebugUtils Feed Analysis should analyze feed with items" name="RssDebugUtils Feed Analysis should analyze feed with items" time="0">
    </testcase>
    <testcase classname="RssDebugUtils Feed Analysis should handle empty feed" name="RssDebugUtils Feed Analysis should handle empty feed" time="0">
    </testcase>
    <testcase classname="RssDebugUtils debugRssItem Performance (REF-021-04) should call getElementsByTagName only once (cached)" name="RssDebugUtils debugRssItem Performance (REF-021-04) should call getElementsByTagName only once (cached)" time="0.002">
    </testcase>
    <testcase classname="RssDebugUtils debugRssItem Performance (REF-021-04) should return correct debug output with cached elements" name="RssDebugUtils debugRssItem Performance (REF-021-04) should return correct debug output with cached elements" time="0.002">
    </testcase>
    <testcase classname="RssDebugUtils debugRssItem Performance (REF-021-04) should find all media elements correctly" name="RssDebugUtils debugRssItem Performance (REF-021-04) should find all media elements correctly" time="0.001">
    </testcase>
    <testcase classname="RssDebugUtils debugRssItem Performance (REF-021-04) should find potential image URLs in attributes" name="RssDebugUtils debugRssItem Performance (REF-021-04) should find potential image URLs in attributes" time="0">
    </testcase>
    <testcase classname="RssDebugUtils debugRssItem Performance (REF-021-04) should handle items with no media elements" name="RssDebugUtils debugRssItem Performance (REF-021-04) should handle items with no media elements" time="0">
    </testcase>
    <testcase classname="RssDebugUtils debugRssItem Performance (REF-021-04) should handle null item gracefully" name="RssDebugUtils debugRssItem Performance (REF-021-04) should handle null item gracefully" time="0">
    </testcase>
    <testcase classname="RssDebugUtils debugRssItem Performance (REF-021-04) should perform efficiently with large items (benchmark)" name="RssDebugUtils debugRssItem Performance (REF-021-04) should perform efficiently with large items (benchmark)" time="0.172">
    </testcase>
  </testsuite>
  <testsuite name="RssErrorBoundary" errors="0" failures="0" skipped="0" timestamp="2025-12-01T00:24:31" time="0.147" tests="31">
    <testcase classname="RssErrorBoundary Normal operation should render children when no error occurs" name="RssErrorBoundary Normal operation should render children when no error occurs" time="0.004">
    </testcase>
    <testcase classname="RssErrorBoundary Normal operation should render multiple children" name="RssErrorBoundary Normal operation should render multiple children" time="0.002">
    </testcase>
    <testcase classname="RssErrorBoundary Error handling should catch errors and display error UI" name="RssErrorBoundary Error handling should catch errors and display error UI" time="0.022">
    </testcase>
    <testcase classname="RssErrorBoundary Error handling should display error message" name="RssErrorBoundary Error handling should display error message" time="0.002">
    </testcase>
    <testcase classname="RssErrorBoundary Error handling should display error code" name="RssErrorBoundary Error handling should display error code" time="0.002">
    </testcase>
    <testcase classname="RssErrorBoundary Error handling should call onError callback when error occurs" name="RssErrorBoundary Error handling should call onError callback when error occurs" time="0.001">
    </testcase>
    <testcase classname="RssErrorBoundary Error handling should include feedUrl in error context" name="RssErrorBoundary Error handling should include feedUrl in error context" time="0.001">
    </testcase>
    <testcase classname="RssErrorBoundary Error classification should classify CORS errors correctly" name="RssErrorBoundary Error classification should classify CORS errors correctly" time="0.001">
    </testcase>
    <testcase classname="RssErrorBoundary Error classification should classify timeout errors correctly" name="RssErrorBoundary Error classification should classify timeout errors correctly" time="0.001">
    </testcase>
    <testcase classname="RssErrorBoundary Error classification should classify XML parsing errors correctly" name="RssErrorBoundary Error classification should classify XML parsing errors correctly" time="0.002">
    </testcase>
    <testcase classname="RssErrorBoundary Retry mechanism should show retry button for retryable errors" name="RssErrorBoundary Retry mechanism should show retry button for retryable errors" time="0.006">
    </testcase>
    <testcase classname="RssErrorBoundary Retry mechanism should reset error state on retry" name="RssErrorBoundary Retry mechanism should reset error state on retry" time="0.008">
    </testcase>
    <testcase classname="RssErrorBoundary Retry mechanism should show retry button enabled initially" name="RssErrorBoundary Retry mechanism should show retry button enabled initially" time="0.003">
    </testcase>
    <testcase classname="RssErrorBoundary Auto-retry should schedule auto-retry for retryable errors when enabled" name="RssErrorBoundary Auto-retry should schedule auto-retry for retryable errors when enabled" time="0.002">
    </testcase>
    <testcase classname="RssErrorBoundary Auto-retry should not schedule auto-retry when disabled" name="RssErrorBoundary Auto-retry should not schedule auto-retry when disabled" time="0.001">
    </testcase>
    <testcase classname="RssErrorBoundary Auto-retry should not auto-retry for non-retryable errors" name="RssErrorBoundary Auto-retry should not auto-retry for non-retryable errors" time="0.001">
    </testcase>
    <testcase classname="RssErrorBoundary Auto-retry should countdown before retry" name="RssErrorBoundary Auto-retry should countdown before retry" time="0.002">
    </testcase>
    <testcase classname="RssErrorBoundary Action buttons should render suggested actions" name="RssErrorBoundary Action buttons should render suggested actions" time="0.003">
    </testcase>
    <testcase classname="RssErrorBoundary Action buttons should call onAction callback when action is clicked" name="RssErrorBoundary Action buttons should call onAction callback when action is clicked" time="0.006">
    </testcase>
    <testcase classname="RssErrorBoundary Action buttons should render primary action button" name="RssErrorBoundary Action buttons should render primary action button" time="0.003">
    </testcase>
    <testcase classname="RssErrorBoundary Custom fallback should use custom fallback when provided" name="RssErrorBoundary Custom fallback should use custom fallback when provided" time="0.001">
    </testcase>
    <testcase classname="RssErrorBoundary Custom fallback should pass retry function to custom fallback" name="RssErrorBoundary Custom fallback should pass retry function to custom fallback" time="0.003">
    </testcase>
    <testcase classname="RssErrorBoundary Error severity display should show warning icon for warning severity" name="RssErrorBoundary Error severity display should show warning icon for warning severity" time="0.002">
    </testcase>
    <testcase classname="RssErrorBoundary Error severity display should show error icon for error severity" name="RssErrorBoundary Error severity display should show error icon for error severity" time="0.001">
    </testcase>
    <testcase classname="RssErrorBoundary Error severity display should show critical icon for critical severity" name="RssErrorBoundary Error severity display should show critical icon for critical severity" time="0.001">
    </testcase>
    <testcase classname="RssErrorBoundary Technical details should show technical details when available" name="RssErrorBoundary Technical details should show technical details when available" time="0.001">
    </testcase>
    <testcase classname="RssErrorBoundary Technical details should include feed URL in error details for onError callback" name="RssErrorBoundary Technical details should include feed URL in error details for onError callback" time="0.001">
    </testcase>
    <testcase classname="RssErrorBoundary Accessibility should have role=&quot;alert&quot; on error container" name="RssErrorBoundary Accessibility should have role=&quot;alert&quot; on error container" time="0.001">
    </testcase>
    <testcase classname="RssErrorBoundary Accessibility should have aria-live=&quot;polite&quot; on error container" name="RssErrorBoundary Accessibility should have aria-live=&quot;polite&quot; on error container" time="0.001">
    </testcase>
    <testcase classname="RssErrorBoundary Accessibility should have aria-hidden on icons" name="RssErrorBoundary Accessibility should have aria-hidden on icons" time="0.001">
    </testcase>
    <testcase classname="RssErrorBoundary Cleanup should clear timers on unmount" name="RssErrorBoundary Cleanup should clear timers on unmount" time="0.002">
    </testcase>
  </testsuite>
  <testsuite name="IndexedDBCache" errors="0" failures="0" skipped="0" timestamp="2025-12-01T00:24:31" time="0.145" tests="36">
    <testcase classname="IndexedDBCache initialization should initialize successfully" name="IndexedDBCache initialization should initialize successfully" time="0.002">
    </testcase>
    <testcase classname="IndexedDBCache initialization should return same promise if called multiple times" name="IndexedDBCache initialization should return same promise if called multiple times" time="0">
    </testcase>
    <testcase classname="IndexedDBCache initialization should report availability after initialization" name="IndexedDBCache initialization should report availability after initialization" time="0.001">
    </testcase>
    <testcase classname="IndexedDBCache initialization should accept custom timeout option" name="IndexedDBCache initialization should accept custom timeout option" time="0">
    </testcase>
    <testcase classname="IndexedDBCache CRUD operations set and get should store and retrieve an entry" name="IndexedDBCache CRUD operations set and get should store and retrieve an entry" time="0.001">
    </testcase>
    <testcase classname="IndexedDBCache CRUD operations set and get should return null for non-existent key" name="IndexedDBCache CRUD operations set and get should return null for non-existent key" time="0">
    </testcase>
    <testcase classname="IndexedDBCache CRUD operations set and get should overwrite existing entry with same key" name="IndexedDBCache CRUD operations set and get should overwrite existing entry with same key" time="0.001">
    </testcase>
    <testcase classname="IndexedDBCache CRUD operations set and get should update lastAccessed on get" name="IndexedDBCache CRUD operations set and get should update lastAccessed on get" time="0.066">
    </testcase>
    <testcase classname="IndexedDBCache CRUD operations delete should delete an existing entry" name="IndexedDBCache CRUD operations delete should delete an existing entry" time="0.01">
    </testcase>
    <testcase classname="IndexedDBCache CRUD operations delete should return true even for non-existent key" name="IndexedDBCache CRUD operations delete should return true even for non-existent key" time="0.003">
    </testcase>
    <testcase classname="IndexedDBCache CRUD operations getAll should return all entries" name="IndexedDBCache CRUD operations getAll should return all entries" time="0.001">
    </testcase>
    <testcase classname="IndexedDBCache CRUD operations getAll should return empty array when cache is empty" name="IndexedDBCache CRUD operations getAll should return empty array when cache is empty" time="0.002">
    </testcase>
    <testcase classname="IndexedDBCache CRUD operations getAllKeys should return all keys" name="IndexedDBCache CRUD operations getAllKeys should return all keys" time="0.001">
    </testcase>
    <testcase classname="IndexedDBCache CRUD operations clear should remove all entries" name="IndexedDBCache CRUD operations clear should remove all entries" time="0.001">
    </testcase>
    <testcase classname="IndexedDBCache CRUD operations count should return correct count" name="IndexedDBCache CRUD operations count should return correct count" time="0.001">
    </testcase>
    <testcase classname="IndexedDBCache expiration handling should identify expired entries" name="IndexedDBCache expiration handling should identify expired entries" time="0.001">
    </testcase>
    <testcase classname="IndexedDBCache expiration handling should delete expired entries" name="IndexedDBCache expiration handling should delete expired entries" time="0.001">
    </testcase>
    <testcase classname="IndexedDBCache LRU eviction support should get oldest accessed keys" name="IndexedDBCache LRU eviction support should get oldest accessed keys" time="0.002">
    </testcase>
    <testcase classname="IndexedDBCache LRU eviction support should limit results to requested count" name="IndexedDBCache LRU eviction support should limit results to requested count" time="0.001">
    </testcase>
    <testcase classname="IndexedDBCache metadata operations should store and retrieve metadata" name="IndexedDBCache metadata operations should store and retrieve metadata" time="0">
    </testcase>
    <testcase classname="IndexedDBCache metadata operations should store complex metadata objects" name="IndexedDBCache metadata operations should store complex metadata objects" time="0.001">
    </testcase>
    <testcase classname="IndexedDBCache metadata operations should return null for non-existent metadata" name="IndexedDBCache metadata operations should return null for non-existent metadata" time="0">
    </testcase>
    <testcase classname="IndexedDBCache metadata operations should overwrite existing metadata" name="IndexedDBCache metadata operations should overwrite existing metadata" time="0.001">
    </testcase>
    <testcase classname="IndexedDBCache size tracking should calculate total cache size" name="IndexedDBCache size tracking should calculate total cache size" time="0">
    </testcase>
    <testcase classname="IndexedDBCache size tracking should return 0 for empty cache" name="IndexedDBCache size tracking should return 0 for empty cache" time="0">
    </testcase>
    <testcase classname="IndexedDBCache database lifecycle should close database connection" name="IndexedDBCache database lifecycle should close database connection" time="0.001">
    </testcase>
    <testcase classname="IndexedDBCache database lifecycle should delete entire database" name="IndexedDBCache database lifecycle should delete entire database" time="0">
    </testcase>
    <testcase classname="IndexedDBCache error handling should handle operations before initialization" name="IndexedDBCache error handling should handle operations before initialization" time="0.001">
    </testcase>
    <testcase classname="IndexedDBCache error handling should return empty array on error from getAll" name="IndexedDBCache error handling should return empty array on error from getAll" time="0">
    </testcase>
    <testcase classname="IndexedDBCache singleton helpers should return same instance from getIndexedDBCache" name="IndexedDBCache singleton helpers should return same instance from getIndexedDBCache" time="0">
    </testcase>
    <testcase classname="IndexedDBCache singleton helpers should initialize cache with initIndexedDBCache" name="IndexedDBCache singleton helpers should initialize cache with initIndexedDBCache" time="0">
    </testcase>
    <testcase classname="IndexedDBCache edge cases should handle empty feed url" name="IndexedDBCache edge cases should handle empty feed url" time="0">
    </testcase>
    <testcase classname="IndexedDBCache edge cases should handle special characters in key" name="IndexedDBCache edge cases should handle special characters in key" time="0.001">
    </testcase>
    <testcase classname="IndexedDBCache edge cases should handle large content" name="IndexedDBCache edge cases should handle large content" time="0.001">
    </testcase>
    <testcase classname="IndexedDBCache edge cases should handle concurrent operations" name="IndexedDBCache edge cases should handle concurrent operations" time="0">
    </testcase>
    <testcase classname="IndexedDBCache edge cases should handle rapid set/get cycles" name="IndexedDBCache edge cases should handle rapid set/get cycles" time="0.007">
    </testcase>
  </testsuite>
  <testsuite name="BannerCarousel" errors="0" failures="0" skipped="0" timestamp="2025-12-01T00:24:31" time="0.144" tests="30">
    <testcase classname="BannerCarousel Rendering renders with items" name="BannerCarousel Rendering renders with items" time="0.018">
    </testcase>
    <testcase classname="BannerCarousel Rendering renders all items as slides" name="BannerCarousel Rendering renders all items as slides" time="0.002">
    </testcase>
    <testcase classname="BannerCarousel Rendering renders each item with FeedItem component" name="BannerCarousel Rendering renders each item with FeedItem component" time="0.001">
    </testcase>
    <testcase classname="BannerCarousel Rendering renders loading skeleton when isLoading is true" name="BannerCarousel Rendering renders loading skeleton when isLoading is true" time="0.001">
    </testcase>
    <testcase classname="BannerCarousel Rendering renders empty state when items is empty" name="BannerCarousel Rendering renders empty state when items is empty" time="0.001">
    </testcase>
    <testcase classname="BannerCarousel Height variants applies sm height" name="BannerCarousel Height variants applies sm height" time="0.002">
    </testcase>
    <testcase classname="BannerCarousel Height variants applies md height" name="BannerCarousel Height variants applies md height" time="0.001">
    </testcase>
    <testcase classname="BannerCarousel Height variants applies lg height" name="BannerCarousel Height variants applies lg height" time="0.002">
    </testcase>
    <testcase classname="BannerCarousel Height variants defaults to md height" name="BannerCarousel Height variants defaults to md height" time="0.002">
    </testcase>
    <testcase classname="BannerCarousel Navigation renders navigation buttons when showNavigation is true and multiple items" name="BannerCarousel Navigation renders navigation buttons when showNavigation is true and multiple items" time="0.002">
    </testcase>
    <testcase classname="BannerCarousel Navigation does not render navigation when showNavigation is false" name="BannerCarousel Navigation does not render navigation when showNavigation is false" time="0.005">
    </testcase>
    <testcase classname="BannerCarousel Navigation does not render navigation when only one item" name="BannerCarousel Navigation does not render navigation when only one item" time="0.003">
    </testcase>
    <testcase classname="BannerCarousel Navigation prev button has correct aria-label" name="BannerCarousel Navigation prev button has correct aria-label" time="0.002">
    </testcase>
    <testcase classname="BannerCarousel Navigation next button has correct aria-label" name="BannerCarousel Navigation next button has correct aria-label" time="0.001">
    </testcase>
    <testcase classname="BannerCarousel Pagination renders pagination when showPagination is true and multiple items" name="BannerCarousel Pagination renders pagination when showPagination is true and multiple items" time="0.002">
    </testcase>
    <testcase classname="BannerCarousel Pagination does not render pagination when showPagination is false" name="BannerCarousel Pagination does not render pagination when showPagination is false" time="0.001">
    </testcase>
    <testcase classname="BannerCarousel Pagination does not render pagination when only one item" name="BannerCarousel Pagination does not render pagination when only one item" time="0.002">
    </testcase>
    <testcase classname="BannerCarousel Accessibility has role=&quot;region&quot;" name="BannerCarousel Accessibility has role=&quot;region&quot;" time="0.001">
    </testcase>
    <testcase classname="BannerCarousel Accessibility has aria-roledescription=&quot;karusell&quot;" name="BannerCarousel Accessibility has aria-roledescription=&quot;karusell&quot;" time="0.001">
    </testcase>
    <testcase classname="BannerCarousel Accessibility has aria-label with slide count" name="BannerCarousel Accessibility has aria-label with slide count" time="0.002">
    </testcase>
    <testcase classname="BannerCarousel Accessibility renders live region for screen readers" name="BannerCarousel Accessibility renders live region for screen readers" time="0.002">
    </testcase>
    <testcase classname="BannerCarousel Accessibility slides have correct role and aria attributes" name="BannerCarousel Accessibility slides have correct role and aria attributes" time="0.002">
    </testcase>
    <testcase classname="BannerCarousel Pause on Hover supports pauseOnHover prop for autoplay control" name="BannerCarousel Pause on Hover supports pauseOnHover prop for autoplay control" time="0.003">
    </testcase>
    <testcase classname="BannerCarousel Item Click Handling calls onItemClick when item is clicked" name="BannerCarousel Item Click Handling calls onItemClick when item is clicked" time="0.001">
    </testcase>
    <testcase classname="BannerCarousel Display Options passes showPubDate to FeedItem" name="BannerCarousel Display Options passes showPubDate to FeedItem" time="0.001">
    </testcase>
    <testcase classname="BannerCarousel Display Options passes showDescription to FeedItem" name="BannerCarousel Display Options passes showDescription to FeedItem" time="0.002">
    </testcase>
    <testcase classname="BannerCarousel Display Options passes showCategories to FeedItem" name="BannerCarousel Display Options passes showCategories to FeedItem" time="0.001">
    </testcase>
    <testcase classname="BannerCarousel Display Options passes fallbackImageUrl to FeedItem" name="BannerCarousel Display Options passes fallbackImageUrl to FeedItem" time="0.002">
    </testcase>
    <testcase classname="BannerCarousel Custom className applies custom className" name="BannerCarousel Custom className applies custom className" time="0.001">
    </testcase>
    <testcase classname="BannerCarousel Key Update on forceFallback re-renders when forceFallback changes" name="BannerCarousel Key Update on forceFallback re-renders when forceFallback changes" time="0.002">
    </testcase>
  </testsuite>
  <testsuite name="PerformanceMonitor" errors="0" failures="0" skipped="0" timestamp="2025-12-01T00:24:31" time="0.131" tests="39">
    <testcase classname="PerformanceMonitor initialization should create with default config" name="PerformanceMonitor initialization should create with default config" time="0.001">
    </testcase>
    <testcase classname="PerformanceMonitor initialization should accept custom config" name="PerformanceMonitor initialization should accept custom config" time="0">
    </testcase>
    <testcase classname="PerformanceMonitor hit/miss tracking should record cache hits" name="PerformanceMonitor hit/miss tracking should record cache hits" time="0">
    </testcase>
    <testcase classname="PerformanceMonitor hit/miss tracking should record cache misses" name="PerformanceMonitor hit/miss tracking should record cache misses" time="0.001">
    </testcase>
    <testcase classname="PerformanceMonitor hit/miss tracking should calculate hit rate correctly" name="PerformanceMonitor hit/miss tracking should calculate hit rate correctly" time="0">
    </testcase>
    <testcase classname="PerformanceMonitor hit/miss tracking should handle zero requests" name="PerformanceMonitor hit/miss tracking should handle zero requests" time="0">
    </testcase>
    <testcase classname="PerformanceMonitor timing tracking should record fetch timings" name="PerformanceMonitor timing tracking should record fetch timings" time="0">
    </testcase>
    <testcase classname="PerformanceMonitor timing tracking should record fetch with bytes transferred" name="PerformanceMonitor timing tracking should record fetch with bytes transferred" time="0">
    </testcase>
    <testcase classname="PerformanceMonitor timing tracking should record parse timings" name="PerformanceMonitor timing tracking should record parse timings" time="0">
    </testcase>
    <testcase classname="PerformanceMonitor timing tracking should record cache read timings" name="PerformanceMonitor timing tracking should record cache read timings" time="0">
    </testcase>
    <testcase classname="PerformanceMonitor timing tracking should record cache write timings" name="PerformanceMonitor timing tracking should record cache write timings" time="0">
    </testcase>
    <testcase classname="PerformanceMonitor timing tracking should provide timing statistics" name="PerformanceMonitor timing tracking should provide timing statistics" time="0">
    </testcase>
    <testcase classname="PerformanceMonitor timing tracking should limit timing array size" name="PerformanceMonitor timing tracking should limit timing array size" time="0">
    </testcase>
    <testcase classname="PerformanceMonitor event logging should log hit events" name="PerformanceMonitor event logging should log hit events" time="0.001">
    </testcase>
    <testcase classname="PerformanceMonitor event logging should log miss events" name="PerformanceMonitor event logging should log miss events" time="0">
    </testcase>
    <testcase classname="PerformanceMonitor event logging should log eviction events" name="PerformanceMonitor event logging should log eviction events" time="0">
    </testcase>
    <testcase classname="PerformanceMonitor event logging should log expiration events" name="PerformanceMonitor event logging should log expiration events" time="0">
    </testcase>
    <testcase classname="PerformanceMonitor event logging should log error events" name="PerformanceMonitor event logging should log error events" time="0">
    </testcase>
    <testcase classname="PerformanceMonitor event logging should filter events by type" name="PerformanceMonitor event logging should filter events by type" time="0">
    </testcase>
    <testcase classname="PerformanceMonitor event logging should limit event history size" name="PerformanceMonitor event logging should limit event history size" time="0">
    </testcase>
    <testcase classname="PerformanceMonitor event logging should get recent events with limit" name="PerformanceMonitor event logging should get recent events with limit" time="0">
    </testcase>
    <testcase classname="PerformanceMonitor entry age tracking should track entry timestamps on write" name="PerformanceMonitor entry age tracking should track entry timestamps on write" time="0.001">
    </testcase>
    <testcase classname="PerformanceMonitor entry age tracking should calculate average entry age" name="PerformanceMonitor entry age tracking should calculate average entry age" time="0.051">
    </testcase>
    <testcase classname="PerformanceMonitor entry age tracking should remove entry on eviction" name="PerformanceMonitor entry age tracking should remove entry on eviction" time="0.001">
    </testcase>
    <testcase classname="PerformanceMonitor hit rate for time window should calculate hit rate for recent window" name="PerformanceMonitor hit rate for time window should calculate hit rate for recent window" time="0">
    </testcase>
    <testcase classname="PerformanceMonitor hit rate for time window should return 0 for empty window" name="PerformanceMonitor hit rate for time window should return 0 for empty window" time="0">
    </testcase>
    <testcase classname="PerformanceMonitor report generation should generate performance report" name="PerformanceMonitor report generation should generate performance report" time="0">
    </testcase>
    <testcase classname="PerformanceMonitor report generation should format bytes correctly" name="PerformanceMonitor report generation should format bytes correctly" time="0">
    </testcase>
    <testcase classname="PerformanceMonitor reset should reset all metrics" name="PerformanceMonitor reset should reset all metrics" time="0">
    </testcase>
    <testcase classname="PerformanceMonitor configuration should update configuration" name="PerformanceMonitor configuration should update configuration" time="0.001">
    </testcase>
    <testcase classname="PerformanceMonitor configuration should enable/disable console logging" name="PerformanceMonitor configuration should enable/disable console logging" time="0">
    </testcase>
    <testcase classname="PerformanceMonitor configuration should check if enabled" name="PerformanceMonitor configuration should check if enabled" time="0">
    </testcase>
    <testcase classname="PerformanceMonitor sampling should respect sample rate" name="PerformanceMonitor sampling should respect sample rate" time="0">
    </testcase>
    <testcase classname="PerformanceMonitor sampling should not record when disabled" name="PerformanceMonitor sampling should not record when disabled" time="0">
    </testcase>
    <testcase classname="PerformanceMonitor singleton helpers should return same instance from getPerformanceMonitor" name="PerformanceMonitor singleton helpers should return same instance from getPerformanceMonitor" time="0">
    </testcase>
    <testcase classname="PerformanceMonitor singleton helpers should reset singleton with resetPerformanceMonitor" name="PerformanceMonitor singleton helpers should reset singleton with resetPerformanceMonitor" time="0">
    </testcase>
    <testcase classname="PerformanceMonitor timing helper should create timing helper" name="PerformanceMonitor timing helper should create timing helper" time="0.012">
    </testcase>
    <testcase classname="PerformanceMonitor timing helper should record different operation types" name="PerformanceMonitor timing helper should record different operation types" time="0.011">
    </testcase>
    <testcase classname="PerformanceMonitor metrics with cache info should include cache entry count and size" name="PerformanceMonitor metrics with cache info should include cache entry count and size" time="0">
    </testcase>
  </testsuite>
  <testsuite name="FeedItem" errors="0" failures="0" skipped="0" timestamp="2025-12-01T00:24:31" time="0.109" tests="38">
    <testcase classname="FeedItem Rendering renders in card variant" name="FeedItem Rendering renders in card variant" time="0.003">
    </testcase>
    <testcase classname="FeedItem Rendering renders in list variant" name="FeedItem Rendering renders in list variant" time="0.001">
    </testcase>
    <testcase classname="FeedItem Rendering renders in banner variant" name="FeedItem Rendering renders in banner variant" time="0.001">
    </testcase>
    <testcase classname="FeedItem Rendering renders title as a link" name="FeedItem Rendering renders title as a link" time="0.008">
    </testcase>
    <testcase classname="FeedItem Rendering renders image when showImage is true" name="FeedItem Rendering renders image when showImage is true" time="0.001">
    </testcase>
    <testcase classname="FeedItem Rendering does not render image when showImage is false" name="FeedItem Rendering does not render image when showImage is false" time="0.001">
    </testcase>
    <testcase classname="FeedItem Rendering renders fallback placeholder when no image URL" name="FeedItem Rendering renders fallback placeholder when no image URL" time="0.001">
    </testcase>
    <testcase classname="FeedItem Rendering renders date when showDate is true" name="FeedItem Rendering renders date when showDate is true" time="0.002">
    </testcase>
    <testcase classname="FeedItem Rendering does not render date when showDate is false" name="FeedItem Rendering does not render date when showDate is false" time="0.002">
    </testcase>
    <testcase classname="FeedItem Rendering renders description when showDescription is true" name="FeedItem Rendering renders description when showDescription is true" time="0.002">
    </testcase>
    <testcase classname="FeedItem Rendering does not render description when showDescription is false" name="FeedItem Rendering does not render description when showDescription is false" time="0.001">
    </testcase>
    <testcase classname="FeedItem Rendering renders categories when showCategories is true" name="FeedItem Rendering renders categories when showCategories is true" time="0.002">
    </testcase>
    <testcase classname="FeedItem Rendering does not render categories when showCategories is false" name="FeedItem Rendering does not render categories when showCategories is false" time="0">
    </testcase>
    <testcase classname="FeedItem Rendering renders source when showSource is true" name="FeedItem Rendering renders source when showSource is true" time="0.001">
    </testcase>
    <testcase classname="FeedItem Text Truncation truncates title when maxChars is specified" name="FeedItem Text Truncation truncates title when maxChars is specified" time="0.001">
    </testcase>
    <testcase classname="FeedItem Text Truncation truncates description when maxChars is specified" name="FeedItem Text Truncation truncates description when maxChars is specified" time="0">
    </testcase>
    <testcase classname="FeedItem Click Handling calls onItemClick when clicked" name="FeedItem Click Handling calls onItemClick when clicked" time="0.001">
    </testcase>
    <testcase classname="FeedItem Click Handling has role=&quot;button&quot; when onItemClick is provided" name="FeedItem Click Handling has role=&quot;button&quot; when onItemClick is provided" time="0.001">
    </testcase>
    <testcase classname="FeedItem Click Handling does not have role=&quot;button&quot; when onItemClick is not provided" name="FeedItem Click Handling does not have role=&quot;button&quot; when onItemClick is not provided" time="0.001">
    </testcase>
    <testcase classname="FeedItem Click Handling handles keyboard navigation (Enter)" name="FeedItem Click Handling handles keyboard navigation (Enter)" time="0.001">
    </testcase>
    <testcase classname="FeedItem Click Handling handles keyboard navigation (Space)" name="FeedItem Click Handling handles keyboard navigation (Space)" time="0">
    </testcase>
    <testcase classname="FeedItem Date Formatting formats date with Norwegian locale by default" name="FeedItem Date Formatting formats date with Norwegian locale by default" time="0.002">
    </testcase>
    <testcase classname="FeedItem Date Formatting handles invalid date gracefully" name="FeedItem Date Formatting handles invalid date gracefully" time="0">
    </testcase>
    <testcase classname="FeedItem Date Formatting does not render date when pubDate is missing" name="FeedItem Date Formatting does not render date when pubDate is missing" time="0.001">
    </testcase>
    <testcase classname="FeedItem Image Handling uses fallback image URL when provided and no item image" name="FeedItem Image Handling uses fallback image URL when provided and no item image" time="0.001">
    </testcase>
    <testcase classname="FeedItem Image Handling renders image as link when imageAsLink is true" name="FeedItem Image Handling renders image as link when imageAsLink is true" time="0.001">
    </testcase>
    <testcase classname="FeedItem Accessibility renders as an article element" name="FeedItem Accessibility renders as an article element" time="0.001">
    </testcase>
    <testcase classname="FeedItem Accessibility has tabIndex when clickable" name="FeedItem Accessibility has tabIndex when clickable" time="0.001">
    </testcase>
    <testcase classname="FeedItem Accessibility time element has proper datetime attribute" name="FeedItem Accessibility time element has proper datetime attribute" time="0.001">
    </testcase>
    <testcase classname="FeedItem CSS Classes applies variant via data attribute" name="FeedItem CSS Classes applies variant via data attribute" time="0">
    </testcase>
    <testcase classname="FeedItem CSS Classes applies custom className" name="FeedItem CSS Classes applies custom className" time="0.001">
    </testcase>
    <testcase classname="FeedItem CSS Classes applies inverted class when isInverted is true" name="FeedItem CSS Classes applies inverted class when isInverted is true" time="0.001">
    </testcase>
    <testcase classname="FeedItem CSS Classes does not apply inverted class when isInverted is false" name="FeedItem CSS Classes does not apply inverted class when isInverted is false" time="0.001">
    </testcase>
    <testcase classname="FeedItem CSS Classes applies inverted class for list variant on strong background" name="FeedItem CSS Classes applies inverted class for list variant on strong background" time="0.002">
    </testcase>
    <testcase classname="FeedItem Edge Cases handles item without categories" name="FeedItem Edge Cases handles item without categories" time="0.001">
    </testcase>
    <testcase classname="FeedItem Edge Cases handles item with empty categories array" name="FeedItem Edge Cases handles item with empty categories array" time="0">
    </testcase>
    <testcase classname="FeedItem Edge Cases handles item without description" name="FeedItem Edge Cases handles item without description" time="0.004">
    </testcase>
    <testcase classname="FeedItem Edge Cases handles HTML entities in description" name="FeedItem Edge Cases handles HTML entities in description" time="0.001">
    </testcase>
  </testsuite>
  <testsuite name="ListLayout" errors="0" failures="0" skipped="0" timestamp="2025-12-01T00:24:31" time="0.103" tests="38">
    <testcase classname="ListLayout Rendering renders with items" name="ListLayout Rendering renders with items" time="0.002">
    </testcase>
    <testcase classname="ListLayout Rendering renders all items" name="ListLayout Rendering renders all items" time="0.003">
    </testcase>
    <testcase classname="ListLayout Rendering renders items with list variant" name="ListLayout Rendering renders items with list variant" time="0.001">
    </testcase>
    <testcase classname="ListLayout Rendering renders loading skeleton when isLoading is true" name="ListLayout Rendering renders loading skeleton when isLoading is true" time="0.001">
    </testcase>
    <testcase classname="ListLayout Rendering renders empty state when items is empty" name="ListLayout Rendering renders empty state when items is empty" time="0">
    </testcase>
    <testcase classname="ListLayout Accessibility has role=&quot;list&quot;" name="ListLayout Accessibility has role=&quot;list&quot;" time="0.001">
    </testcase>
    <testcase classname="ListLayout Accessibility has aria-label" name="ListLayout Accessibility has aria-label" time="0.001">
    </testcase>
    <testcase classname="ListLayout Accessibility list items have role=&quot;listitem&quot;" name="ListLayout Accessibility list items have role=&quot;listitem&quot;" time="0.001">
    </testcase>
    <testcase classname="ListLayout Thumbnail Position supports left thumbnail position" name="ListLayout Thumbnail Position supports left thumbnail position" time="0.001">
    </testcase>
    <testcase classname="ListLayout Thumbnail Position supports right thumbnail position" name="ListLayout Thumbnail Position supports right thumbnail position" time="0.001">
    </testcase>
    <testcase classname="ListLayout Thumbnail Position supports none thumbnail position" name="ListLayout Thumbnail Position supports none thumbnail position" time="0.001">
    </testcase>
    <testcase classname="ListLayout Thumbnail Position hides image when thumbnailPosition is &quot;none&quot;" name="ListLayout Thumbnail Position hides image when thumbnailPosition is &quot;none&quot;" time="0.001">
    </testcase>
    <testcase classname="ListLayout Thumbnail Position shows image when thumbnailPosition is &quot;left&quot;" name="ListLayout Thumbnail Position shows image when thumbnailPosition is &quot;left&quot;" time="0">
    </testcase>
    <testcase classname="ListLayout Thumbnail Position shows image when thumbnailPosition is &quot;right&quot;" name="ListLayout Thumbnail Position shows image when thumbnailPosition is &quot;right&quot;" time="0.001">
    </testcase>
    <testcase classname="ListLayout Thumbnail Position defaults to left position" name="ListLayout Thumbnail Position defaults to left position" time="0.001">
    </testcase>
    <testcase classname="ListLayout Thumbnail Size supports sm thumbnail size" name="ListLayout Thumbnail Size supports sm thumbnail size" time="0.001">
    </testcase>
    <testcase classname="ListLayout Thumbnail Size supports md thumbnail size" name="ListLayout Thumbnail Size supports md thumbnail size" time="0.001">
    </testcase>
    <testcase classname="ListLayout Thumbnail Size supports lg thumbnail size" name="ListLayout Thumbnail Size supports lg thumbnail size" time="0">
    </testcase>
    <testcase classname="ListLayout Thumbnail Size defaults to md thumbnail size" name="ListLayout Thumbnail Size defaults to md thumbnail size" time="0.001">
    </testcase>
    <testcase classname="ListLayout Compact Mode renders in compact mode when compact is true" name="ListLayout Compact Mode renders in compact mode when compact is true" time="0.003">
    </testcase>
    <testcase classname="ListLayout Compact Mode renders in normal mode when compact is false" name="ListLayout Compact Mode renders in normal mode when compact is false" time="0.001">
    </testcase>
    <testcase classname="ListLayout Dividers renders with dividers when showDividers is true" name="ListLayout Dividers renders with dividers when showDividers is true" time="0.001">
    </testcase>
    <testcase classname="ListLayout Dividers renders without dividers when showDividers is false" name="ListLayout Dividers renders without dividers when showDividers is false" time="0">
    </testcase>
    <testcase classname="ListLayout Dividers defaults to showing dividers" name="ListLayout Dividers defaults to showing dividers" time="0.001">
    </testcase>
    <testcase classname="ListLayout Display Options passes showPubDate to FeedItem" name="ListLayout Display Options passes showPubDate to FeedItem" time="0.001">
    </testcase>
    <testcase classname="ListLayout Display Options passes showDescription to FeedItem" name="ListLayout Display Options passes showDescription to FeedItem" time="0.001">
    </testcase>
    <testcase classname="ListLayout Display Options passes showCategories to FeedItem" name="ListLayout Display Options passes showCategories to FeedItem" time="0.002">
    </testcase>
    <testcase classname="ListLayout Display Options passes fallbackImageUrl to FeedItem" name="ListLayout Display Options passes fallbackImageUrl to FeedItem" time="0">
    </testcase>
    <testcase classname="ListLayout Skeleton Loading passes count to skeleton grid" name="ListLayout Skeleton Loading passes count to skeleton grid" time="0.001">
    </testcase>
    <testcase classname="ListLayout Skeleton Loading defaults to 5 skeleton items" name="ListLayout Skeleton Loading defaults to 5 skeleton items" time="0">
    </testcase>
    <testcase classname="ListLayout Skeleton Loading passes list type to skeleton grid" name="ListLayout Skeleton Loading passes list type to skeleton grid" time="0.001">
    </testcase>
    <testcase classname="ListLayout Skeleton Loading passes showThumbnail based on thumbnailPosition" name="ListLayout Skeleton Loading passes showThumbnail based on thumbnailPosition" time="0">
    </testcase>
    <testcase classname="ListLayout Item Click Handling passes onItemClick to FeedItem" name="ListLayout Item Click Handling passes onItemClick to FeedItem" time="0.001">
    </testcase>
    <testcase classname="ListLayout Custom className applies custom className" name="ListLayout Custom className applies custom className" time="0.001">
    </testcase>
    <testcase classname="ListLayout Key Update on forceFallback re-renders when forceFallback changes" name="ListLayout Key Update on forceFallback re-renders when forceFallback changes" time="0.001">
    </testcase>
    <testcase classname="ListLayout Description Truncation passes truncateDescription to FeedItem" name="ListLayout Description Truncation passes truncateDescription to FeedItem" time="0">
    </testcase>
    <testcase classname="ListLayout Description Truncation defaults to 200 characters for truncation" name="ListLayout Description Truncation defaults to 200 characters for truncation" time="0.001">
    </testcase>
    <testcase classname="ListLayout Memoization is wrapped with React.memo" name="ListLayout Memoization is wrapped with React.memo" time="0.001">
    </testcase>
  </testsuite>
  <testsuite name="Skeleton" errors="0" failures="0" skipped="0" timestamp="2025-12-01T00:24:31" time="0.116" tests="54">
    <testcase classname="Skeleton Base Skeleton renders with default props" name="Skeleton Base Skeleton renders with default props" time="0.002">
    </testcase>
    <testcase classname="Skeleton Base Skeleton renders with text variant" name="Skeleton Base Skeleton renders with text variant" time="0">
    </testcase>
    <testcase classname="Skeleton Base Skeleton renders with rectangular variant" name="Skeleton Base Skeleton renders with rectangular variant" time="0.001">
    </testcase>
    <testcase classname="Skeleton Base Skeleton renders with circular variant" name="Skeleton Base Skeleton renders with circular variant" time="0">
    </testcase>
    <testcase classname="Skeleton Base Skeleton renders with pulse animation" name="Skeleton Base Skeleton renders with pulse animation" time="0.001">
    </testcase>
    <testcase classname="Skeleton Base Skeleton renders with wave animation" name="Skeleton Base Skeleton renders with wave animation" time="0">
    </testcase>
    <testcase classname="Skeleton Base Skeleton renders with none animation" name="Skeleton Base Skeleton renders with none animation" time="0.001">
    </testcase>
    <testcase classname="Skeleton Base Skeleton applies width as pixel value when number" name="Skeleton Base Skeleton applies width as pixel value when number" time="0.001">
    </testcase>
    <testcase classname="Skeleton Base Skeleton applies width as-is when string" name="Skeleton Base Skeleton applies width as-is when string" time="0.001">
    </testcase>
    <testcase classname="Skeleton Base Skeleton applies height as pixel value when number" name="Skeleton Base Skeleton applies height as pixel value when number" time="0.001">
    </testcase>
    <testcase classname="Skeleton Base Skeleton applies height as-is when string" name="Skeleton Base Skeleton applies height as-is when string" time="0">
    </testcase>
    <testcase classname="Skeleton Base Skeleton applies custom className" name="Skeleton Base Skeleton applies custom className" time="0.001">
    </testcase>
    <testcase classname="Skeleton Base Skeleton is hidden from screen readers" name="Skeleton Base Skeleton is hidden from screen readers" time="0">
    </testcase>
    <testcase classname="Skeleton CardSkeleton renders with default props" name="Skeleton CardSkeleton renders with default props" time="0.002">
    </testcase>
    <testcase classname="Skeleton CardSkeleton renders image skeleton" name="Skeleton CardSkeleton renders image skeleton" time="0.003">
    </testcase>
    <testcase classname="Skeleton CardSkeleton renders title skeleton" name="Skeleton CardSkeleton renders title skeleton" time="0.001">
    </testcase>
    <testcase classname="Skeleton CardSkeleton renders date skeleton" name="Skeleton CardSkeleton renders date skeleton" time="0.001">
    </testcase>
    <testcase classname="Skeleton CardSkeleton renders description skeletons when showDescription is true" name="Skeleton CardSkeleton renders description skeletons when showDescription is true" time="0">
    </testcase>
    <testcase classname="Skeleton CardSkeleton does not render description when showDescription is false" name="Skeleton CardSkeleton does not render description when showDescription is false" time="0.001">
    </testcase>
    <testcase classname="Skeleton CardSkeleton renders category pills when showCategories is true" name="Skeleton CardSkeleton renders category pills when showCategories is true" time="0.001">
    </testcase>
    <testcase classname="Skeleton CardSkeleton does not render category pills when showCategories is false" name="Skeleton CardSkeleton does not render category pills when showCategories is false" time="0">
    </testcase>
    <testcase classname="Skeleton CardSkeleton applies custom animation" name="Skeleton CardSkeleton applies custom animation" time="0.001">
    </testcase>
    <testcase classname="Skeleton CardSkeleton is hidden from screen readers" name="Skeleton CardSkeleton is hidden from screen readers" time="0">
    </testcase>
    <testcase classname="Skeleton ListSkeleton renders with default props" name="Skeleton ListSkeleton renders with default props" time="0.001">
    </testcase>
    <testcase classname="Skeleton ListSkeleton renders thumbnail when showThumbnail is true" name="Skeleton ListSkeleton renders thumbnail when showThumbnail is true" time="0">
    </testcase>
    <testcase classname="Skeleton ListSkeleton does not render thumbnail when showThumbnail is false" name="Skeleton ListSkeleton does not render thumbnail when showThumbnail is false" time="0.001">
    </testcase>
    <testcase classname="Skeleton ListSkeleton renders title skeleton" name="Skeleton ListSkeleton renders title skeleton" time="0">
    </testcase>
    <testcase classname="Skeleton ListSkeleton renders date skeleton" name="Skeleton ListSkeleton renders date skeleton" time="0.001">
    </testcase>
    <testcase classname="Skeleton ListSkeleton renders description when showDescription is true" name="Skeleton ListSkeleton renders description when showDescription is true" time="0">
    </testcase>
    <testcase classname="Skeleton ListSkeleton renders categories when showCategories is true" name="Skeleton ListSkeleton renders categories when showCategories is true" time="0.001">
    </testcase>
    <testcase classname="Skeleton ListSkeleton is hidden from screen readers" name="Skeleton ListSkeleton is hidden from screen readers" time="0">
    </testcase>
    <testcase classname="Skeleton BannerSkeleton renders with default props" name="Skeleton BannerSkeleton renders with default props" time="0">
    </testcase>
    <testcase classname="Skeleton BannerSkeleton applies default height" name="Skeleton BannerSkeleton applies default height" time="0.001">
    </testcase>
    <testcase classname="Skeleton BannerSkeleton applies custom height as number" name="Skeleton BannerSkeleton applies custom height as number" time="0.001">
    </testcase>
    <testcase classname="Skeleton BannerSkeleton applies custom height as string" name="Skeleton BannerSkeleton applies custom height as string" time="0">
    </testcase>
    <testcase classname="Skeleton BannerSkeleton renders background skeleton" name="Skeleton BannerSkeleton renders background skeleton" time="0.001">
    </testcase>
    <testcase classname="Skeleton BannerSkeleton renders title skeleton" name="Skeleton BannerSkeleton renders title skeleton" time="0">
    </testcase>
    <testcase classname="Skeleton BannerSkeleton renders date skeleton" name="Skeleton BannerSkeleton renders date skeleton" time="0.001">
    </testcase>
    <testcase classname="Skeleton BannerSkeleton renders description when showDescription is true" name="Skeleton BannerSkeleton renders description when showDescription is true" time="0">
    </testcase>
    <testcase classname="Skeleton BannerSkeleton renders categories when showCategories is true" name="Skeleton BannerSkeleton renders categories when showCategories is true" time="0.001">
    </testcase>
    <testcase classname="Skeleton BannerSkeleton is hidden from screen readers" name="Skeleton BannerSkeleton is hidden from screen readers" time="0">
    </testcase>
    <testcase classname="Skeleton SkeletonGrid renders with default props" name="Skeleton SkeletonGrid renders with default props" time="0.004">
    </testcase>
    <testcase classname="Skeleton SkeletonGrid renders default number of items (6)" name="Skeleton SkeletonGrid renders default number of items (6)" time="0.002">
    </testcase>
    <testcase classname="Skeleton SkeletonGrid renders custom number of items" name="Skeleton SkeletonGrid renders custom number of items" time="0.002">
    </testcase>
    <testcase classname="Skeleton SkeletonGrid renders card skeletons by default" name="Skeleton SkeletonGrid renders card skeletons by default" time="0.001">
    </testcase>
    <testcase classname="Skeleton SkeletonGrid renders list skeletons when type is &quot;list&quot;" name="Skeleton SkeletonGrid renders list skeletons when type is &quot;list&quot;" time="0.001">
    </testcase>
    <testcase classname="Skeleton SkeletonGrid renders banner skeletons when type is &quot;banner&quot;" name="Skeleton SkeletonGrid renders banner skeletons when type is &quot;banner&quot;" time="0">
    </testcase>
    <testcase classname="Skeleton SkeletonGrid passes itemProps to skeletons" name="Skeleton SkeletonGrid passes itemProps to skeletons" time="0.001">
    </testcase>
    <testcase classname="Skeleton SkeletonGrid applies custom className" name="Skeleton SkeletonGrid applies custom className" time="0.002">
    </testcase>
    <testcase classname="Skeleton SkeletonGrid renders with card type by default" name="Skeleton SkeletonGrid renders with card type by default" time="0.002">
    </testcase>
    <testcase classname="Skeleton SkeletonGrid renders with list type" name="Skeleton SkeletonGrid renders with list type" time="0.002">
    </testcase>
    <testcase classname="Skeleton SkeletonGrid has aria-busy attribute" name="Skeleton SkeletonGrid has aria-busy attribute" time="0.001">
    </testcase>
    <testcase classname="Skeleton SkeletonGrid has aria-label for accessibility" name="Skeleton SkeletonGrid has aria-label for accessibility" time="0.002">
    </testcase>
    <testcase classname="Skeleton SkeletonGrid renders with pulse animation" name="Skeleton SkeletonGrid renders with pulse animation" time="0">
    </testcase>
  </testsuite>
  <testsuite name="CacheSizeManager" errors="0" failures="0" skipped="0" timestamp="2025-12-01T00:24:31" time="0.088" tests="26">
    <testcase classname="CacheSizeManager initialization should create with default config" name="CacheSizeManager initialization should create with default config" time="0.001">
    </testcase>
    <testcase classname="CacheSizeManager initialization should accept custom config" name="CacheSizeManager initialization should accept custom config" time="0">
    </testcase>
    <testcase classname="CacheSizeManager memory tracking should track memory entries" name="CacheSizeManager memory tracking should track memory entries" time="0">
    </testcase>
    <testcase classname="CacheSizeManager memory tracking should update entry on re-track" name="CacheSizeManager memory tracking should update entry on re-track" time="0">
    </testcase>
    <testcase classname="CacheSizeManager memory tracking should record access" name="CacheSizeManager memory tracking should record access" time="0">
    </testcase>
    <testcase classname="CacheSizeManager memory tracking should untrack entry" name="CacheSizeManager memory tracking should untrack entry" time="0">
    </testcase>
    <testcase classname="CacheSizeManager memory tracking should calculate total memory size" name="CacheSizeManager memory tracking should calculate total memory size" time="0">
    </testcase>
    <testcase classname="CacheSizeManager eviction detection should detect when memory eviction is needed" name="CacheSizeManager eviction detection should detect when memory eviction is needed" time="0">
    </testcase>
    <testcase classname="CacheSizeManager LRU eviction strategy should identify oldest accessed entries" name="CacheSizeManager LRU eviction strategy should identify oldest accessed entries" time="0.022">
    </testcase>
    <testcase classname="CacheSizeManager LRU eviction strategy should respect access time updates" name="CacheSizeManager LRU eviction strategy should respect access time updates" time="0.023">
    </testcase>
    <testcase classname="CacheSizeManager LFU eviction strategy should identify least frequently accessed entries" name="CacheSizeManager LFU eviction strategy should identify least frequently accessed entries" time="0">
    </testcase>
    <testcase classname="CacheSizeManager TTL eviction strategy should identify entries closest to expiration" name="CacheSizeManager TTL eviction strategy should identify entries closest to expiration" time="0">
    </testcase>
    <testcase classname="CacheSizeManager eviction execution should evict entries from memory" name="CacheSizeManager eviction execution should evict entries from memory" time="0">
    </testcase>
    <testcase classname="CacheSizeManager eviction execution should handle evicting non-existent keys" name="CacheSizeManager eviction execution should handle evicting non-existent keys" time="0">
    </testcase>
    <testcase classname="CacheSizeManager automatic eviction should perform eviction when limits exceeded" name="CacheSizeManager automatic eviction should perform eviction when limits exceeded" time="0">
    </testcase>
    <testcase classname="CacheSizeManager automatic eviction should not evict when under limits" name="CacheSizeManager automatic eviction should not evict when under limits" time="0">
    </testcase>
    <testcase classname="CacheSizeManager statistics should return accurate stats" name="CacheSizeManager statistics should return accurate stats" time="0">
    </testcase>
    <testcase classname="CacheSizeManager statistics should detect near-limit conditions" name="CacheSizeManager statistics should detect near-limit conditions" time="0">
    </testcase>
    <testcase classname="CacheSizeManager expired entry cleanup should clear expired entries" name="CacheSizeManager expired entry cleanup should clear expired entries" time="0">
    </testcase>
    <testcase classname="CacheSizeManager configuration should update configuration" name="CacheSizeManager configuration should update configuration" time="0">
    </testcase>
    <testcase classname="CacheSizeManager clear should clear all tracked entries" name="CacheSizeManager clear should clear all tracked entries" time="0">
    </testcase>
    <testcase classname="CacheSizeManager singleton helpers should return same instance from getCacheSizeManager" name="CacheSizeManager singleton helpers should return same instance from getCacheSizeManager" time="0">
    </testcase>
    <testcase classname="CacheSizeManager singleton helpers should reset singleton with resetCacheSizeManager" name="CacheSizeManager singleton helpers should reset singleton with resetCacheSizeManager" time="0">
    </testcase>
    <testcase classname="CacheSizeManager IndexedDB integration should detect when IndexedDB eviction is needed" name="CacheSizeManager IndexedDB integration should detect when IndexedDB eviction is needed" time="0.002">
    </testcase>
    <testcase classname="CacheSizeManager IndexedDB integration should get IndexedDB eviction candidates" name="CacheSizeManager IndexedDB integration should get IndexedDB eviction candidates" time="0">
    </testcase>
    <testcase classname="CacheSizeManager IndexedDB integration should evict from IndexedDB" name="CacheSizeManager IndexedDB integration should evict from IndexedDB" time="0.001">
    </testcase>
  </testsuite>
  <testsuite name="Sentralregisteret.no Feed Tests (Fixture)" errors="0" failures="0" skipped="0" timestamp="2025-12-01T00:24:32" time="0.078" tests="8">
    <testcase classname="Sentralregisteret.no Feed Tests (Fixture) fixture file contains valid RSS feed" name="Sentralregisteret.no Feed Tests (Fixture) fixture file contains valid RSS feed" time="0.001">
    </testcase>
    <testcase classname="Sentralregisteret.no Feed Tests (Fixture) native DOMParser should parse all items" name="Sentralregisteret.no Feed Tests (Fixture) native DOMParser should parse all items" time="0.003">
    </testcase>
    <testcase classname="Sentralregisteret.no Feed Tests (Fixture) should parse ALL 10 items from sentralregisteret feed" name="Sentralregisteret.no Feed Tests (Fixture) should parse ALL 10 items from sentralregisteret feed" time="0.01">
    </testcase>
    <testcase classname="Sentralregisteret.no Feed Tests (Fixture) should extract images from wp-block-image figures" name="Sentralregisteret.no Feed Tests (Fixture) should extract images from wp-block-image figures" time="0.007">
    </testcase>
    <testcase classname="Sentralregisteret.no Feed Tests (Fixture) should handle Norwegian characters correctly" name="Sentralregisteret.no Feed Tests (Fixture) should handle Norwegian characters correctly" time="0.007">
    </testcase>
    <testcase classname="Sentralregisteret.no Feed Tests (Fixture) should parse dates correctly" name="Sentralregisteret.no Feed Tests (Fixture) should parse dates correctly" time="0.006">
    </testcase>
    <testcase classname="Sentralregisteret.no Feed Tests (Fixture) should extract links correctly" name="Sentralregisteret.no Feed Tests (Fixture) should extract links correctly" time="0.005">
    </testcase>
    <testcase classname="Sentralregisteret.no Feed Tests (Fixture) feed structure analysis" name="Sentralregisteret.no Feed Tests (Fixture) feed structure analysis" time="0.002">
    </testcase>
  </testsuite>
  <testsuite name="EmptyState" errors="0" failures="0" skipped="0" timestamp="2025-12-01T00:24:32" time="0.084" tests="38">
    <testcase classname="EmptyState Base EmptyState renders with required props" name="EmptyState Base EmptyState renders with required props" time="0.002">
    </testcase>
    <testcase classname="EmptyState Base EmptyState renders description when provided" name="EmptyState Base EmptyState renders description when provided" time="0">
    </testcase>
    <testcase classname="EmptyState Base EmptyState does not render description when not provided" name="EmptyState Base EmptyState does not render description when not provided" time="0.001">
    </testcase>
    <testcase classname="EmptyState Base EmptyState renders emoji icon when string is provided" name="EmptyState Base EmptyState renders emoji icon when string is provided" time="0.001">
    </testcase>
    <testcase classname="EmptyState Base EmptyState renders custom icon component" name="EmptyState Base EmptyState renders custom icon component" time="0">
    </testcase>
    <testcase classname="EmptyState Base EmptyState renders default icon when icon prop is not provided" name="EmptyState Base EmptyState renders default icon when icon prop is not provided" time="0.001">
    </testcase>
    <testcase classname="EmptyState Base EmptyState does not render icon when icon is null" name="EmptyState Base EmptyState does not render icon when icon is null" time="0">
    </testcase>
    <testcase classname="EmptyState Base EmptyState renders primary action button" name="EmptyState Base EmptyState renders primary action button" time="0.001">
    </testcase>
    <testcase classname="EmptyState Base EmptyState renders secondary action button" name="EmptyState Base EmptyState renders secondary action button" time="0.001">
    </testcase>
    <testcase classname="EmptyState Base EmptyState does not render actions section when no actions provided" name="EmptyState Base EmptyState does not render actions section when no actions provided" time="0.001">
    </testcase>
    <testcase classname="EmptyState Base EmptyState Size variants renders with sm size" name="EmptyState Base EmptyState Size variants renders with sm size" time="0">
    </testcase>
    <testcase classname="EmptyState Base EmptyState Size variants renders with md size" name="EmptyState Base EmptyState Size variants renders with md size" time="0.001">
    </testcase>
    <testcase classname="EmptyState Base EmptyState Size variants renders with lg size" name="EmptyState Base EmptyState Size variants renders with lg size" time="0">
    </testcase>
    <testcase classname="EmptyState Base EmptyState Size variants defaults to md size" name="EmptyState Base EmptyState Size variants defaults to md size" time="0.001">
    </testcase>
    <testcase classname="EmptyState Base EmptyState applies custom className" name="EmptyState Base EmptyState applies custom className" time="0.001">
    </testcase>
    <testcase classname="EmptyState Base EmptyState has role=&quot;status&quot; for accessibility" name="EmptyState Base EmptyState has role=&quot;status&quot; for accessibility" time="0">
    </testcase>
    <testcase classname="EmptyState Base EmptyState has aria-label matching title" name="EmptyState Base EmptyState has aria-label matching title" time="0.001">
    </testcase>
    <testcase classname="EmptyState NoItemsEmptyState renders with default message" name="EmptyState NoItemsEmptyState renders with default message" time="0">
    </testcase>
    <testcase classname="EmptyState NoItemsEmptyState renders with custom message" name="EmptyState NoItemsEmptyState renders with custom message" time="0.001">
    </testcase>
    <testcase classname="EmptyState NoItemsEmptyState renders refresh button when onRefresh provided" name="EmptyState NoItemsEmptyState renders refresh button when onRefresh provided" time="0.003">
    </testcase>
    <testcase classname="EmptyState NoItemsEmptyState does not render refresh button when onRefresh not provided" name="EmptyState NoItemsEmptyState does not render refresh button when onRefresh not provided" time="0">
    </testcase>
    <testcase classname="EmptyState NoItemsEmptyState renders description text" name="EmptyState NoItemsEmptyState renders description text" time="0.001">
    </testcase>
    <testcase classname="EmptyState NoItemsEmptyState displays feed icon" name="EmptyState NoItemsEmptyState displays feed icon" time="0">
    </testcase>
    <testcase classname="EmptyState NoFeedConfiguredEmptyState renders with correct title" name="EmptyState NoFeedConfiguredEmptyState renders with correct title" time="0.001">
    </testcase>
    <testcase classname="EmptyState NoFeedConfiguredEmptyState renders description text" name="EmptyState NoFeedConfiguredEmptyState renders description text" time="0">
    </testcase>
    <testcase classname="EmptyState NoFeedConfiguredEmptyState renders settings button when onOpenSettings provided" name="EmptyState NoFeedConfiguredEmptyState renders settings button when onOpenSettings provided" time="0.001">
    </testcase>
    <testcase classname="EmptyState NoFeedConfiguredEmptyState does not render settings button when onOpenSettings not provided" name="EmptyState NoFeedConfiguredEmptyState does not render settings button when onOpenSettings not provided" time="0">
    </testcase>
    <testcase classname="EmptyState NoFeedConfiguredEmptyState displays settings icon" name="EmptyState NoFeedConfiguredEmptyState displays settings icon" time="0">
    </testcase>
    <testcase classname="EmptyState FilteredEmptyState renders with generic message when no filter value" name="EmptyState FilteredEmptyState renders with generic message when no filter value" time="0.001">
    </testcase>
    <testcase classname="EmptyState FilteredEmptyState renders with specific message when filter value provided" name="EmptyState FilteredEmptyState renders with specific message when filter value provided" time="0">
    </testcase>
    <testcase classname="EmptyState FilteredEmptyState renders clear filters button when onClearFilters provided" name="EmptyState FilteredEmptyState renders clear filters button when onClearFilters provided" time="0.001">
    </testcase>
    <testcase classname="EmptyState FilteredEmptyState does not render clear filters button when onClearFilters not provided" name="EmptyState FilteredEmptyState does not render clear filters button when onClearFilters not provided" time="0">
    </testcase>
    <testcase classname="EmptyState FilteredEmptyState displays search icon" name="EmptyState FilteredEmptyState displays search icon" time="0.001">
    </testcase>
    <testcase classname="EmptyState OfflineEmptyState renders with correct title" name="EmptyState OfflineEmptyState renders with correct title" time="0">
    </testcase>
    <testcase classname="EmptyState OfflineEmptyState renders description text" name="EmptyState OfflineEmptyState renders description text" time="0">
    </testcase>
    <testcase classname="EmptyState OfflineEmptyState renders retry button when onRetry provided" name="EmptyState OfflineEmptyState renders retry button when onRetry provided" time="0.001">
    </testcase>
    <testcase classname="EmptyState OfflineEmptyState does not render retry button when onRetry not provided" name="EmptyState OfflineEmptyState does not render retry button when onRetry not provided" time="0">
    </testcase>
    <testcase classname="EmptyState OfflineEmptyState displays offline icon" name="EmptyState OfflineEmptyState displays offline icon" time="0.001">
    </testcase>
  </testsuite>
  <testsuite name="ResponsiveImage" errors="0" failures="0" skipped="0" timestamp="2025-12-01T00:24:32" time="0.088" tests="39">
    <testcase classname="ResponsiveImage rendering should render with required props" name="ResponsiveImage rendering should render with required props" time="0.002">
    </testcase>
    <testcase classname="ResponsiveImage rendering should render with correct alt text" name="ResponsiveImage rendering should render with correct alt text" time="0.001">
    </testcase>
    <testcase classname="ResponsiveImage rendering should render with correct src" name="ResponsiveImage rendering should render with correct src" time="0.001">
    </testcase>
    <testcase classname="ResponsiveImage rendering should apply custom className" name="ResponsiveImage rendering should apply custom className" time="0">
    </testcase>
    <testcase classname="ResponsiveImage rendering should apply custom testId" name="ResponsiveImage rendering should apply custom testId" time="0">
    </testcase>
    <testcase classname="ResponsiveImage aspect ratio should apply 16:9 aspect ratio with padding-bottom 56.25%" name="ResponsiveImage aspect ratio should apply 16:9 aspect ratio with padding-bottom 56.25%" time="0.001">
    </testcase>
    <testcase classname="ResponsiveImage aspect ratio should apply 4:3 aspect ratio with padding-bottom 75%" name="ResponsiveImage aspect ratio should apply 4:3 aspect ratio with padding-bottom 75%" time="0">
    </testcase>
    <testcase classname="ResponsiveImage aspect ratio should apply 1:1 aspect ratio with padding-bottom 100%" name="ResponsiveImage aspect ratio should apply 1:1 aspect ratio with padding-bottom 100%" time="0.001">
    </testcase>
    <testcase classname="ResponsiveImage aspect ratio should apply 3:2 aspect ratio with padding-bottom 66.67%" name="ResponsiveImage aspect ratio should apply 3:2 aspect ratio with padding-bottom 66.67%" time="0">
    </testcase>
    <testcase classname="ResponsiveImage aspect ratio should apply 21:9 aspect ratio with padding-bottom 42.86%" name="ResponsiveImage aspect ratio should apply 21:9 aspect ratio with padding-bottom 42.86%" time="0.002">
    </testcase>
    <testcase classname="ResponsiveImage aspect ratio should not apply padding-bottom for auto aspect ratio" name="ResponsiveImage aspect ratio should not apply padding-bottom for auto aspect ratio" time="0.001">
    </testcase>
    <testcase classname="ResponsiveImage aspect ratio should use 16:9 as default aspect ratio" name="ResponsiveImage aspect ratio should use 16:9 as default aspect ratio" time="0.001">
    </testcase>
    <testcase classname="ResponsiveImage loading strategy should use lazy loading by default" name="ResponsiveImage loading strategy should use lazy loading by default" time="0">
    </testcase>
    <testcase classname="ResponsiveImage loading strategy should use eager loading when specified" name="ResponsiveImage loading strategy should use eager loading when specified" time="0.001">
    </testcase>
    <testcase classname="ResponsiveImage object fit should apply object-fit: cover" name="ResponsiveImage object fit should apply object-fit: cover" time="0">
    </testcase>
    <testcase classname="ResponsiveImage object fit should apply object-fit: contain" name="ResponsiveImage object fit should apply object-fit: contain" time="0.001">
    </testcase>
    <testcase classname="ResponsiveImage object fit should apply object-fit: fill" name="ResponsiveImage object fit should apply object-fit: fill" time="0">
    </testcase>
    <testcase classname="ResponsiveImage object fit should apply object-fit: none" name="ResponsiveImage object fit should apply object-fit: none" time="0.001">
    </testcase>
    <testcase classname="ResponsiveImage object fit should apply object-fit: scale-down" name="ResponsiveImage object fit should apply object-fit: scale-down" time="0.001">
    </testcase>
    <testcase classname="ResponsiveImage object fit should use cover as default object-fit" name="ResponsiveImage object fit should use cover as default object-fit" time="0">
    </testcase>
    <testcase classname="ResponsiveImage loading states should show skeleton during loading" name="ResponsiveImage loading states should show skeleton during loading" time="0.001">
    </testcase>
    <testcase classname="ResponsiveImage loading states should not show skeleton when showSkeleton is false" name="ResponsiveImage loading states should not show skeleton when showSkeleton is false" time="0">
    </testcase>
    <testcase classname="ResponsiveImage loading states should hide skeleton after image loads" name="ResponsiveImage loading states should hide skeleton after image loads" time="0.001">
    </testcase>
    <testcase classname="ResponsiveImage loading states should call onLoad callback when image loads" name="ResponsiveImage loading states should call onLoad callback when image loads" time="0.001">
    </testcase>
    <testcase classname="ResponsiveImage error handling should show error state when image fails to load" name="ResponsiveImage error handling should show error state when image fails to load" time="0.001">
    </testcase>
    <testcase classname="ResponsiveImage error handling should call onError callback when image fails" name="ResponsiveImage error handling should call onError callback when image fails" time="0.001">
    </testcase>
    <testcase classname="ResponsiveImage error handling should display accessible error message" name="ResponsiveImage error handling should display accessible error message" time="0">
    </testcase>
    <testcase classname="ResponsiveImage fallback image should try fallback when primary image fails" name="ResponsiveImage fallback image should try fallback when primary image fails" time="0.001">
    </testcase>
    <testcase classname="ResponsiveImage fallback image should show error if fallback also fails" name="ResponsiveImage fallback image should show error if fallback also fails" time="0.001">
    </testcase>
    <testcase classname="ResponsiveImage dimensions should apply width and height when provided" name="ResponsiveImage dimensions should apply width and height when provided" time="0.001">
    </testcase>
    <testcase classname="ResponsiveImage src changes should reset state when src changes" name="ResponsiveImage src changes should reset state when src changes" time="0.001">
    </testcase>
    <testcase classname="ImagePlaceholder should render with required props" name="ImagePlaceholder should render with required props" time="0">
    </testcase>
    <testcase classname="ImagePlaceholder should have accessible role and label" name="ImagePlaceholder should have accessible role and label" time="0">
    </testcase>
    <testcase classname="ImagePlaceholder should apply aspect ratio" name="ImagePlaceholder should apply aspect ratio" time="0.001">
    </testcase>
    <testcase classname="ImagePlaceholder should render default icon" name="ImagePlaceholder should render default icon" time="0">
    </testcase>
    <testcase classname="ImagePlaceholder should render custom icon" name="ImagePlaceholder should render custom icon" time="0.002">
    </testcase>
    <testcase classname="ImagePlaceholder should render custom React node as icon" name="ImagePlaceholder should render custom React node as icon" time="0.001">
    </testcase>
    <testcase classname="ImagePlaceholder should apply custom className" name="ImagePlaceholder should apply custom className" time="0.001">
    </testcase>
    <testcase classname="ImagePlaceholder should apply custom testId" name="ImagePlaceholder should apply custom testId" time="0">
    </testcase>
  </testsuite>
  <testsuite name="ResponsiveGrid" errors="0" failures="0" skipped="0" timestamp="2025-12-01T00:24:32" time="0.087" tests="37">
    <testcase classname="ResponsiveGrid rendering should render children" name="ResponsiveGrid rendering should render children" time="0.003">
    </testcase>
    <testcase classname="ResponsiveGrid rendering should render with default test ID" name="ResponsiveGrid rendering should render with default test ID" time="0">
    </testcase>
    <testcase classname="ResponsiveGrid rendering should render with custom test ID" name="ResponsiveGrid rendering should render with custom test ID" time="0.001">
    </testcase>
    <testcase classname="ResponsiveGrid rendering should apply custom className" name="ResponsiveGrid rendering should apply custom className" time="0">
    </testcase>
    <testcase classname="ResponsiveGrid rendering should render without errors when centerItems is true" name="ResponsiveGrid rendering should render without errors when centerItems is true" time="0.001">
    </testcase>
    <testcase classname="ResponsiveGrid rendering should render without errors when centerItems is false" name="ResponsiveGrid rendering should render without errors when centerItems is false" time="0">
    </testcase>
    <testcase classname="ResponsiveGrid CSS custom properties should set --min-item-width with default value" name="ResponsiveGrid CSS custom properties should set --min-item-width with default value" time="0.001">
    </testcase>
    <testcase classname="ResponsiveGrid CSS custom properties should set --min-item-width with custom value" name="ResponsiveGrid CSS custom properties should set --min-item-width with custom value" time="0">
    </testcase>
    <testcase classname="ResponsiveGrid CSS custom properties should set --max-columns based on maxColumns and available columns" name="ResponsiveGrid CSS custom properties should set --max-columns based on maxColumns and available columns" time="0.001">
    </testcase>
    <testcase classname="ResponsiveGrid CSS custom properties should limit --max-columns to available columns when container is narrow" name="ResponsiveGrid CSS custom properties should limit --max-columns to available columns when container is narrow" time="0">
    </testcase>
    <testcase classname="ResponsiveGrid CSS custom properties should set --grid-gap for gap=&quot;none&quot;" name="ResponsiveGrid CSS custom properties should set --grid-gap for gap=&quot;none&quot;" time="0.001">
    </testcase>
    <testcase classname="ResponsiveGrid CSS custom properties should set --grid-gap for gap=&quot;xs&quot;" name="ResponsiveGrid CSS custom properties should set --grid-gap for gap=&quot;xs&quot;" time="0">
    </testcase>
    <testcase classname="ResponsiveGrid CSS custom properties should set --grid-gap for gap=&quot;sm&quot;" name="ResponsiveGrid CSS custom properties should set --grid-gap for gap=&quot;sm&quot;" time="0.001">
    </testcase>
    <testcase classname="ResponsiveGrid CSS custom properties should set --grid-gap for gap=&quot;md&quot;" name="ResponsiveGrid CSS custom properties should set --grid-gap for gap=&quot;md&quot;" time="0">
    </testcase>
    <testcase classname="ResponsiveGrid CSS custom properties should set --grid-gap for gap=&quot;lg&quot;" name="ResponsiveGrid CSS custom properties should set --grid-gap for gap=&quot;lg&quot;" time="0">
    </testcase>
    <testcase classname="ResponsiveGrid CSS custom properties should set --grid-gap for gap=&quot;xl&quot;" name="ResponsiveGrid CSS custom properties should set --grid-gap for gap=&quot;xl&quot;" time="0.001">
    </testcase>
    <testcase classname="ResponsiveGrid data attributes should set data-columns attribute" name="ResponsiveGrid data attributes should set data-columns attribute" time="0">
    </testcase>
    <testcase classname="ResponsiveGrid data attributes should set data-width attribute" name="ResponsiveGrid data attributes should set data-width attribute" time="0.001">
    </testcase>
    <testcase classname="ResponsiveGrid column change callback should call onColumnsChange when columns change" name="ResponsiveGrid column change callback should call onColumnsChange when columns change" time="0.001">
    </testcase>
    <testcase classname="ResponsiveGrid column change callback should not call onColumnsChange when columns stay the same" name="ResponsiveGrid column change callback should not call onColumnsChange when columns stay the same" time="0">
    </testcase>
    <testcase classname="ResponsiveGrid default props should use default minItemWidth of 280" name="ResponsiveGrid default props should use default minItemWidth of 280" time="0.001">
    </testcase>
    <testcase classname="ResponsiveGrid default props should use default maxColumns of 4" name="ResponsiveGrid default props should use default maxColumns of 4" time="0">
    </testcase>
    <testcase classname="ResponsiveGrid default props should use default gap of &quot;md&quot;" name="ResponsiveGrid default props should use default gap of &quot;md&quot;" time="0">
    </testcase>
    <testcase classname="GridItem should render children" name="GridItem should render children" time="0.002">
    </testcase>
    <testcase classname="GridItem should wrap content in a div element" name="GridItem should wrap content in a div element" time="0.001">
    </testcase>
    <testcase classname="GridItem should apply custom className" name="GridItem should apply custom className" time="0">
    </testcase>
    <testcase classname="GridItem should not set gridColumn when span is 1" name="GridItem should not set gridColumn when span is 1" time="0.001">
    </testcase>
    <testcase classname="GridItem should set gridColumn span when span &gt; 1" name="GridItem should set gridColumn span when span &gt; 1" time="0">
    </testcase>
    <testcase classname="GridItem should support span of 3" name="GridItem should support span of 3" time="0.001">
    </testcase>
    <testcase classname="GridItem should support span of 4" name="GridItem should support span of 4" time="0">
    </testcase>
    <testcase classname="GridItem should default span to 1" name="GridItem should default span to 1" time="0">
    </testcase>
    <testcase classname="ResponsiveGrid with GridItem should render GridItems within ResponsiveGrid" name="ResponsiveGrid with GridItem should render GridItems within ResponsiveGrid" time="0.001">
    </testcase>
    <testcase classname="ResponsiveGrid with GridItem should render mixed content (GridItems and regular elements)" name="ResponsiveGrid with GridItem should render mixed content (GridItems and regular elements)" time="0">
    </testcase>
    <testcase classname="edge cases should handle zero width container gracefully" name="edge cases should handle zero width container gracefully" time="0.001">
    </testcase>
    <testcase classname="edge cases should handle empty children" name="edge cases should handle empty children" time="0">
    </testcase>
    <testcase classname="edge cases should handle single child" name="edge cases should handle single child" time="0">
    </testcase>
    <testcase classname="edge cases should handle many children" name="edge cases should handle many children" time="0.004">
    </testcase>
  </testsuite>
  <testsuite name="CardLayout" errors="0" failures="0" skipped="0" timestamp="2025-12-01T00:24:32" time="0.089" tests="28">
    <testcase classname="CardLayout Rendering renders with items" name="CardLayout Rendering renders with items" time="0.003">
    </testcase>
    <testcase classname="CardLayout Rendering renders all items" name="CardLayout Rendering renders all items" time="0.001">
    </testcase>
    <testcase classname="CardLayout Rendering renders items with card variant" name="CardLayout Rendering renders items with card variant" time="0.001">
    </testcase>
    <testcase classname="CardLayout Rendering renders loading skeleton when isLoading is true" name="CardLayout Rendering renders loading skeleton when isLoading is true" time="0.001">
    </testcase>
    <testcase classname="CardLayout Rendering renders empty state when items is empty" name="CardLayout Rendering renders empty state when items is empty" time="0">
    </testcase>
    <testcase classname="CardLayout Rendering uses ResponsiveGrid for layout" name="CardLayout Rendering uses ResponsiveGrid for layout" time="0.003">
    </testcase>
    <testcase classname="CardLayout Grid Configuration passes correct minItemWidth based on cardSize" name="CardLayout Grid Configuration passes correct minItemWidth based on cardSize" time="0.001">
    </testcase>
    <testcase classname="CardLayout Grid Configuration passes maxColumns when columns is numeric" name="CardLayout Grid Configuration passes maxColumns when columns is numeric" time="0.001">
    </testcase>
    <testcase classname="CardLayout Grid Configuration passes 4 as maxColumns when columns is auto" name="CardLayout Grid Configuration passes 4 as maxColumns when columns is auto" time="0.002">
    </testcase>
    <testcase classname="CardLayout Grid Configuration passes gap size to grid" name="CardLayout Grid Configuration passes gap size to grid" time="0.001">
    </testcase>
    <testcase classname="CardLayout Card Size variants supports sm card size" name="CardLayout Card Size variants supports sm card size" time="0.001">
    </testcase>
    <testcase classname="CardLayout Card Size variants supports md card size" name="CardLayout Card Size variants supports md card size" time="0">
    </testcase>
    <testcase classname="CardLayout Card Size variants supports lg card size" name="CardLayout Card Size variants supports lg card size" time="0.001">
    </testcase>
    <testcase classname="CardLayout Card Size variants defaults to md card size" name="CardLayout Card Size variants defaults to md card size" time="0.001">
    </testcase>
    <testcase classname="CardLayout Display Options passes showPubDate to FeedItem" name="CardLayout Display Options passes showPubDate to FeedItem" time="0">
    </testcase>
    <testcase classname="CardLayout Display Options passes showDescription to FeedItem" name="CardLayout Display Options passes showDescription to FeedItem" time="0.001">
    </testcase>
    <testcase classname="CardLayout Display Options passes showCategories to FeedItem" name="CardLayout Display Options passes showCategories to FeedItem" time="0">
    </testcase>
    <testcase classname="CardLayout Display Options passes fallbackImageUrl to FeedItem" name="CardLayout Display Options passes fallbackImageUrl to FeedItem" time="0.001">
    </testcase>
    <testcase classname="CardLayout Display Options passes imageAspectRatio to FeedItem" name="CardLayout Display Options passes imageAspectRatio to FeedItem" time="0.001">
    </testcase>
    <testcase classname="CardLayout Skeleton Loading passes count to skeleton grid" name="CardLayout Skeleton Loading passes count to skeleton grid" time="0">
    </testcase>
    <testcase classname="CardLayout Skeleton Loading defaults to 6 skeleton items" name="CardLayout Skeleton Loading defaults to 6 skeleton items" time="0">
    </testcase>
    <testcase classname="CardLayout Skeleton Loading passes card type to skeleton grid" name="CardLayout Skeleton Loading passes card type to skeleton grid" time="0.001">
    </testcase>
    <testcase classname="CardLayout Item Click Handling passes onItemClick to FeedItem" name="CardLayout Item Click Handling passes onItemClick to FeedItem" time="0">
    </testcase>
    <testcase classname="CardLayout Custom className applies custom className" name="CardLayout Custom className applies custom className" time="0.001">
    </testcase>
    <testcase classname="CardLayout Key Update on forceFallback re-renders when forceFallback changes" name="CardLayout Key Update on forceFallback re-renders when forceFallback changes" time="0.001">
    </testcase>
    <testcase classname="CardLayout Description Truncation passes truncateDescription to FeedItem" name="CardLayout Description Truncation passes truncateDescription to FeedItem" time="0">
    </testcase>
    <testcase classname="CardLayout Description Truncation defaults to 150 characters for truncation" name="CardLayout Description Truncation defaults to 150 characters for truncation" time="0.002">
    </testcase>
    <testcase classname="CardLayout Memoization is wrapped with React.memo" name="CardLayout Memoization is wrapped with React.memo" time="0.001">
    </testcase>
  </testsuite>
  <testsuite name="useContainerSize" errors="0" failures="0" skipped="0" timestamp="2025-12-01T00:24:32" time="0.082" tests="41">
    <testcase classname="useContainerSize basic functionality should return initial size from getBoundingClientRect" name="useContainerSize basic functionality should return initial size from getBoundingClientRect" time="0.002">
    </testcase>
    <testcase classname="useContainerSize basic functionality should return default values when ref is null" name="useContainerSize basic functionality should return default values when ref is null" time="0.001">
    </testcase>
    <testcase classname="useContainerSize basic functionality should use default width/height options" name="useContainerSize basic functionality should use default width/height options" time="0">
    </testcase>
    <testcase classname="useContainerSize basic functionality should update on resize" name="useContainerSize basic functionality should update on resize" time="0.001">
    </testcase>
    <testcase classname="useContainerSize basic functionality should disconnect observer on unmount" name="useContainerSize basic functionality should disconnect observer on unmount" time="0.001">
    </testcase>
    <testcase classname="useContainerSize breakpoint calculation should return xs breakpoint for narrow containers" name="useContainerSize breakpoint calculation should return xs breakpoint for narrow containers" time="0">
    </testcase>
    <testcase classname="useContainerSize breakpoint calculation should return sm breakpoint for small containers" name="useContainerSize breakpoint calculation should return sm breakpoint for small containers" time="0.001">
    </testcase>
    <testcase classname="useContainerSize breakpoint calculation should return md breakpoint for medium containers" name="useContainerSize breakpoint calculation should return md breakpoint for medium containers" time="0.002">
    </testcase>
    <testcase classname="useContainerSize breakpoint calculation should return lg breakpoint for large containers" name="useContainerSize breakpoint calculation should return lg breakpoint for large containers" time="0.001">
    </testcase>
    <testcase classname="useContainerSize breakpoint calculation should return xl breakpoint for extra large containers" name="useContainerSize breakpoint calculation should return xl breakpoint for extra large containers" time="0">
    </testcase>
    <testcase classname="useContainerSize breakpoint calculation should return xxl breakpoint for very large containers" name="useContainerSize breakpoint calculation should return xxl breakpoint for very large containers" time="0.001">
    </testcase>
    <testcase classname="useContainerSize breakpoint calculation should update breakpoint on resize" name="useContainerSize breakpoint calculation should update breakpoint on resize" time="0">
    </testcase>
    <testcase classname="useContainerSize container breakpoint should return narrow for small containers" name="useContainerSize container breakpoint should return narrow for small containers" time="0">
    </testcase>
    <testcase classname="useContainerSize container breakpoint should return compact for medium-small containers" name="useContainerSize container breakpoint should return compact for medium-small containers" time="0">
    </testcase>
    <testcase classname="useContainerSize container breakpoint should return standard for medium containers" name="useContainerSize container breakpoint should return standard for medium containers" time="0">
    </testcase>
    <testcase classname="useContainerSize container breakpoint should return wide for large containers" name="useContainerSize container breakpoint should return wide for large containers" time="0.001">
    </testcase>
    <testcase classname="useContainerSize container breakpoint should return fullWidth for very large containers" name="useContainerSize container breakpoint should return fullWidth for very large containers" time="0">
    </testcase>
    <testcase classname="useContainerSize column calculation should return 1 column for narrow containers" name="useContainerSize column calculation should return 1 column for narrow containers" time="0.001">
    </testcase>
    <testcase classname="useContainerSize column calculation should return 2 columns for medium containers" name="useContainerSize column calculation should return 2 columns for medium containers" time="0">
    </testcase>
    <testcase classname="useContainerSize column calculation should return 3 columns for large containers" name="useContainerSize column calculation should return 3 columns for large containers" time="0">
    </testcase>
    <testcase classname="useContainerSize column calculation should cap at 4 columns" name="useContainerSize column calculation should cap at 4 columns" time="0">
    </testcase>
    <testcase classname="useContainerSize column calculation should respect custom minItemWidth" name="useContainerSize column calculation should respect custom minItemWidth" time="0">
    </testcase>
    <testcase classname="useContainerSize isNarrow flag should be true for widths below 480px" name="useContainerSize isNarrow flag should be true for widths below 480px" time="0">
    </testcase>
    <testcase classname="useContainerSize isNarrow flag should be false for widths 480px and above" name="useContainerSize isNarrow flag should be false for widths 480px and above" time="0">
    </testcase>
    <testcase classname="useContainerSize isNarrow flag should update when resizing across 480px boundary" name="useContainerSize isNarrow flag should update when resizing across 480px boundary" time="0">
    </testcase>
    <testcase classname="useContainerSize debouncing should debounce updates when debounceMs is set" name="useContainerSize debouncing should debounce updates when debounceMs is set" time="0.001">
    </testcase>
    <testcase classname="useContainerSize debouncing should not debounce when debounceMs is 0" name="useContainerSize debouncing should not debounce when debounceMs is 0" time="0.001">
    </testcase>
    <testcase classname="useContainerSize debouncing should cancel pending debounced updates on rapid resizes" name="useContainerSize debouncing should cancel pending debounced updates on rapid resizes" time="0">
    </testcase>
    <testcase classname="useBreakpoint should return current breakpoint" name="useBreakpoint should return current breakpoint" time="0">
    </testcase>
    <testcase classname="useBreakpoint should update on resize" name="useBreakpoint should update on resize" time="0">
    </testcase>
    <testcase classname="useIsAtBreakpoint should return true when at or above target breakpoint" name="useIsAtBreakpoint should return true when at or above target breakpoint" time="0.001">
    </testcase>
    <testcase classname="useIsAtBreakpoint should return false when below target breakpoint" name="useIsAtBreakpoint should return false when below target breakpoint" time="0.001">
    </testcase>
    <testcase classname="useIsAtBreakpoint should return false when not initialized" name="useIsAtBreakpoint should return false when not initialized" time="0">
    </testcase>
    <testcase classname="useIsAtBreakpoint should update on resize" name="useIsAtBreakpoint should update on resize" time="0">
    </testcase>
    <testcase classname="useColumns should return recommended columns based on container width" name="useColumns should return recommended columns based on container width" time="0.001">
    </testcase>
    <testcase classname="useColumns should respect custom minItemWidth" name="useColumns should respect custom minItemWidth" time="0">
    </testcase>
    <testcase classname="useColumns should update on resize" name="useColumns should update on resize" time="0">
    </testcase>
    <testcase classname="edge cases should handle ref changing to null" name="edge cases should handle ref changing to null" time="0.003">
    </testcase>
    <testcase classname="edge cases should handle very small dimensions" name="edge cases should handle very small dimensions" time="0">
    </testcase>
    <testcase classname="edge cases should handle very large dimensions" name="edge cases should handle very large dimensions" time="0.001">
    </testcase>
    <testcase classname="edge cases should clean up on unmount even with debounce pending" name="edge cases should clean up on unmount even with debounce pending" time="0">
    </testcase>
  </testsuite>
  <testsuite name="useTouchInteraction" errors="0" failures="0" skipped="0" timestamp="2025-12-01T00:24:32" time="0.069" tests="37">
    <testcase classname="useTouchInteraction detectTouchDevice returns false when no touch support" name="useTouchInteraction detectTouchDevice returns false when no touch support" time="0">
    </testcase>
    <testcase classname="useTouchInteraction detectTouchDevice returns true when ontouchstart exists" name="useTouchInteraction detectTouchDevice returns true when ontouchstart exists" time="0">
    </testcase>
    <testcase classname="useTouchInteraction detectTouchDevice returns true when maxTouchPoints &gt; 0" name="useTouchInteraction detectTouchDevice returns true when maxTouchPoints &gt; 0" time="0">
    </testcase>
    <testcase classname="useTouchInteraction detectCoarsePointer returns false for fine pointer (mouse)" name="useTouchInteraction detectCoarsePointer returns false for fine pointer (mouse)" time="0">
    </testcase>
    <testcase classname="useTouchInteraction detectCoarsePointer returns true for coarse pointer (touch)" name="useTouchInteraction detectCoarsePointer returns true for coarse pointer (touch)" time="0.001">
    </testcase>
    <testcase classname="useTouchInteraction getOrientation returns portrait when height &gt; width" name="useTouchInteraction getOrientation returns portrait when height &gt; width" time="0">
    </testcase>
    <testcase classname="useTouchInteraction getOrientation returns landscape when width &gt; height" name="useTouchInteraction getOrientation returns landscape when width &gt; height" time="0">
    </testcase>
    <testcase classname="useTouchInteraction useTouchInteraction hook initializes with default values" name="useTouchInteraction useTouchInteraction hook initializes with default values" time="0.002">
    </testcase>
    <testcase classname="useTouchInteraction useTouchInteraction hook provides press handlers" name="useTouchInteraction useTouchInteraction hook provides press handlers" time="0.001">
    </testcase>
    <testcase classname="useTouchInteraction useTouchInteraction hook sets isPressed to true on pointer down" name="useTouchInteraction useTouchInteraction hook sets isPressed to true on pointer down" time="0">
    </testcase>
    <testcase classname="useTouchInteraction useTouchInteraction hook sets isPressed to false on pointer up" name="useTouchInteraction useTouchInteraction hook sets isPressed to false on pointer up" time="0.001">
    </testcase>
    <testcase classname="useTouchInteraction useTouchInteraction hook sets isPressed to false on pointer cancel" name="useTouchInteraction useTouchInteraction hook sets isPressed to false on pointer cancel" time="0.001">
    </testcase>
    <testcase classname="useTouchInteraction useTouchInteraction hook sets isPressed to false on pointer leave" name="useTouchInteraction useTouchInteraction hook sets isPressed to false on pointer leave" time="0.001">
    </testcase>
    <testcase classname="useTouchInteraction useTouchInteraction hook tracks pointer type correctly" name="useTouchInteraction useTouchInteraction hook tracks pointer type correctly" time="0">
    </testcase>
    <testcase classname="useTouchInteraction useTouchInteraction hook detects portrait orientation" name="useTouchInteraction useTouchInteraction hook detects portrait orientation" time="0.001">
    </testcase>
    <testcase classname="useTouchInteraction useTouchInteraction hook detects landscape orientation" name="useTouchInteraction useTouchInteraction hook detects landscape orientation" time="0">
    </testcase>
    <testcase classname="useSwipeGesture initializes with default values" name="useSwipeGesture initializes with default values" time="0.001">
    </testcase>
    <testcase classname="useSwipeGesture provides touch handlers" name="useSwipeGesture provides touch handlers" time="0.002">
    </testcase>
    <testcase classname="useSwipeGesture sets isSwiping to true on touch start" name="useSwipeGesture sets isSwiping to true on touch start" time="0.001">
    </testcase>
    <testcase classname="useSwipeGesture calls onSwipeStart callback" name="useSwipeGesture calls onSwipeStart callback" time="0">
    </testcase>
    <testcase classname="useSwipeGesture detects right swipe direction" name="useSwipeGesture detects right swipe direction" time="0.001">
    </testcase>
    <testcase classname="useSwipeGesture detects left swipe direction" name="useSwipeGesture detects left swipe direction" time="0.001">
    </testcase>
    <testcase classname="useSwipeGesture detects down swipe direction" name="useSwipeGesture detects down swipe direction" time="0">
    </testcase>
    <testcase classname="useSwipeGesture detects up swipe direction" name="useSwipeGesture detects up swipe direction" time="0.001">
    </testcase>
    <testcase classname="useSwipeGesture does not trigger onSwipe when below threshold" name="useSwipeGesture does not trigger onSwipe when below threshold" time="0">
    </testcase>
    <testcase classname="useSwipeGesture calls onSwipeEnd callback" name="useSwipeGesture calls onSwipeEnd callback" time="0">
    </testcase>
    <testcase classname="useSwipeGesture resets state on touch cancel" name="useSwipeGesture resets state on touch cancel" time="0.001">
    </testcase>
    <testcase classname="useSwipeGesture calculates velocity correctly" name="useSwipeGesture calculates velocity correctly" time="0">
    </testcase>
    <testcase classname="useSwipeGesture prevents default when configured" name="useSwipeGesture prevents default when configured" time="0">
    </testcase>
    <testcase classname="useTouchRipple initializes with empty ripples array" name="useTouchRipple initializes with empty ripples array" time="0.001">
    </testcase>
    <testcase classname="useTouchRipple provides createRipple and clearRipples functions" name="useTouchRipple provides createRipple and clearRipples functions" time="0">
    </testcase>
    <testcase classname="useTouchRipple creates a ripple on pointer event" name="useTouchRipple creates a ripple on pointer event" time="0.001">
    </testcase>
    <testcase classname="useTouchRipple creates a ripple on touch event" name="useTouchRipple creates a ripple on touch event" time="0">
    </testcase>
    <testcase classname="useTouchRipple removes ripple after duration" name="useTouchRipple removes ripple after duration" time="0.001">
    </testcase>
    <testcase classname="useTouchRipple clears all ripples" name="useTouchRipple clears all ripples" time="0">
    </testcase>
    <testcase classname="useTouchRipple handles null container ref gracefully" name="useTouchRipple handles null container ref gracefully" time="0">
    </testcase>
    <testcase classname="useTouchRipple creates multiple ripples with unique IDs" name="useTouchRipple creates multiple ripples with unique IDs" time="0.001">
    </testcase>
  </testsuite>
  <testsuite name="ContentSanitizer" errors="0" failures="0" skipped="0" timestamp="2025-12-01T00:24:32" time="0.058" tests="85">
    <testcase classname="ContentSanitizer sanitize() XSS Prevention should block XSS vector #1: &lt;script&gt;alert(&quot;xss&quot;)&lt;/script&gt;..." name="ContentSanitizer sanitize() XSS Prevention should block XSS vector #1: &lt;script&gt;alert(&quot;xss&quot;)&lt;/script&gt;..." time="0.001">
    </testcase>
    <testcase classname="ContentSanitizer sanitize() XSS Prevention should block XSS vector #2: &lt;script src=&quot;evil.js&quot;&gt;&lt;/script&gt;..." name="ContentSanitizer sanitize() XSS Prevention should block XSS vector #2: &lt;script src=&quot;evil.js&quot;&gt;&lt;/script&gt;..." time="0.001">
    </testcase>
    <testcase classname="ContentSanitizer sanitize() XSS Prevention should block XSS vector #3: &lt;img src=&quot;x&quot; onerror=&quot;alert(1)&quot;&gt;..." name="ContentSanitizer sanitize() XSS Prevention should block XSS vector #3: &lt;img src=&quot;x&quot; onerror=&quot;alert(1)&quot;&gt;..." time="0.001">
    </testcase>
    <testcase classname="ContentSanitizer sanitize() XSS Prevention should block XSS vector #4: &lt;div onmouseover=&quot;alert(1)&quot;&gt;hover&lt;/div&gt;..." name="ContentSanitizer sanitize() XSS Prevention should block XSS vector #4: &lt;div onmouseover=&quot;alert(1)&quot;&gt;hover&lt;/div&gt;..." time="0">
    </testcase>
    <testcase classname="ContentSanitizer sanitize() XSS Prevention should block XSS vector #5: &lt;body onload=&quot;alert(1)&quot;&gt;..." name="ContentSanitizer sanitize() XSS Prevention should block XSS vector #5: &lt;body onload=&quot;alert(1)&quot;&gt;..." time="0">
    </testcase>
    <testcase classname="ContentSanitizer sanitize() XSS Prevention should block XSS vector #6: &lt;input onfocus=&quot;alert(1)&quot; autofocus&gt;..." name="ContentSanitizer sanitize() XSS Prevention should block XSS vector #6: &lt;input onfocus=&quot;alert(1)&quot; autofocus&gt;..." time="0.002">
    </testcase>
    <testcase classname="ContentSanitizer sanitize() XSS Prevention should block XSS vector #7: &lt;svg onload=&quot;alert(1)&quot;&gt;..." name="ContentSanitizer sanitize() XSS Prevention should block XSS vector #7: &lt;svg onload=&quot;alert(1)&quot;&gt;..." time="0">
    </testcase>
    <testcase classname="ContentSanitizer sanitize() XSS Prevention should block XSS vector #8: &lt;video&gt;&lt;source onerror=&quot;alert(1)&quot;&gt;&lt;/video&gt;..." name="ContentSanitizer sanitize() XSS Prevention should block XSS vector #8: &lt;video&gt;&lt;source onerror=&quot;alert(1)&quot;&gt;&lt;/video&gt;..." time="0.001">
    </testcase>
    <testcase classname="ContentSanitizer sanitize() XSS Prevention should block XSS vector #9: &lt;marquee onstart=&quot;alert(1)&quot;&gt;..." name="ContentSanitizer sanitize() XSS Prevention should block XSS vector #9: &lt;marquee onstart=&quot;alert(1)&quot;&gt;..." time="0">
    </testcase>
    <testcase classname="ContentSanitizer sanitize() XSS Prevention should block XSS vector #10: &lt;a href=&quot;javascript:alert(1)&quot;&gt;click&lt;/a&gt;..." name="ContentSanitizer sanitize() XSS Prevention should block XSS vector #10: &lt;a href=&quot;javascript:alert(1)&quot;&gt;click&lt;/a&gt;..." time="0">
    </testcase>
    <testcase classname="ContentSanitizer sanitize() XSS Prevention should block XSS vector #11: &lt;a href=&quot;JAVASCRIPT:alert(1)&quot;&gt;click&lt;/a&gt;..." name="ContentSanitizer sanitize() XSS Prevention should block XSS vector #11: &lt;a href=&quot;JAVASCRIPT:alert(1)&quot;&gt;click&lt;/a&gt;..." time="0.001">
    </testcase>
    <testcase classname="ContentSanitizer sanitize() XSS Prevention should block XSS vector #12: &lt;a href=&quot;javascript&amp;#58;alert(1)&quot;&gt;click&lt;/a&gt;..." name="ContentSanitizer sanitize() XSS Prevention should block XSS vector #12: &lt;a href=&quot;javascript&amp;#58;alert(1)&quot;&gt;click&lt;/a&gt;..." time="0">
    </testcase>
    <testcase classname="ContentSanitizer sanitize() XSS Prevention should block XSS vector #13: &lt;a href=&quot;&amp;#106;avascript:alert(1)&quot;&gt;click&lt;/a&gt;..." name="ContentSanitizer sanitize() XSS Prevention should block XSS vector #13: &lt;a href=&quot;&amp;#106;avascript:alert(1)&quot;&gt;click&lt;/a&gt;..." time="0">
    </testcase>
    <testcase classname="ContentSanitizer sanitize() XSS Prevention should block XSS vector #14: &lt;a href=&quot;data:text/html,&lt;script&gt;alert(1)&lt;/script&gt;&quot;..." name="ContentSanitizer sanitize() XSS Prevention should block XSS vector #14: &lt;a href=&quot;data:text/html,&lt;script&gt;alert(1)&lt;/script&gt;&quot;..." time="0">
    </testcase>
    <testcase classname="ContentSanitizer sanitize() XSS Prevention should block XSS vector #15: &lt;img src=&quot;data:text/html,&lt;script&gt;alert(1)&lt;/script&gt;..." name="ContentSanitizer sanitize() XSS Prevention should block XSS vector #15: &lt;img src=&quot;data:text/html,&lt;script&gt;alert(1)&lt;/script&gt;..." time="0.001">
    </testcase>
    <testcase classname="ContentSanitizer sanitize() XSS Prevention should block XSS vector #16: &lt;a href=&quot;vbscript:alert(1)&quot;&gt;click&lt;/a&gt;..." name="ContentSanitizer sanitize() XSS Prevention should block XSS vector #16: &lt;a href=&quot;vbscript:alert(1)&quot;&gt;click&lt;/a&gt;..." time="0">
    </testcase>
    <testcase classname="ContentSanitizer sanitize() XSS Prevention should block XSS vector #17: &lt;iframe src=&quot;javascript:alert(1)&quot;&gt;&lt;/iframe&gt;..." name="ContentSanitizer sanitize() XSS Prevention should block XSS vector #17: &lt;iframe src=&quot;javascript:alert(1)&quot;&gt;&lt;/iframe&gt;..." time="0">
    </testcase>
    <testcase classname="ContentSanitizer sanitize() XSS Prevention should block XSS vector #18: &lt;iframe src=&quot;https://evil.com&quot;&gt;&lt;/iframe&gt;..." name="ContentSanitizer sanitize() XSS Prevention should block XSS vector #18: &lt;iframe src=&quot;https://evil.com&quot;&gt;&lt;/iframe&gt;..." time="0">
    </testcase>
    <testcase classname="ContentSanitizer sanitize() XSS Prevention should block XSS vector #19: &lt;object data=&quot;javascript:alert(1)&quot;&gt;&lt;/object&gt;..." name="ContentSanitizer sanitize() XSS Prevention should block XSS vector #19: &lt;object data=&quot;javascript:alert(1)&quot;&gt;&lt;/object&gt;..." time="0.001">
    </testcase>
    <testcase classname="ContentSanitizer sanitize() XSS Prevention should block XSS vector #20: &lt;embed src=&quot;javascript:alert(1)&quot;&gt;..." name="ContentSanitizer sanitize() XSS Prevention should block XSS vector #20: &lt;embed src=&quot;javascript:alert(1)&quot;&gt;..." time="0.001">
    </testcase>
    <testcase classname="ContentSanitizer sanitize() XSS Prevention should block XSS vector #21: &lt;form action=&quot;https://evil.com&quot;&gt;&lt;input&gt;&lt;/form&gt;..." name="ContentSanitizer sanitize() XSS Prevention should block XSS vector #21: &lt;form action=&quot;https://evil.com&quot;&gt;&lt;input&gt;&lt;/form&gt;..." time="0">
    </testcase>
    <testcase classname="ContentSanitizer sanitize() XSS Prevention should block XSS vector #22: &lt;style&gt;body{background:url(&quot;javascript:alert(1)&quot;)}..." name="ContentSanitizer sanitize() XSS Prevention should block XSS vector #22: &lt;style&gt;body{background:url(&quot;javascript:alert(1)&quot;)}..." time="0">
    </testcase>
    <testcase classname="ContentSanitizer sanitize() XSS Prevention should block XSS vector #23: &lt;div style=&quot;background:url(javascript:alert(1))&quot;&gt;t..." name="ContentSanitizer sanitize() XSS Prevention should block XSS vector #23: &lt;div style=&quot;background:url(javascript:alert(1))&quot;&gt;t..." time="0">
    </testcase>
    <testcase classname="ContentSanitizer sanitize() XSS Prevention should block XSS vector #24: &lt;svg&gt;&lt;script&gt;alert(1)&lt;/script&gt;&lt;/svg&gt;..." name="ContentSanitizer sanitize() XSS Prevention should block XSS vector #24: &lt;svg&gt;&lt;script&gt;alert(1)&lt;/script&gt;&lt;/svg&gt;..." time="0.001">
    </testcase>
    <testcase classname="ContentSanitizer sanitize() XSS Prevention should block XSS vector #25: &lt;svg/onload=alert(1)&gt;..." name="ContentSanitizer sanitize() XSS Prevention should block XSS vector #25: &lt;svg/onload=alert(1)&gt;..." time="0">
    </testcase>
    <testcase classname="ContentSanitizer sanitize() XSS Prevention should block XSS vector #26: &lt;meta http-equiv=&quot;refresh&quot; content=&quot;0;url=javascri..." name="ContentSanitizer sanitize() XSS Prevention should block XSS vector #26: &lt;meta http-equiv=&quot;refresh&quot; content=&quot;0;url=javascri..." time="0">
    </testcase>
    <testcase classname="ContentSanitizer sanitize() XSS Prevention should block XSS vector #27: &lt;base href=&quot;https://evil.com/&quot;&gt;..." name="ContentSanitizer sanitize() XSS Prevention should block XSS vector #27: &lt;base href=&quot;https://evil.com/&quot;&gt;..." time="0">
    </testcase>
    <testcase classname="ContentSanitizer sanitize() XSS Prevention should block XSS vector #28: &lt;template&gt;&lt;script&gt;alert(1)&lt;/script&gt;&lt;/template&gt;..." name="ContentSanitizer sanitize() XSS Prevention should block XSS vector #28: &lt;template&gt;&lt;script&gt;alert(1)&lt;/script&gt;&lt;/template&gt;..." time="0">
    </testcase>
    <testcase classname="ContentSanitizer sanitize() XSS Prevention should block XSS vector #29: &lt;math&gt;&lt;maction actiontype=&quot;statusline#http://evil&quot;..." name="ContentSanitizer sanitize() XSS Prevention should block XSS vector #29: &lt;math&gt;&lt;maction actiontype=&quot;statusline#http://evil&quot;..." time="0.001">
    </testcase>
    <testcase classname="ContentSanitizer sanitize() XSS Prevention should block XSS vector #30: &quot;&gt;&lt;script&gt;alert(1)&lt;/script&gt;..." name="ContentSanitizer sanitize() XSS Prevention should block XSS vector #30: &quot;&gt;&lt;script&gt;alert(1)&lt;/script&gt;..." time="0">
    </testcase>
    <testcase classname="ContentSanitizer sanitize() XSS Prevention should block XSS vector #31: &apos;-alert(1)-&apos;..." name="ContentSanitizer sanitize() XSS Prevention should block XSS vector #31: &apos;-alert(1)-&apos;..." time="0">
    </testcase>
    <testcase classname="ContentSanitizer sanitize() XSS Prevention should block XSS vector #32: &lt;a href=&quot;javascript:alert(1)&quot;&gt;test&lt;/a&gt;..." name="ContentSanitizer sanitize() XSS Prevention should block XSS vector #32: &lt;a href=&quot;javascript:alert(1)&quot;&gt;test&lt;/a&gt;..." time="0">
    </testcase>
    <testcase classname="ContentSanitizer sanitize() XSS Prevention should block XSS vector #33: &lt;input autofocus onfocus=alert(1)&gt;..." name="ContentSanitizer sanitize() XSS Prevention should block XSS vector #33: &lt;input autofocus onfocus=alert(1)&gt;..." time="0.001">
    </testcase>
    <testcase classname="ContentSanitizer sanitize() XSS Prevention should block XSS vector #34: &lt;textarea autofocus onfocus=alert(1)&gt;&lt;/textarea&gt;..." name="ContentSanitizer sanitize() XSS Prevention should block XSS vector #34: &lt;textarea autofocus onfocus=alert(1)&gt;&lt;/textarea&gt;..." time="0">
    </testcase>
    <testcase classname="ContentSanitizer sanitize() XSS Prevention should block XSS vector #35: &lt;div style=&quot;width:expression(alert(1))&quot;&gt;test&lt;/div&gt;..." name="ContentSanitizer sanitize() XSS Prevention should block XSS vector #35: &lt;div style=&quot;width:expression(alert(1))&quot;&gt;test&lt;/div&gt;..." time="0.001">
    </testcase>
    <testcase classname="ContentSanitizer sanitize() XSS Prevention should block XSS vector #36: &lt;a href=&quot;java&amp;#x09;script:alert(1)&quot;&gt;click&lt;/a&gt;..." name="ContentSanitizer sanitize() XSS Prevention should block XSS vector #36: &lt;a href=&quot;java&amp;#x09;script:alert(1)&quot;&gt;click&lt;/a&gt;..." time="0">
    </testcase>
    <testcase classname="ContentSanitizer sanitize() Safe Content Preservation should preserve safe paragraph tags" name="ContentSanitizer sanitize() Safe Content Preservation should preserve safe paragraph tags" time="0">
    </testcase>
    <testcase classname="ContentSanitizer sanitize() Safe Content Preservation should preserve safe text formatting" name="ContentSanitizer sanitize() Safe Content Preservation should preserve safe text formatting" time="0">
    </testcase>
    <testcase classname="ContentSanitizer sanitize() Safe Content Preservation should preserve safe links with http/https" name="ContentSanitizer sanitize() Safe Content Preservation should preserve safe links with http/https" time="0">
    </testcase>
    <testcase classname="ContentSanitizer sanitize() Safe Content Preservation should preserve safe images with http/https src" name="ContentSanitizer sanitize() Safe Content Preservation should preserve safe images with http/https src" time="0">
    </testcase>
    <testcase classname="ContentSanitizer sanitize() Safe Content Preservation should preserve lists" name="ContentSanitizer sanitize() Safe Content Preservation should preserve lists" time="0">
    </testcase>
    <testcase classname="ContentSanitizer sanitize() Safe Content Preservation should preserve blockquotes" name="ContentSanitizer sanitize() Safe Content Preservation should preserve blockquotes" time="0">
    </testcase>
    <testcase classname="ContentSanitizer sanitize() Safe Content Preservation should preserve code blocks" name="ContentSanitizer sanitize() Safe Content Preservation should preserve code blocks" time="0">
    </testcase>
    <testcase classname="ContentSanitizer sanitize() Safe Content Preservation should preserve tables" name="ContentSanitizer sanitize() Safe Content Preservation should preserve tables" time="0">
    </testcase>
    <testcase classname="ContentSanitizer sanitize() Safe Content Preservation should preserve headings" name="ContentSanitizer sanitize() Safe Content Preservation should preserve headings" time="0">
    </testcase>
    <testcase classname="ContentSanitizer sanitize() Safe Content Preservation should preserve line breaks" name="ContentSanitizer sanitize() Safe Content Preservation should preserve line breaks" time="0">
    </testcase>
    <testcase classname="ContentSanitizer sanitize() Edge Cases should handle empty string" name="ContentSanitizer sanitize() Edge Cases should handle empty string" time="0">
    </testcase>
    <testcase classname="ContentSanitizer sanitize() Edge Cases should handle null/undefined" name="ContentSanitizer sanitize() Edge Cases should handle null/undefined" time="0">
    </testcase>
    <testcase classname="ContentSanitizer sanitize() Edge Cases should handle plain text" name="ContentSanitizer sanitize() Edge Cases should handle plain text" time="0">
    </testcase>
    <testcase classname="ContentSanitizer sanitize() Edge Cases should handle nested tags" name="ContentSanitizer sanitize() Edge Cases should handle nested tags" time="0">
    </testcase>
    <testcase classname="ContentSanitizer sanitize() Edge Cases should handle malformed HTML" name="ContentSanitizer sanitize() Edge Cases should handle malformed HTML" time="0">
    </testcase>
    <testcase classname="ContentSanitizer sanitize() Edge Cases should handle HTML entities" name="ContentSanitizer sanitize() Edge Cases should handle HTML entities" time="0">
    </testcase>
    <testcase classname="ContentSanitizer sanitize() Edge Cases should handle CDATA sections" name="ContentSanitizer sanitize() Edge Cases should handle CDATA sections" time="0">
    </testcase>
    <testcase classname="ContentSanitizer sanitize() Edge Cases should handle very long content" name="ContentSanitizer sanitize() Edge Cases should handle very long content" time="0.001">
    </testcase>
    <testcase classname="ContentSanitizer sanitize() Link Security should add target=&quot;_blank&quot; to external links" name="ContentSanitizer sanitize() Link Security should add target=&quot;_blank&quot; to external links" time="0">
    </testcase>
    <testcase classname="ContentSanitizer sanitize() Link Security should add rel=&quot;noopener noreferrer&quot; to external links" name="ContentSanitizer sanitize() Link Security should add rel=&quot;noopener noreferrer&quot; to external links" time="0">
    </testcase>
    <testcase classname="ContentSanitizer sanitize() Link Security should preserve mailto: links" name="ContentSanitizer sanitize() Link Security should preserve mailto: links" time="0">
    </testcase>
    <testcase classname="ContentSanitizer sanitize() Link Security should not add target=&quot;_blank&quot; to relative links" name="ContentSanitizer sanitize() Link Security should not add target=&quot;_blank&quot; to relative links" time="0">
    </testcase>
    <testcase classname="ContentSanitizer sanitizeText() should escape HTML entities" name="ContentSanitizer sanitizeText() should escape HTML entities" time="0">
    </testcase>
    <testcase classname="ContentSanitizer sanitizeText() should escape quotes" name="ContentSanitizer sanitizeText() should escape quotes" time="0">
    </testcase>
    <testcase classname="ContentSanitizer sanitizeText() should escape ampersands" name="ContentSanitizer sanitizeText() should escape ampersands" time="0">
    </testcase>
    <testcase classname="ContentSanitizer sanitizeText() should handle empty string" name="ContentSanitizer sanitizeText() should handle empty string" time="0">
    </testcase>
    <testcase classname="ContentSanitizer sanitizeText() should handle null/undefined" name="ContentSanitizer sanitizeText() should handle null/undefined" time="0">
    </testcase>
    <testcase classname="ContentSanitizer sanitizeUrl() should allow https URLs" name="ContentSanitizer sanitizeUrl() should allow https URLs" time="0.001">
    </testcase>
    <testcase classname="ContentSanitizer sanitizeUrl() should allow http URLs" name="ContentSanitizer sanitizeUrl() should allow http URLs" time="0">
    </testcase>
    <testcase classname="ContentSanitizer sanitizeUrl() should allow protocol-relative URLs" name="ContentSanitizer sanitizeUrl() should allow protocol-relative URLs" time="0">
    </testcase>
    <testcase classname="ContentSanitizer sanitizeUrl() should allow relative URLs" name="ContentSanitizer sanitizeUrl() should allow relative URLs" time="0">
    </testcase>
    <testcase classname="ContentSanitizer sanitizeUrl() should block javascript: URLs" name="ContentSanitizer sanitizeUrl() should block javascript: URLs" time="0">
    </testcase>
    <testcase classname="ContentSanitizer sanitizeUrl() should block vbscript: URLs" name="ContentSanitizer sanitizeUrl() should block vbscript: URLs" time="0">
    </testcase>
    <testcase classname="ContentSanitizer sanitizeUrl() should block data:text/html URLs" name="ContentSanitizer sanitizeUrl() should block data:text/html URLs" time="0">
    </testcase>
    <testcase classname="ContentSanitizer sanitizeUrl() should handle empty URLs" name="ContentSanitizer sanitizeUrl() should handle empty URLs" time="0">
    </testcase>
    <testcase classname="ContentSanitizer sanitizeUrl() should handle URLs with query strings" name="ContentSanitizer sanitizeUrl() should handle URLs with query strings" time="0.001">
    </testcase>
    <testcase classname="ContentSanitizer sanitizeUrl() should handle URLs with fragments" name="ContentSanitizer sanitizeUrl() should handle URLs with fragments" time="0">
    </testcase>
    <testcase classname="ContentSanitizer stripHtml() should strip all HTML tags" name="ContentSanitizer stripHtml() should strip all HTML tags" time="0.001">
    </testcase>
    <testcase classname="ContentSanitizer stripHtml() should decode HTML entities" name="ContentSanitizer stripHtml() should decode HTML entities" time="0">
    </testcase>
    <testcase classname="ContentSanitizer stripHtml() should handle script tags" name="ContentSanitizer stripHtml() should handle script tags" time="0">
    </testcase>
    <testcase classname="ContentSanitizer stripHtml() should handle empty string" name="ContentSanitizer stripHtml() should handle empty string" time="0">
    </testcase>
    <testcase classname="ContentSanitizer stripHtml() should handle null/undefined" name="ContentSanitizer stripHtml() should handle null/undefined" time="0">
    </testcase>
    <testcase classname="ContentSanitizer Custom Configuration should accept custom configuration without errors" name="ContentSanitizer Custom Configuration should accept custom configuration without errors" time="0.001">
    </testcase>
    <testcase classname="ContentSanitizer Custom Configuration should still block forbidden tags with custom config" name="ContentSanitizer Custom Configuration should still block forbidden tags with custom config" time="0">
    </testcase>
    <testcase classname="ContentSanitizer Custom Configuration should still block forbidden attributes with custom config" name="ContentSanitizer Custom Configuration should still block forbidden attributes with custom config" time="0">
    </testcase>
    <testcase classname="ContentSanitizer Custom Configuration should block event handlers regardless of config" name="ContentSanitizer Custom Configuration should block event handlers regardless of config" time="0">
    </testcase>
    <testcase classname="ContentSanitizer Singleton Instance should return the same instance" name="ContentSanitizer Singleton Instance should return the same instance" time="0">
    </testcase>
    <testcase classname="ContentSanitizer Singleton Instance should be the same as exported sanitizer" name="ContentSanitizer Singleton Instance should be the same as exported sanitizer" time="0">
    </testcase>
    <testcase classname="ContentSanitizer Performance should sanitize content within acceptable time (&lt;5ms per item)" name="ContentSanitizer Performance should sanitize content within acceptable time (&lt;5ms per item)" time="0">
    </testcase>
  </testsuite>
  <testsuite name="RssErrorCode" errors="0" failures="0" skipped="0" timestamp="2025-12-01T00:24:32" time="0.059" tests="99">
    <testcase classname="RssErrorCode Network errors (1xx) should have CORS blocked error code 101" name="RssErrorCode Network errors (1xx) should have CORS blocked error code 101" time="0">
    </testcase>
    <testcase classname="RssErrorCode Network errors (1xx) should have timeout error code 102" name="RssErrorCode Network errors (1xx) should have timeout error code 102" time="0">
    </testcase>
    <testcase classname="RssErrorCode Network errors (1xx) should have DNS failed error code 103" name="RssErrorCode Network errors (1xx) should have DNS failed error code 103" time="0.001">
    </testcase>
    <testcase classname="RssErrorCode Network errors (1xx) should have offline error code 104" name="RssErrorCode Network errors (1xx) should have offline error code 104" time="0">
    </testcase>
    <testcase classname="RssErrorCode Network errors (1xx) should have proxy failed error code 105" name="RssErrorCode Network errors (1xx) should have proxy failed error code 105" time="0">
    </testcase>
    <testcase classname="RssErrorCode Network errors (1xx) should have all network error codes in 1xx range" name="RssErrorCode Network errors (1xx) should have all network error codes in 1xx range" time="0">
    </testcase>
    <testcase classname="RssErrorCode Parsing errors (2xx) should have invalid XML error code 201" name="RssErrorCode Parsing errors (2xx) should have invalid XML error code 201" time="0">
    </testcase>
    <testcase classname="RssErrorCode Parsing errors (2xx) should have unknown format error code 202" name="RssErrorCode Parsing errors (2xx) should have unknown format error code 202" time="0.001">
    </testcase>
    <testcase classname="RssErrorCode Parsing errors (2xx) should have all parsing error codes in 2xx range" name="RssErrorCode Parsing errors (2xx) should have all parsing error codes in 2xx range" time="0">
    </testcase>
    <testcase classname="RssErrorCode Configuration errors (3xx) should have invalid URL error code 301" name="RssErrorCode Configuration errors (3xx) should have invalid URL error code 301" time="0">
    </testcase>
    <testcase classname="RssErrorCode Configuration errors (3xx) should have all configuration error codes in 3xx range" name="RssErrorCode Configuration errors (3xx) should have all configuration error codes in 3xx range" time="0">
    </testcase>
    <testcase classname="RssErrorCode Runtime errors (4xx) should have component crash error code 401" name="RssErrorCode Runtime errors (4xx) should have component crash error code 401" time="0">
    </testcase>
    <testcase classname="RssErrorCode Runtime errors (4xx) should have all runtime error codes in 4xx range" name="RssErrorCode Runtime errors (4xx) should have all runtime error codes in 4xx range" time="0.002">
    </testcase>
    <testcase classname="ERROR_METADATA should have metadata for all error codes" name="ERROR_METADATA should have metadata for all error codes" time="0.002">
    </testcase>
    <testcase classname="ERROR_METADATA should have correct categories for network errors" name="ERROR_METADATA should have correct categories for network errors" time="0">
    </testcase>
    <testcase classname="ERROR_METADATA should have correct categories for parsing errors" name="ERROR_METADATA should have correct categories for parsing errors" time="0">
    </testcase>
    <testcase classname="ERROR_METADATA should have correct categories for configuration errors" name="ERROR_METADATA should have correct categories for configuration errors" time="0">
    </testcase>
    <testcase classname="ERROR_METADATA should have correct categories for runtime errors" name="ERROR_METADATA should have correct categories for runtime errors" time="0">
    </testcase>
    <testcase classname="ERROR_METADATA should mark CORS errors as not retryable" name="ERROR_METADATA should mark CORS errors as not retryable" time="0">
    </testcase>
    <testcase classname="ERROR_METADATA should mark timeout errors as retryable" name="ERROR_METADATA should mark timeout errors as retryable" time="0">
    </testcase>
    <testcase classname="ERROR_METADATA should mark offline errors as retryable" name="ERROR_METADATA should mark offline errors as retryable" time="0">
    </testcase>
    <testcase classname="ERROR_METADATA should have retry delays for retryable errors" name="ERROR_METADATA should have retry delays for retryable errors" time="0">
    </testcase>
    <testcase classname="ERROR_METADATA should have max retries for retryable errors" name="ERROR_METADATA should have max retries for retryable errors" time="0">
    </testcase>
    <testcase classname="ERROR_METADATA should have zero max retries for non-retryable errors" name="ERROR_METADATA should have zero max retries for non-retryable errors" time="0">
    </testcase>
    <testcase classname="createRssError should create error with correct code" name="createRssError should create error with correct code" time="0">
    </testcase>
    <testcase classname="createRssError should create error with correct category" name="createRssError should create error with correct category" time="0">
    </testcase>
    <testcase classname="createRssError should create error with timestamp" name="createRssError should create error with timestamp" time="0.001">
    </testcase>
    <testcase classname="createRssError should use custom message when provided" name="createRssError should use custom message when provided" time="0">
    </testcase>
    <testcase classname="createRssError should use custom user message when provided" name="createRssError should use custom user message when provided" time="0">
    </testcase>
    <testcase classname="createRssError should include error details when provided" name="createRssError should include error details when provided" time="0">
    </testcase>
    <testcase classname="createRssError should include cause when provided" name="createRssError should include cause when provided" time="0">
    </testcase>
    <testcase classname="createRssError should include suggested actions" name="createRssError should include suggested actions" time="0">
    </testcase>
    <testcase classname="createRssError should use custom suggested actions when provided" name="createRssError should use custom suggested actions when provided" time="0">
    </testcase>
    <testcase classname="createRssError should set retryable flag from metadata" name="createRssError should set retryable flag from metadata" time="0">
    </testcase>
    <testcase classname="createRssError should set recoverable flag from metadata" name="createRssError should set recoverable flag from metadata" time="0">
    </testcase>
    <testcase classname="createRssError should set severity from metadata" name="createRssError should set severity from metadata" time="0">
    </testcase>
    <testcase classname="createRssErrorFromError should create RssError from native Error" name="createRssErrorFromError should create RssError from native Error" time="0.007">
    </testcase>
    <testcase classname="createRssErrorFromError should classify CORS errors correctly" name="createRssErrorFromError should classify CORS errors correctly" time="0">
    </testcase>
    <testcase classname="createRssErrorFromError should classify timeout errors correctly" name="createRssErrorFromError should classify timeout errors correctly" time="0">
    </testcase>
    <testcase classname="createRssErrorFromError should classify DNS errors correctly" name="createRssErrorFromError should classify DNS errors correctly" time="0.001">
    </testcase>
    <testcase classname="createRssErrorFromError should include feed URL in details" name="createRssErrorFromError should include feed URL in details" time="0">
    </testcase>
    <testcase classname="createRssErrorFromError should include stack trace in details" name="createRssErrorFromError should include stack trace in details" time="0">
    </testcase>
    <testcase classname="classifyError should classify CORS errors" name="classifyError should classify CORS errors" time="0">
    </testcase>
    <testcase classname="classifyError should classify timeout errors" name="classifyError should classify timeout errors" time="0">
    </testcase>
    <testcase classname="classifyError should classify DNS errors" name="classifyError should classify DNS errors" time="0.001">
    </testcase>
    <testcase classname="classifyError should classify proxy errors" name="classifyError should classify proxy errors" time="0">
    </testcase>
    <testcase classname="classifyError should classify SSL errors" name="classifyError should classify SSL errors" time="0">
    </testcase>
    <testcase classname="classifyError should classify connection refused errors" name="classifyError should classify connection refused errors" time="0">
    </testcase>
    <testcase classname="classifyError should classify XML parsing errors" name="classifyError should classify XML parsing errors" time="0">
    </testcase>
    <testcase classname="classifyError should classify unknown format errors" name="classifyError should classify unknown format errors" time="0">
    </testcase>
    <testcase classname="classifyError should classify empty feed errors" name="classifyError should classify empty feed errors" time="0.001">
    </testcase>
    <testcase classname="classifyError should classify encoding errors" name="classifyError should classify encoding errors" time="0">
    </testcase>
    <testcase classname="classifyError should classify CSP errors" name="classifyError should classify CSP errors" time="0">
    </testcase>
    <testcase classname="classifyError should classify invalid URL errors" name="classifyError should classify invalid URL errors" time="0">
    </testcase>
    <testcase classname="classifyError should classify missing URL errors" name="classifyError should classify missing URL errors" time="0">
    </testcase>
    <testcase classname="classifyError should classify blocked URL errors" name="classifyError should classify blocked URL errors" time="0">
    </testcase>
    <testcase classname="classifyError should classify memory errors" name="classifyError should classify memory errors" time="0">
    </testcase>
    <testcase classname="classifyError should classify component errors" name="classifyError should classify component errors" time="0">
    </testcase>
    <testcase classname="classifyError should default to unknown runtime error" name="classifyError should default to unknown runtime error" time="0">
    </testcase>
    <testcase classname="isRssError should return true for valid RssError objects" name="isRssError should return true for valid RssError objects" time="0">
    </testcase>
    <testcase classname="isRssError should return false for native Error objects" name="isRssError should return false for native Error objects" time="0">
    </testcase>
    <testcase classname="isRssError should return false for null" name="isRssError should return false for null" time="0">
    </testcase>
    <testcase classname="isRssError should return false for undefined" name="isRssError should return false for undefined" time="0">
    </testcase>
    <testcase classname="isRssError should return false for plain objects without required fields" name="isRssError should return false for plain objects without required fields" time="0">
    </testcase>
    <testcase classname="isRssError should return false for objects with invalid error code" name="isRssError should return false for objects with invalid error code" time="0.001">
    </testcase>
    <testcase classname="isRssError should return true for manually constructed valid objects" name="isRssError should return true for manually constructed valid objects" time="0">
    </testcase>
    <testcase classname="getErrorCategory should return NETWORK for network errors" name="getErrorCategory should return NETWORK for network errors" time="0">
    </testcase>
    <testcase classname="getErrorCategory should return PARSING for parsing errors" name="getErrorCategory should return PARSING for parsing errors" time="0">
    </testcase>
    <testcase classname="getErrorCategory should return CONFIGURATION for config errors" name="getErrorCategory should return CONFIGURATION for config errors" time="0">
    </testcase>
    <testcase classname="getErrorCategory should return RUNTIME for runtime errors" name="getErrorCategory should return RUNTIME for runtime errors" time="0">
    </testcase>
    <testcase classname="isRetryable should return true for retryable error codes" name="isRetryable should return true for retryable error codes" time="0">
    </testcase>
    <testcase classname="isRetryable should return false for non-retryable error codes" name="isRetryable should return false for non-retryable error codes" time="0">
    </testcase>
    <testcase classname="isRetryable should work with RssError objects" name="isRetryable should work with RssError objects" time="0">
    </testcase>
    <testcase classname="isRecoverable should return true for recoverable errors" name="isRecoverable should return true for recoverable errors" time="0">
    </testcase>
    <testcase classname="isRecoverable should return false for non-recoverable errors" name="isRecoverable should return false for non-recoverable errors" time="0">
    </testcase>
    <testcase classname="isRecoverable should work with RssError objects" name="isRecoverable should work with RssError objects" time="0">
    </testcase>
    <testcase classname="getRetryDelay should return base delay for attempt 0" name="getRetryDelay should return base delay for attempt 0" time="0">
    </testcase>
    <testcase classname="getRetryDelay should apply exponential backoff" name="getRetryDelay should apply exponential backoff" time="0">
    </testcase>
    <testcase classname="getRetryDelay should cap delay at 30 seconds" name="getRetryDelay should cap delay at 30 seconds" time="0">
    </testcase>
    <testcase classname="getRetryDelay should use default delay for errors without specified delay" name="getRetryDelay should use default delay for errors without specified delay" time="0">
    </testcase>
    <testcase classname="getRetryDelay should work with RssError objects" name="getRetryDelay should work with RssError objects" time="0">
    </testcase>
    <testcase classname="getMaxRetries should return correct max retries for retryable errors" name="getMaxRetries should return correct max retries for retryable errors" time="0">
    </testcase>
    <testcase classname="getMaxRetries should return 0 for non-retryable errors" name="getMaxRetries should return 0 for non-retryable errors" time="0">
    </testcase>
    <testcase classname="getMaxRetries should work with RssError objects" name="getMaxRetries should work with RssError objects" time="0">
    </testcase>
    <testcase classname="RssErrorSeverity should have INFO level" name="RssErrorSeverity should have INFO level" time="0">
    </testcase>
    <testcase classname="RssErrorSeverity should have WARNING level" name="RssErrorSeverity should have WARNING level" time="0">
    </testcase>
    <testcase classname="RssErrorSeverity should have ERROR level" name="RssErrorSeverity should have ERROR level" time="0">
    </testcase>
    <testcase classname="RssErrorSeverity should have CRITICAL level" name="RssErrorSeverity should have CRITICAL level" time="0">
    </testcase>
    <testcase classname="RssErrorCategory should have NETWORK category" name="RssErrorCategory should have NETWORK category" time="0">
    </testcase>
    <testcase classname="RssErrorCategory should have PARSING category" name="RssErrorCategory should have PARSING category" time="0">
    </testcase>
    <testcase classname="RssErrorCategory should have CONFIGURATION category" name="RssErrorCategory should have CONFIGURATION category" time="0">
    </testcase>
    <testcase classname="RssErrorCategory should have RUNTIME category" name="RssErrorCategory should have RUNTIME category" time="0">
    </testcase>
    <testcase classname="Error code uniqueness should have unique error codes" name="Error code uniqueness should have unique error codes" time="0">
    </testcase>
    <testcase classname="Default messages should provide default messages for all error codes" name="Default messages should provide default messages for all error codes" time="0.002">
    </testcase>
    <testcase classname="Default messages should have user-friendly messages that differ from technical messages" name="Default messages should have user-friendly messages that differ from technical messages" time="0.001">
    </testcase>
    <testcase classname="Suggested actions should provide suggested actions for CORS errors" name="Suggested actions should provide suggested actions for CORS errors" time="0">
    </testcase>
    <testcase classname="Suggested actions should provide retry action for timeout errors" name="Suggested actions should provide retry action for timeout errors" time="0">
    </testcase>
    <testcase classname="Suggested actions should provide settings action for config errors" name="Suggested actions should provide settings action for config errors" time="0">
    </testcase>
    <testcase classname="Suggested actions should have primary action marked" name="Suggested actions should have primary action marked" time="0">
    </testcase>
  </testsuite>
  <testsuite name="cacheKeyService" errors="0" failures="0" skipped="0" timestamp="2025-12-01T00:24:32" time="0.047" tests="42">
    <testcase classname="cacheKeyService normalizeUrl should lowercase hostname" name="cacheKeyService normalizeUrl should lowercase hostname" time="0.001">
    </testcase>
    <testcase classname="cacheKeyService normalizeUrl should lowercase protocol" name="cacheKeyService normalizeUrl should lowercase protocol" time="0">
    </testcase>
    <testcase classname="cacheKeyService normalizeUrl should remove trailing slash" name="cacheKeyService normalizeUrl should remove trailing slash" time="0">
    </testcase>
    <testcase classname="cacheKeyService normalizeUrl should keep root path slash" name="cacheKeyService normalizeUrl should keep root path slash" time="0">
    </testcase>
    <testcase classname="cacheKeyService normalizeUrl should remove default http port" name="cacheKeyService normalizeUrl should remove default http port" time="0">
    </testcase>
    <testcase classname="cacheKeyService normalizeUrl should remove default https port" name="cacheKeyService normalizeUrl should remove default https port" time="0">
    </testcase>
    <testcase classname="cacheKeyService normalizeUrl should keep non-default port" name="cacheKeyService normalizeUrl should keep non-default port" time="0">
    </testcase>
    <testcase classname="cacheKeyService normalizeUrl should sort query parameters" name="cacheKeyService normalizeUrl should sort query parameters" time="0.001">
    </testcase>
    <testcase classname="cacheKeyService normalizeUrl should remove fragments" name="cacheKeyService normalizeUrl should remove fragments" time="0">
    </testcase>
    <testcase classname="cacheKeyService normalizeUrl should handle URLs without path" name="cacheKeyService normalizeUrl should handle URLs without path" time="0">
    </testcase>
    <testcase classname="cacheKeyService normalizeUrl should handle invalid URLs gracefully" name="cacheKeyService normalizeUrl should handle invalid URLs gracefully" time="0">
    </testcase>
    <testcase classname="cacheKeyService normalizeUrl should encode special characters in query params" name="cacheKeyService normalizeUrl should encode special characters in query params" time="0">
    </testcase>
    <testcase classname="cacheKeyService hashString should produce consistent hashes" name="cacheKeyService hashString should produce consistent hashes" time="0">
    </testcase>
    <testcase classname="cacheKeyService hashString should produce different hashes for different inputs" name="cacheKeyService hashString should produce different hashes for different inputs" time="0">
    </testcase>
    <testcase classname="cacheKeyService hashString should handle empty string" name="cacheKeyService hashString should handle empty string" time="0">
    </testcase>
    <testcase classname="cacheKeyService hashString should handle long strings" name="cacheKeyService hashString should handle long strings" time="0.001">
    </testcase>
    <testcase classname="cacheKeyService hashString should produce hex output" name="cacheKeyService hashString should produce hex output" time="0">
    </testcase>
    <testcase classname="cacheKeyService generateCacheKey should generate consistent keys for same URL" name="cacheKeyService generateCacheKey should generate consistent keys for same URL" time="0">
    </testcase>
    <testcase classname="cacheKeyService generateCacheKey should generate different keys for different URLs" name="cacheKeyService generateCacheKey should generate different keys for different URLs" time="0">
    </testcase>
    <testcase classname="cacheKeyService generateCacheKey should generate same key for URL variations" name="cacheKeyService generateCacheKey should generate same key for URL variations" time="0">
    </testcase>
    <testcase classname="cacheKeyService generateCacheKey should include maxItems in key" name="cacheKeyService generateCacheKey should include maxItems in key" time="0.001">
    </testcase>
    <testcase classname="cacheKeyService generateCacheKey should include filterKeywords in key" name="cacheKeyService generateCacheKey should include filterKeywords in key" time="0">
    </testcase>
    <testcase classname="cacheKeyService generateCacheKey should normalize filter keywords to lowercase" name="cacheKeyService generateCacheKey should normalize filter keywords to lowercase" time="0">
    </testcase>
    <testcase classname="cacheKeyService generateCacheKey should include category in key" name="cacheKeyService generateCacheKey should include category in key" time="0">
    </testcase>
    <testcase classname="cacheKeyService generateCacheKey should prefix key with rss_" name="cacheKeyService generateCacheKey should prefix key with rss_" time="0">
    </testcase>
    <testcase classname="cacheKeyService generateCacheKey should generate reasonably short keys" name="cacheKeyService generateCacheKey should generate reasonably short keys" time="0">
    </testcase>
    <testcase classname="cacheKeyService generateReadableKey should include URL" name="cacheKeyService generateReadableKey should include URL" time="0">
    </testcase>
    <testcase classname="cacheKeyService generateReadableKey should include maxItems if provided" name="cacheKeyService generateReadableKey should include maxItems if provided" time="0">
    </testcase>
    <testcase classname="cacheKeyService generateReadableKey should include filter if provided" name="cacheKeyService generateReadableKey should include filter if provided" time="0.001">
    </testcase>
    <testcase classname="cacheKeyService generateReadableKey should include category if provided" name="cacheKeyService generateReadableKey should include category if provided" time="0">
    </testcase>
    <testcase classname="cacheKeyService generateReadableKey should use pipe as separator" name="cacheKeyService generateReadableKey should use pipe as separator" time="0">
    </testcase>
    <testcase classname="cacheKeyService isValidCacheKey should validate correct keys" name="cacheKeyService isValidCacheKey should validate correct keys" time="0">
    </testcase>
    <testcase classname="cacheKeyService isValidCacheKey should reject invalid keys" name="cacheKeyService isValidCacheKey should reject invalid keys" time="0">
    </testcase>
    <testcase classname="cacheKeyService CacheKeyUtils generateBulkKeys should generate keys for multiple URLs" name="cacheKeyService CacheKeyUtils generateBulkKeys should generate keys for multiple URLs" time="0">
    </testcase>
    <testcase classname="cacheKeyService CacheKeyUtils generateBulkKeys should apply common params to all keys" name="cacheKeyService CacheKeyUtils generateBulkKeys should apply common params to all keys" time="0">
    </testcase>
    <testcase classname="cacheKeyService CacheKeyUtils createPattern should create regex pattern" name="cacheKeyService CacheKeyUtils createPattern should create regex pattern" time="0">
    </testcase>
    <testcase classname="cacheKeyService CacheKeyUtils normalizeUrls should normalize multiple URLs" name="cacheKeyService CacheKeyUtils normalizeUrls should normalize multiple URLs" time="0.001">
    </testcase>
    <testcase classname="cacheKeyService edge cases should handle empty feedUrl" name="cacheKeyService edge cases should handle empty feedUrl" time="0">
    </testcase>
    <testcase classname="cacheKeyService edge cases should handle URLs with special characters" name="cacheKeyService edge cases should handle URLs with special characters" time="0">
    </testcase>
    <testcase classname="cacheKeyService edge cases should handle international domain names" name="cacheKeyService edge cases should handle international domain names" time="0">
    </testcase>
    <testcase classname="cacheKeyService edge cases should handle very long URLs" name="cacheKeyService edge cases should handle very long URLs" time="0">
    </testcase>
    <testcase classname="cacheKeyService edge cases should handle whitespace in filter keywords" name="cacheKeyService edge cases should handle whitespace in filter keywords" time="0">
    </testcase>
  </testsuite>
  <testsuite name="dateParser" errors="0" failures="0" skipped="0" timestamp="2025-12-01T00:24:32" time="0.061" tests="77">
    <testcase classname="dateParser parseDate RFC 3339 (Atom standard) should parse RFC 3339 with Z timezone" name="dateParser parseDate RFC 3339 (Atom standard) should parse RFC 3339 with Z timezone" time="0">
    </testcase>
    <testcase classname="dateParser parseDate RFC 3339 (Atom standard) should parse RFC 3339 with positive offset" name="dateParser parseDate RFC 3339 (Atom standard) should parse RFC 3339 with positive offset" time="0">
    </testcase>
    <testcase classname="dateParser parseDate RFC 3339 (Atom standard) should parse RFC 3339 with negative offset" name="dateParser parseDate RFC 3339 (Atom standard) should parse RFC 3339 with negative offset" time="0">
    </testcase>
    <testcase classname="dateParser parseDate RFC 3339 (Atom standard) should parse RFC 3339 with fractional seconds" name="dateParser parseDate RFC 3339 (Atom standard) should parse RFC 3339 with fractional seconds" time="0.001">
    </testcase>
    <testcase classname="dateParser parseDate RFC 3339 (Atom standard) should parse RFC 3339 with offset without colon" name="dateParser parseDate RFC 3339 (Atom standard) should parse RFC 3339 with offset without colon" time="0">
    </testcase>
    <testcase classname="dateParser parseDate RFC 3339 (Atom standard) should parse RFC 3339 with lowercase z" name="dateParser parseDate RFC 3339 (Atom standard) should parse RFC 3339 with lowercase z" time="0">
    </testcase>
    <testcase classname="dateParser parseDate ISO 8601 should parse ISO 8601 datetime without timezone" name="dateParser parseDate ISO 8601 should parse ISO 8601 datetime without timezone" time="0">
    </testcase>
    <testcase classname="dateParser parseDate ISO 8601 should parse ISO 8601 with fractional seconds" name="dateParser parseDate ISO 8601 should parse ISO 8601 with fractional seconds" time="0">
    </testcase>
    <testcase classname="dateParser parseDate ISO 8601 should parse ISO 8601 date only" name="dateParser parseDate ISO 8601 should parse ISO 8601 date only" time="0.001">
    </testcase>
    <testcase classname="dateParser parseDate RFC 822 (RSS standard) should parse RFC 822 with full day name" name="dateParser parseDate RFC 822 (RSS standard) should parse RFC 822 with full day name" time="0">
    </testcase>
    <testcase classname="dateParser parseDate RFC 822 (RSS standard) should parse RFC 822 without comma after day" name="dateParser parseDate RFC 822 (RSS standard) should parse RFC 822 without comma after day" time="0">
    </testcase>
    <testcase classname="dateParser parseDate RFC 822 (RSS standard) should parse RFC 822 without day name" name="dateParser parseDate RFC 822 (RSS standard) should parse RFC 822 without day name" time="0">
    </testcase>
    <testcase classname="dateParser parseDate RFC 822 (RSS standard) should parse RFC 822 without seconds" name="dateParser parseDate RFC 822 (RSS standard) should parse RFC 822 without seconds" time="0">
    </testcase>
    <testcase classname="dateParser parseDate RFC 822 (RSS standard) should parse RFC 822 with EST timezone" name="dateParser parseDate RFC 822 (RSS standard) should parse RFC 822 with EST timezone" time="0">
    </testcase>
    <testcase classname="dateParser parseDate RFC 822 (RSS standard) should parse RFC 822 with numeric timezone" name="dateParser parseDate RFC 822 (RSS standard) should parse RFC 822 with numeric timezone" time="0.001">
    </testcase>
    <testcase classname="dateParser parseDate RFC 822 (RSS standard) should parse RFC 822 with 2-digit year" name="dateParser parseDate RFC 822 (RSS standard) should parse RFC 822 with 2-digit year" time="0">
    </testcase>
    <testcase classname="dateParser parseDate RFC 822 (RSS standard) should parse RFC 822 with full month name" name="dateParser parseDate RFC 822 (RSS standard) should parse RFC 822 with full month name" time="0">
    </testcase>
    <testcase classname="dateParser parseDate RFC 822 (RSS standard) should parse RFC 822 with single-digit day" name="dateParser parseDate RFC 822 (RSS standard) should parse RFC 822 with single-digit day" time="0">
    </testcase>
    <testcase classname="dateParser parseDate RFC 822 (RSS standard) should handle all English month abbreviations" name="dateParser parseDate RFC 822 (RSS standard) should handle all English month abbreviations" time="0">
    </testcase>
    <testcase classname="dateParser parseDate RFC 822 (RSS standard) should handle Norwegian month names" name="dateParser parseDate RFC 822 (RSS standard) should handle Norwegian month names" time="0.002">
    </testcase>
    <testcase classname="dateParser parseDate Long date formats should parse US long format &quot;Month Day, Year&quot;" name="dateParser parseDate Long date formats should parse US long format &quot;Month Day, Year&quot;" time="0">
    </testcase>
    <testcase classname="dateParser parseDate Long date formats should parse US long format without comma" name="dateParser parseDate Long date formats should parse US long format without comma" time="0.001">
    </testcase>
    <testcase classname="dateParser parseDate Long date formats should parse EU long format &quot;Day Month Year&quot;" name="dateParser parseDate Long date formats should parse EU long format &quot;Day Month Year&quot;" time="0">
    </testcase>
    <testcase classname="dateParser parseDate Long date formats should parse EU long format with dot" name="dateParser parseDate Long date formats should parse EU long format with dot" time="0">
    </testcase>
    <testcase classname="dateParser parseDate Long date formats should parse Norwegian long format" name="dateParser parseDate Long date formats should parse Norwegian long format" time="0">
    </testcase>
    <testcase classname="dateParser parseDate US date format (MM/DD/YYYY) should parse US date format" name="dateParser parseDate US date format (MM/DD/YYYY) should parse US date format" time="0">
    </testcase>
    <testcase classname="dateParser parseDate US date format (MM/DD/YYYY) should parse US date format with time" name="dateParser parseDate US date format (MM/DD/YYYY) should parse US date format with time" time="0.001">
    </testcase>
    <testcase classname="dateParser parseDate US date format (MM/DD/YYYY) should parse US date format with seconds" name="dateParser parseDate US date format (MM/DD/YYYY) should parse US date format with seconds" time="0">
    </testcase>
    <testcase classname="dateParser parseDate US date format (MM/DD/YYYY) should parse US date format with 2-digit year" name="dateParser parseDate US date format (MM/DD/YYYY) should parse US date format with 2-digit year" time="0">
    </testcase>
    <testcase classname="dateParser parseDate US date format (MM/DD/YYYY) should reject invalid US date (month &gt; 12)" name="dateParser parseDate US date format (MM/DD/YYYY) should reject invalid US date (month &gt; 12)" time="0">
    </testcase>
    <testcase classname="dateParser parseDate EU date format (DD/MM/YYYY) should parse EU date format with slashes" name="dateParser parseDate EU date format (DD/MM/YYYY) should parse EU date format with slashes" time="0">
    </testcase>
    <testcase classname="dateParser parseDate EU date format (DD/MM/YYYY) should parse EU date format with dots" name="dateParser parseDate EU date format (DD/MM/YYYY) should parse EU date format with dots" time="0">
    </testcase>
    <testcase classname="dateParser parseDate EU date format (DD/MM/YYYY) should parse EU date format with dashes" name="dateParser parseDate EU date format (DD/MM/YYYY) should parse EU date format with dashes" time="0">
    </testcase>
    <testcase classname="dateParser parseDate EU date format (DD/MM/YYYY) should parse EU date format with time" name="dateParser parseDate EU date format (DD/MM/YYYY) should parse EU date format with time" time="0">
    </testcase>
    <testcase classname="dateParser parseDate EU date format (DD/MM/YYYY) should reject invalid EU date (month &gt; 12)" name="dateParser parseDate EU date format (DD/MM/YYYY) should reject invalid EU date (month &gt; 12)" time="0.001">
    </testcase>
    <testcase classname="dateParser parseDate Unix timestamps should parse Unix timestamp in seconds" name="dateParser parseDate Unix timestamps should parse Unix timestamp in seconds" time="0">
    </testcase>
    <testcase classname="dateParser parseDate Unix timestamps should parse Unix timestamp in milliseconds" name="dateParser parseDate Unix timestamps should parse Unix timestamp in milliseconds" time="0">
    </testcase>
    <testcase classname="dateParser parseDate Unix timestamps should not parse non-numeric strings as timestamps" name="dateParser parseDate Unix timestamps should not parse non-numeric strings as timestamps" time="0">
    </testcase>
    <testcase classname="dateParser parseDate Edge cases should handle empty string" name="dateParser parseDate Edge cases should handle empty string" time="0">
    </testcase>
    <testcase classname="dateParser parseDate Edge cases should handle null-like inputs" name="dateParser parseDate Edge cases should handle null-like inputs" time="0">
    </testcase>
    <testcase classname="dateParser parseDate Edge cases should handle undefined" name="dateParser parseDate Edge cases should handle undefined" time="0">
    </testcase>
    <testcase classname="dateParser parseDate Edge cases should handle whitespace-only string" name="dateParser parseDate Edge cases should handle whitespace-only string" time="0">
    </testcase>
    <testcase classname="dateParser parseDate Edge cases should handle string with leading/trailing whitespace" name="dateParser parseDate Edge cases should handle string with leading/trailing whitespace" time="0">
    </testcase>
    <testcase classname="dateParser parseDate Edge cases should handle completely invalid date string" name="dateParser parseDate Edge cases should handle completely invalid date string" time="0">
    </testcase>
    <testcase classname="dateParser parseDate Edge cases should preserve original string in result" name="dateParser parseDate Edge cases should preserve original string in result" time="0">
    </testcase>
    <testcase classname="dateParser parseDate Edge cases should handle dates at year boundaries" name="dateParser parseDate Edge cases should handle dates at year boundaries" time="0.001">
    </testcase>
    <testcase classname="dateParser parseDate Edge cases should handle leap year dates" name="dateParser parseDate Edge cases should handle leap year dates" time="0">
    </testcase>
    <testcase classname="dateParser parseDate Timezone handling should handle CET timezone" name="dateParser parseDate Timezone handling should handle CET timezone" time="0">
    </testcase>
    <testcase classname="dateParser parseDate Timezone handling should handle PST timezone" name="dateParser parseDate Timezone handling should handle PST timezone" time="0">
    </testcase>
    <testcase classname="dateParser parseDate Timezone handling should handle UTC timezone" name="dateParser parseDate Timezone handling should handle UTC timezone" time="0">
    </testcase>
    <testcase classname="dateParser parseDateOrDefault should return parsed date on success" name="dateParser parseDateOrDefault should return parsed date on success" time="0">
    </testcase>
    <testcase classname="dateParser parseDateOrDefault should return current date when parsing fails and no fallback" name="dateParser parseDateOrDefault should return current date when parsing fails and no fallback" time="0">
    </testcase>
    <testcase classname="dateParser parseDateOrDefault should return provided fallback when parsing fails" name="dateParser parseDateOrDefault should return provided fallback when parsing fails" time="0">
    </testcase>
    <testcase classname="dateParser parseDateToIsoString should return ISO string on success" name="dateParser parseDateToIsoString should return ISO string on success" time="0">
    </testcase>
    <testcase classname="dateParser parseDateToIsoString should return null on failure" name="dateParser parseDateToIsoString should return null on failure" time="0">
    </testcase>
    <testcase classname="dateParser isValidDate should return true for valid dates" name="dateParser isValidDate should return true for valid dates" time="0">
    </testcase>
    <testcase classname="dateParser isValidDate should return false for Invalid Date" name="dateParser isValidDate should return false for Invalid Date" time="0">
    </testcase>
    <testcase classname="dateParser isValidDate should return false for non-Date objects" name="dateParser isValidDate should return false for non-Date objects" time="0.001">
    </testcase>
    <testcase classname="dateParser formatDate should format date with default options" name="dateParser formatDate should format date with default options" time="0.009">
    </testcase>
    <testcase classname="dateParser formatDate should format date with custom locale" name="dateParser formatDate should format date with custom locale" time="0">
    </testcase>
    <testcase classname="dateParser formatDate should format date with custom options" name="dateParser formatDate should format date with custom options" time="0">
    </testcase>
    <testcase classname="dateParser formatRelativeDate should format recent dates as relative" name="dateParser formatRelativeDate should format recent dates as relative" time="0.001">
    </testcase>
    <testcase classname="dateParser formatRelativeDate should format hour-old dates" name="dateParser formatRelativeDate should format hour-old dates" time="0">
    </testcase>
    <testcase classname="dateParser formatRelativeDate should format day-old dates" name="dateParser formatRelativeDate should format day-old dates" time="0">
    </testcase>
    <testcase classname="dateParser formatRelativeDate should format old dates as absolute" name="dateParser formatRelativeDate should format old dates as absolute" time="0">
    </testcase>
    <testcase classname="dateParser compareDates should sort dates descending by default" name="dateParser compareDates should sort dates descending by default" time="0">
    </testcase>
    <testcase classname="dateParser compareDates should sort dates ascending when specified" name="dateParser compareDates should sort dates ascending when specified" time="0">
    </testcase>
    <testcase classname="dateParser compareDates should handle invalid dates by treating them as epoch" name="dateParser compareDates should handle invalid dates by treating them as epoch" time="0">
    </testcase>
    <testcase classname="dateParser compareDates should return 0 for equal dates" name="dateParser compareDates should return 0 for equal dates" time="0">
    </testcase>
    <testcase classname="dateParser Real-world feed date examples should parse NRK feed dates" name="dateParser Real-world feed date examples should parse NRK feed dates" time="0">
    </testcase>
    <testcase classname="dateParser Real-world feed date examples should parse BBC feed dates" name="dateParser Real-world feed date examples should parse BBC feed dates" time="0">
    </testcase>
    <testcase classname="dateParser Real-world feed date examples should parse YouTube feed dates (Atom)" name="dateParser Real-world feed date examples should parse YouTube feed dates (Atom)" time="0.001">
    </testcase>
    <testcase classname="dateParser Real-world feed date examples should parse WordPress feed dates" name="dateParser Real-world feed date examples should parse WordPress feed dates" time="0">
    </testcase>
    <testcase classname="dateParser Real-world feed date examples should parse Medium feed dates" name="dateParser Real-world feed date examples should parse Medium feed dates" time="0">
    </testcase>
    <testcase classname="dateParser Real-world feed date examples should parse GitHub feed dates" name="dateParser Real-world feed date examples should parse GitHub feed dates" time="0">
    </testcase>
    <testcase classname="dateParser Real-world feed date examples should parse Meltwater-style dates" name="dateParser Real-world feed date examples should parse Meltwater-style dates" time="0">
    </testcase>
    <testcase classname="dateParser Real-world feed date examples should parse Retriever-style dates" name="dateParser Real-world feed date examples should parse Retriever-style dates" time="0">
    </testcase>
  </testsuite>
  <testsuite name="ProxyService" errors="0" failures="0" skipped="0" timestamp="2025-12-01T00:24:32" time="0.059" tests="33">
    <testcase classname="ProxyService initialization should initialize with HttpClient" name="ProxyService initialization should initialize with HttpClient" time="0">
    </testcase>
    <testcase classname="ProxyService initialization should set debug mode" name="ProxyService initialization should set debug mode" time="0">
    </testcase>
    <testcase classname="ProxyService tenant proxy configuration should configure tenant proxy" name="ProxyService tenant proxy configuration should configure tenant proxy" time="0.001">
    </testcase>
    <testcase classname="ProxyService tenant proxy configuration should clear tenant proxy with null" name="ProxyService tenant proxy configuration should clear tenant proxy with null" time="0">
    </testcase>
    <testcase classname="ProxyService fetch (with fallback) should try direct fetch first" name="ProxyService fetch (with fallback) should try direct fetch first" time="0">
    </testcase>
    <testcase classname="ProxyService fetch (with fallback) should fall back to proxy when direct fetch fails with CORS" name="ProxyService fetch (with fallback) should fall back to proxy when direct fetch fails with CORS" time="0.001">
    </testcase>
    <testcase classname="ProxyService fetch (with fallback) should try multiple proxies if first fails" name="ProxyService fetch (with fallback) should try multiple proxies if first fails" time="0">
    </testcase>
    <testcase classname="ProxyService fetch (with fallback) should use tenant proxy before public proxies" name="ProxyService fetch (with fallback) should use tenant proxy before public proxies" time="0">
    </testcase>
    <testcase classname="ProxyService fetch (with fallback) should throw when all methods fail" name="ProxyService fetch (with fallback) should throw when all methods fail" time="0.008">
    </testcase>
    <testcase classname="ProxyService proxy URLs should include default proxies" name="ProxyService proxy URLs should include default proxies" time="0">
    </testcase>
    <testcase classname="ProxyService testTenantProxy should return null when no tenant proxy is configured" name="ProxyService testTenantProxy should return null when no tenant proxy is configured" time="0">
    </testcase>
    <testcase classname="ProxyService testTenantProxy should test tenant proxy health endpoint" name="ProxyService testTenantProxy should test tenant proxy health endpoint" time="0.001">
    </testcase>
    <testcase classname="ProxyService testTenantProxy should return null when health check fails" name="ProxyService testTenantProxy should return null when health check fails" time="0">
    </testcase>
    <testcase classname="ProxyService URL sanitization for logging should mask function key code parameter" name="ProxyService URL sanitization for logging should mask function key code parameter" time="0">
    </testcase>
    <testcase classname="ProxyService URL sanitization for logging should mask apiKey parameter" name="ProxyService URL sanitization for logging should mask apiKey parameter" time="0">
    </testcase>
    <testcase classname="ProxyService URL sanitization for logging should mask api_key parameter (underscore variant)" name="ProxyService URL sanitization for logging should mask api_key parameter (underscore variant)" time="0">
    </testcase>
    <testcase classname="ProxyService URL sanitization for logging should mask token parameter" name="ProxyService URL sanitization for logging should mask token parameter" time="0.001">
    </testcase>
    <testcase classname="ProxyService URL sanitization for logging should mask auth parameter" name="ProxyService URL sanitization for logging should mask auth parameter" time="0">
    </testcase>
    <testcase classname="ProxyService URL sanitization for logging should mask multiple sensitive parameters" name="ProxyService URL sanitization for logging should mask multiple sensitive parameters" time="0.003">
    </testcase>
    <testcase classname="ProxyService URL sanitization for logging should preserve non-sensitive parameters" name="ProxyService URL sanitization for logging should preserve non-sensitive parameters" time="0">
    </testcase>
    <testcase classname="ProxyService URL sanitization for logging should handle URLs without query parameters" name="ProxyService URL sanitization for logging should handle URLs without query parameters" time="0">
    </testcase>
    <testcase classname="ProxyService URL sanitization for logging should handle invalid URLs gracefully" name="ProxyService URL sanitization for logging should handle invalid URLs gracefully" time="0">
    </testcase>
    <testcase classname="ProxyService URL sanitization for logging should be case-insensitive for parameter names" name="ProxyService URL sanitization for logging should be case-insensitive for parameter names" time="0">
    </testcase>
    <testcase classname="ProxyService URL sanitization for logging should mask access_token parameter" name="ProxyService URL sanitization for logging should mask access_token parameter" time="0.001">
    </testcase>
    <testcase classname="ProxyService URL sanitization for logging should mask key parameter" name="ProxyService URL sanitization for logging should mask key parameter" time="0">
    </testcase>
    <testcase classname="ProxyService URL sanitization for logging should mask secret parameter" name="ProxyService URL sanitization for logging should mask secret parameter" time="0">
    </testcase>
    <testcase classname="ProxyService URL sanitization for logging should mask password parameter" name="ProxyService URL sanitization for logging should mask password parameter" time="0">
    </testcase>
    <testcase classname="ProxyService skipDirectFetch option should have skipDirectFetch disabled by default" name="ProxyService skipDirectFetch option should have skipDirectFetch disabled by default" time="0">
    </testcase>
    <testcase classname="ProxyService skipDirectFetch option should enable/disable skipDirectFetch" name="ProxyService skipDirectFetch option should enable/disable skipDirectFetch" time="0">
    </testcase>
    <testcase classname="ProxyService skipDirectFetch option should try direct fetch when skipDirectFetch is false" name="ProxyService skipDirectFetch option should try direct fetch when skipDirectFetch is false" time="0">
    </testcase>
    <testcase classname="ProxyService skipDirectFetch option should skip direct fetch and go straight to proxy when skipDirectFetch is true" name="ProxyService skipDirectFetch option should skip direct fetch and go straight to proxy when skipDirectFetch is true" time="0.001">
    </testcase>
    <testcase classname="ProxyService skipDirectFetch option should skip direct fetch but use tenant proxy first when configured" name="ProxyService skipDirectFetch option should skip direct fetch but use tenant proxy first when configured" time="0">
    </testcase>
    <testcase classname="ProxyService skipDirectFetch option should eliminate CORS errors when skipDirectFetch is true" name="ProxyService skipDirectFetch option should eliminate CORS errors when skipDirectFetch is true" time="0">
    </testcase>
  </testsuite>
  <testsuite name="ImageExtractor" errors="0" failures="0" skipped="0" timestamp="2025-12-01T00:24:32" time="0.06" tests="85">
    <testcase classname="ImageExtractor validateImageUrl absolute URLs validates http URLs" name="ImageExtractor validateImageUrl absolute URLs validates http URLs" time="0.001">
    </testcase>
    <testcase classname="ImageExtractor validateImageUrl absolute URLs validates https URLs" name="ImageExtractor validateImageUrl absolute URLs validates https URLs" time="0">
    </testcase>
    <testcase classname="ImageExtractor validateImageUrl absolute URLs strips UTM tracking parameters" name="ImageExtractor validateImageUrl absolute URLs strips UTM tracking parameters" time="0">
    </testcase>
    <testcase classname="ImageExtractor validateImageUrl absolute URLs preserves non-tracking query parameters" name="ImageExtractor validateImageUrl absolute URLs preserves non-tracking query parameters" time="0">
    </testcase>
    <testcase classname="ImageExtractor validateImageUrl absolute URLs extracts inner URL from proxy URLs" name="ImageExtractor validateImageUrl absolute URLs extracts inner URL from proxy URLs" time="0">
    </testcase>
    <testcase classname="ImageExtractor validateImageUrl protocol-relative URLs converts protocol-relative URLs to https" name="ImageExtractor validateImageUrl protocol-relative URLs converts protocol-relative URLs to https" time="0">
    </testcase>
    <testcase classname="ImageExtractor validateImageUrl relative URLs resolves relative URLs with base URL" name="ImageExtractor validateImageUrl relative URLs resolves relative URLs with base URL" time="0">
    </testcase>
    <testcase classname="ImageExtractor validateImageUrl relative URLs resolves parent-relative URLs" name="ImageExtractor validateImageUrl relative URLs resolves parent-relative URLs" time="0">
    </testcase>
    <testcase classname="ImageExtractor validateImageUrl relative URLs resolves path-relative URLs" name="ImageExtractor validateImageUrl relative URLs resolves path-relative URLs" time="0">
    </testcase>
    <testcase classname="ImageExtractor validateImageUrl relative URLs rejects relative URLs without base URL" name="ImageExtractor validateImageUrl relative URLs rejects relative URLs without base URL" time="0">
    </testcase>
    <testcase classname="ImageExtractor validateImageUrl data URLs validates data URLs for images" name="ImageExtractor validateImageUrl data URLs validates data URLs for images" time="0">
    </testcase>
    <testcase classname="ImageExtractor validateImageUrl invalid URLs rejects null" name="ImageExtractor validateImageUrl invalid URLs rejects null" time="0">
    </testcase>
    <testcase classname="ImageExtractor validateImageUrl invalid URLs rejects undefined" name="ImageExtractor validateImageUrl invalid URLs rejects undefined" time="0.001">
    </testcase>
    <testcase classname="ImageExtractor validateImageUrl invalid URLs rejects empty string" name="ImageExtractor validateImageUrl invalid URLs rejects empty string" time="0">
    </testcase>
    <testcase classname="ImageExtractor validateImageUrl invalid URLs rejects whitespace only" name="ImageExtractor validateImageUrl invalid URLs rejects whitespace only" time="0">
    </testcase>
    <testcase classname="ImageExtractor validateImageUrl invalid URLs rejects javascript URLs" name="ImageExtractor validateImageUrl invalid URLs rejects javascript URLs" time="0">
    </testcase>
    <testcase classname="ImageExtractor validateImageUrl invalid URLs rejects malformed URLs" name="ImageExtractor validateImageUrl invalid URLs rejects malformed URLs" time="0">
    </testcase>
    <testcase classname="ImageExtractor isImageMimeType recognizes image/jpeg" name="ImageExtractor isImageMimeType recognizes image/jpeg" time="0">
    </testcase>
    <testcase classname="ImageExtractor isImageMimeType recognizes image/png" name="ImageExtractor isImageMimeType recognizes image/png" time="0">
    </testcase>
    <testcase classname="ImageExtractor isImageMimeType recognizes image/gif" name="ImageExtractor isImageMimeType recognizes image/gif" time="0">
    </testcase>
    <testcase classname="ImageExtractor isImageMimeType recognizes image/webp" name="ImageExtractor isImageMimeType recognizes image/webp" time="0">
    </testcase>
    <testcase classname="ImageExtractor isImageMimeType recognizes image/svg+xml" name="ImageExtractor isImageMimeType recognizes image/svg+xml" time="0">
    </testcase>
    <testcase classname="ImageExtractor isImageMimeType handles case variations" name="ImageExtractor isImageMimeType handles case variations" time="0">
    </testcase>
    <testcase classname="ImageExtractor isImageMimeType rejects video types" name="ImageExtractor isImageMimeType rejects video types" time="0">
    </testcase>
    <testcase classname="ImageExtractor isImageMimeType rejects audio types" name="ImageExtractor isImageMimeType rejects audio types" time="0">
    </testcase>
    <testcase classname="ImageExtractor isImageMimeType rejects application types" name="ImageExtractor isImageMimeType rejects application types" time="0">
    </testcase>
    <testcase classname="ImageExtractor isImageMimeType returns false for null/undefined" name="ImageExtractor isImageMimeType returns false for null/undefined" time="0">
    </testcase>
    <testcase classname="ImageExtractor extractMediaThumbnails extracts media:thumbnail elements" name="ImageExtractor extractMediaThumbnails extracts media:thumbnail elements" time="0.001">
    </testcase>
    <testcase classname="ImageExtractor extractMediaThumbnails extracts multiple thumbnails" name="ImageExtractor extractMediaThumbnails extracts multiple thumbnails" time="0">
    </testcase>
    <testcase classname="ImageExtractor extractMediaThumbnails extracts thumbnails from media:group" name="ImageExtractor extractMediaThumbnails extracts thumbnails from media:group" time="0.001">
    </testcase>
    <testcase classname="ImageExtractor extractMediaThumbnails filters invalid URLs" name="ImageExtractor extractMediaThumbnails filters invalid URLs" time="0">
    </testcase>
    <testcase classname="ImageExtractor extractMediaThumbnails resolves relative URLs when base URL provided" name="ImageExtractor extractMediaThumbnails resolves relative URLs when base URL provided" time="0">
    </testcase>
    <testcase classname="ImageExtractor extractMediaContent extracts media:content with image type" name="ImageExtractor extractMediaContent extracts media:content with image type" time="0.002">
    </testcase>
    <testcase classname="ImageExtractor extractMediaContent extracts media:content with medium=&quot;image&quot;" name="ImageExtractor extractMediaContent extracts media:content with medium=&quot;image&quot;" time="0.001">
    </testcase>
    <testcase classname="ImageExtractor extractMediaContent skips video content" name="ImageExtractor extractMediaContent skips video content" time="0">
    </testcase>
    <testcase classname="ImageExtractor extractMediaContent skips audio content" name="ImageExtractor extractMediaContent skips audio content" time="0">
    </testcase>
    <testcase classname="ImageExtractor extractMediaContent extracts multiple image content elements" name="ImageExtractor extractMediaContent extracts multiple image content elements" time="0">
    </testcase>
    <testcase classname="ImageExtractor extractMediaContent extracts from media:group" name="ImageExtractor extractMediaContent extracts from media:group" time="0.001">
    </testcase>
    <testcase classname="ImageExtractor extractEnclosureImages extracts image enclosures" name="ImageExtractor extractEnclosureImages extracts image enclosures" time="0">
    </testcase>
    <testcase classname="ImageExtractor extractEnclosureImages extracts enclosures without type (optimistic)" name="ImageExtractor extractEnclosureImages extracts enclosures without type (optimistic)" time="0">
    </testcase>
    <testcase classname="ImageExtractor extractEnclosureImages skips audio enclosures" name="ImageExtractor extractEnclosureImages skips audio enclosures" time="0">
    </testcase>
    <testcase classname="ImageExtractor extractEnclosureImages skips video enclosures" name="ImageExtractor extractEnclosureImages skips video enclosures" time="0">
    </testcase>
    <testcase classname="ImageExtractor extractImagesFromHtml extracts img src from HTML" name="ImageExtractor extractImagesFromHtml extracts img src from HTML" time="0">
    </testcase>
    <testcase classname="ImageExtractor extractImagesFromHtml extracts img with double quotes" name="ImageExtractor extractImagesFromHtml extracts img with double quotes" time="0.001">
    </testcase>
    <testcase classname="ImageExtractor extractImagesFromHtml extracts img with single quotes" name="ImageExtractor extractImagesFromHtml extracts img with single quotes" time="0">
    </testcase>
    <testcase classname="ImageExtractor extractImagesFromHtml extracts multiple images" name="ImageExtractor extractImagesFromHtml extracts multiple images" time="0">
    </testcase>
    <testcase classname="ImageExtractor extractImagesFromHtml extracts width and height from img tags" name="ImageExtractor extractImagesFromHtml extracts width and height from img tags" time="0">
    </testcase>
    <testcase classname="ImageExtractor extractImagesFromHtml handles img tags with various attribute orderings" name="ImageExtractor extractImagesFromHtml handles img tags with various attribute orderings" time="0">
    </testcase>
    <testcase classname="ImageExtractor extractImagesFromHtml resolves relative URLs when base URL provided" name="ImageExtractor extractImagesFromHtml resolves relative URLs when base URL provided" time="0">
    </testcase>
    <testcase classname="ImageExtractor extractImagesFromHtml returns empty array for null/undefined" name="ImageExtractor extractImagesFromHtml returns empty array for null/undefined" time="0">
    </testcase>
    <testcase classname="ImageExtractor extractImagesFromHtml returns empty array for HTML without images" name="ImageExtractor extractImagesFromHtml returns empty array for HTML without images" time="0">
    </testcase>
    <testcase classname="ImageExtractor extractItunesImage extracts itunes:image href" name="ImageExtractor extractItunesImage extracts itunes:image href" time="0.001">
    </testcase>
    <testcase classname="ImageExtractor extractItunesImage returns null when no itunes:image present" name="ImageExtractor extractItunesImage returns null when no itunes:image present" time="0">
    </testcase>
    <testcase classname="ImageExtractor extractItunesImage filters invalid itunes:image URLs" name="ImageExtractor extractItunesImage filters invalid itunes:image URLs" time="0">
    </testcase>
    <testcase classname="ImageExtractor extractChannelImage extracts standard RSS channel image" name="ImageExtractor extractChannelImage extracts standard RSS channel image" time="0.001">
    </testcase>
    <testcase classname="ImageExtractor extractChannelImage extracts itunes:image from channel" name="ImageExtractor extractChannelImage extracts itunes:image from channel" time="0">
    </testcase>
    <testcase classname="ImageExtractor extractChannelImage returns null for null channel" name="ImageExtractor extractChannelImage returns null for null channel" time="0">
    </testcase>
    <testcase classname="ImageExtractor selectBestImage returns null for empty array" name="ImageExtractor selectBestImage returns null for empty array" time="0">
    </testcase>
    <testcase classname="ImageExtractor selectBestImage returns single image" name="ImageExtractor selectBestImage returns single image" time="0">
    </testcase>
    <testcase classname="ImageExtractor selectBestImage prefers images meeting minimum size" name="ImageExtractor selectBestImage prefers images meeting minimum size" time="0">
    </testcase>
    <testcase classname="ImageExtractor selectBestImage prefers images with known dimensions" name="ImageExtractor selectBestImage prefers images with known dimensions" time="0">
    </testcase>
    <testcase classname="ImageExtractor selectBestImage returns first image when no size preference" name="ImageExtractor selectBestImage returns first image when no size preference" time="0">
    </testcase>
    <testcase classname="ImageExtractor extractImage (priority chain) prefers media:thumbnail over media:content" name="ImageExtractor extractImage (priority chain) prefers media:thumbnail over media:content" time="0.001">
    </testcase>
    <testcase classname="ImageExtractor extractImage (priority chain) prefers media:content over enclosure" name="ImageExtractor extractImage (priority chain) prefers media:content over enclosure" time="0">
    </testcase>
    <testcase classname="ImageExtractor extractImage (priority chain) prefers enclosure over content:encoded images" name="ImageExtractor extractImage (priority chain) prefers enclosure over content:encoded images" time="0">
    </testcase>
    <testcase classname="ImageExtractor extractImage (priority chain) prefers content:encoded images over description images" name="ImageExtractor extractImage (priority chain) prefers content:encoded images over description images" time="0">
    </testcase>
    <testcase classname="ImageExtractor extractImage (priority chain) prefers description images over itunes:image" name="ImageExtractor extractImage (priority chain) prefers description images over itunes:image" time="0.001">
    </testcase>
    <testcase classname="ImageExtractor extractImage (priority chain) uses itunes:image when no other images available" name="ImageExtractor extractImage (priority chain) uses itunes:image when no other images available" time="0">
    </testcase>
    <testcase classname="ImageExtractor extractImage (priority chain) uses channel image as fallback" name="ImageExtractor extractImage (priority chain) uses channel image as fallback" time="0">
    </testcase>
    <testcase classname="ImageExtractor extractImage (priority chain) uses configured fallback image when no other images" name="ImageExtractor extractImage (priority chain) uses configured fallback image when no other images" time="0">
    </testcase>
    <testcase classname="ImageExtractor extractImage (priority chain) returns null when no images and no fallback" name="ImageExtractor extractImage (priority chain) returns null when no images and no fallback" time="0.001">
    </testcase>
    <testcase classname="ImageExtractor real-world feeds handles Meltwater-style feeds" name="ImageExtractor real-world feeds handles Meltwater-style feeds" time="0">
    </testcase>
    <testcase classname="ImageExtractor real-world feeds handles YouTube-style media content" name="ImageExtractor real-world feeds handles YouTube-style media content" time="0">
    </testcase>
    <testcase classname="ImageExtractor real-world feeds handles podcast feeds with itunes namespace" name="ImageExtractor real-world feeds handles podcast feeds with itunes namespace" time="0">
    </testcase>
    <testcase classname="ImageExtractor real-world feeds handles blog feeds with inline images" name="ImageExtractor real-world feeds handles blog feeds with inline images" time="0">
    </testcase>
    <testcase classname="ImageExtractor real-world feeds handles WordPress feeds with wp-block-image figures (sentralregisteret.no style)" name="ImageExtractor real-world feeds handles WordPress feeds with wp-block-image figures (sentralregisteret.no style)" time="0.001">
    </testcase>
    <testcase classname="ImageExtractor real-world feeds handles Atom feeds" name="ImageExtractor real-world feeds handles Atom feeds" time="0">
    </testcase>
    <testcase classname="ImageExtractor extractImageUrl returns URL string directly" name="ImageExtractor extractImageUrl returns URL string directly" time="0">
    </testcase>
    <testcase classname="ImageExtractor extractImageUrl returns undefined when no image found" name="ImageExtractor extractImageUrl returns undefined when no image found" time="0">
    </testcase>
    <testcase classname="ImageExtractor findImage (legacy) maintains backwards compatibility" name="ImageExtractor findImage (legacy) maintains backwards compatibility" time="0.001">
    </testcase>
    <testcase classname="ImageExtractor edge cases handles items with no children" name="ImageExtractor edge cases handles items with no children" time="0">
    </testcase>
    <testcase classname="ImageExtractor edge cases handles malformed img tags gracefully" name="ImageExtractor edge cases handles malformed img tags gracefully" time="0">
    </testcase>
    <testcase classname="ImageExtractor edge cases handles very long HTML content" name="ImageExtractor edge cases handles very long HTML content" time="0">
    </testcase>
    <testcase classname="ImageExtractor edge cases handles special characters in URLs" name="ImageExtractor edge cases handles special characters in URLs" time="0">
    </testcase>
    <testcase classname="ImageExtractor edge cases handles unicode in URLs" name="ImageExtractor edge cases handles unicode in URLs" time="0">
    </testcase>
  </testsuite>
  <testsuite name="ImageExtractor - Real-world Feeds" errors="0" failures="0" skipped="0" timestamp="2025-12-01T00:24:32" time="0.054" tests="20">
    <testcase classname="ImageExtractor - Real-world Feeds Computas-style feed (WordPress with content:encoded) extracts image from content:encoded" name="ImageExtractor - Real-world Feeds Computas-style feed (WordPress with content:encoded) extracts image from content:encoded" time="0.004">
    </testcase>
    <testcase classname="ImageExtractor - Real-world Feeds Computas-style feed (WordPress with content:encoded) falls back to channel image when item has no image" name="ImageExtractor - Real-world Feeds Computas-style feed (WordPress with content:encoded) falls back to channel image when item has no image" time="0.001">
    </testcase>
    <testcase classname="ImageExtractor - Real-world Feeds Computas-style feed (WordPress with content:encoded) extracts channel image correctly" name="ImageExtractor - Real-world Feeds Computas-style feed (WordPress with content:encoded) extracts channel image correctly" time="0.001">
    </testcase>
    <testcase classname="ImageExtractor - Real-world Feeds Retriever-style feed (news aggregator, channel image only) uses channel image as fallback when items have no images" name="ImageExtractor - Real-world Feeds Retriever-style feed (news aggregator, channel image only) uses channel image as fallback when items have no images" time="0.001">
    </testcase>
    <testcase classname="ImageExtractor - Real-world Feeds Retriever-style feed (news aggregator, channel image only) returns fallback image when no channel image either" name="ImageExtractor - Real-world Feeds Retriever-style feed (news aggregator, channel image only) returns fallback image when no channel image either" time="0">
    </testcase>
    <testcase classname="ImageExtractor - Real-world Feeds Meltwater-style feed (media:thumbnail with sizes) extracts media:thumbnail as primary source" name="ImageExtractor - Real-world Feeds Meltwater-style feed (media:thumbnail with sizes) extracts media:thumbnail as primary source" time="0.001">
    </testcase>
    <testcase classname="ImageExtractor - Real-world Feeds Meltwater-style feed (media:thumbnail with sizes) prefers larger thumbnails with size preference" name="ImageExtractor - Real-world Feeds Meltwater-style feed (media:thumbnail with sizes) prefers larger thumbnails with size preference" time="0.001">
    </testcase>
    <testcase classname="ImageExtractor - Real-world Feeds Meltwater-style feed (media:thumbnail with sizes) extracts thumbnail from video item (not video URL)" name="ImageExtractor - Real-world Feeds Meltwater-style feed (media:thumbnail with sizes) extracts thumbnail from video item (not video URL)" time="0.001">
    </testcase>
    <testcase classname="ImageExtractor - Real-world Feeds Meltwater-style feed (media:thumbnail with sizes) extracts image from description HTML" name="ImageExtractor - Real-world Feeds Meltwater-style feed (media:thumbnail with sizes) extracts image from description HTML" time="0.001">
    </testcase>
    <testcase classname="ImageExtractor - Real-world Feeds Meltwater-style feed (media:thumbnail with sizes) extracts image from media:content with image type" name="ImageExtractor - Real-world Feeds Meltwater-style feed (media:thumbnail with sizes) extracts image from media:content with image type" time="0">
    </testcase>
    <testcase classname="ImageExtractor - Real-world Feeds YouTube-style feed (media:group) extracts thumbnail from media:group" name="ImageExtractor - Real-world Feeds YouTube-style feed (media:group) extracts thumbnail from media:group" time="0.003">
    </testcase>
    <testcase classname="ImageExtractor - Real-world Feeds YouTube-style feed (media:group) does not return video URL as image" name="ImageExtractor - Real-world Feeds YouTube-style feed (media:group) does not return video URL as image" time="0.001">
    </testcase>
    <testcase classname="ImageExtractor - Real-world Feeds YouTube-style feed (media:group) prefers larger YouTube thumbnail with size preference" name="ImageExtractor - Real-world Feeds YouTube-style feed (media:group) prefers larger YouTube thumbnail with size preference" time="0.001">
    </testcase>
    <testcase classname="ImageExtractor - Real-world Feeds Podcast feed (iTunes namespace) extracts itunes:image from episode" name="ImageExtractor - Real-world Feeds Podcast feed (iTunes namespace) extracts itunes:image from episode" time="0.001">
    </testcase>
    <testcase classname="ImageExtractor - Real-world Feeds Podcast feed (iTunes namespace) does not return audio enclosure as image" name="ImageExtractor - Real-world Feeds Podcast feed (iTunes namespace) does not return audio enclosure as image" time="0">
    </testcase>
    <testcase classname="ImageExtractor - Real-world Feeds Podcast feed (iTunes namespace) falls back to channel itunes:image when episode has no image" name="ImageExtractor - Real-world Feeds Podcast feed (iTunes namespace) falls back to channel itunes:image when episode has no image" time="0.001">
    </testcase>
    <testcase classname="ImageExtractor - Real-world Feeds Edge cases from real feeds handles WordPress srcset attributes without breaking" name="ImageExtractor - Real-world Feeds Edge cases from real feeds handles WordPress srcset attributes without breaking" time="0">
    </testcase>
    <testcase classname="ImageExtractor - Real-world Feeds Edge cases from real feeds handles encoded ampersands in URLs" name="ImageExtractor - Real-world Feeds Edge cases from real feeds handles encoded ampersands in URLs" time="0.001">
    </testcase>
    <testcase classname="ImageExtractor - Real-world Feeds Edge cases from real feeds handles ISO-8859-1 encoded feeds (like Retriever)" name="ImageExtractor - Real-world Feeds Edge cases from real feeds handles ISO-8859-1 encoded feeds (like Retriever)" time="0">
    </testcase>
    <testcase classname="ImageExtractor - Real-world Feeds Edge cases from real feeds handles ret: namespace elements gracefully" name="ImageExtractor - Real-world Feeds Edge cases from real feeds handles ret: namespace elements gracefully" time="0">
    </testcase>
  </testsuite>
  <testsuite name="UrlValidator" errors="0" failures="0" skipped="0" timestamp="2025-12-01T00:24:32" time="0.073" tests="62">
    <testcase classname="UrlValidator validate() SSRF Prevention should block SSRF vector: http://localhost/admin" name="UrlValidator validate() SSRF Prevention should block SSRF vector: http://localhost/admin" time="0.001">
    </testcase>
    <testcase classname="UrlValidator validate() SSRF Prevention should block SSRF vector: http://localhost:8080/internal" name="UrlValidator validate() SSRF Prevention should block SSRF vector: http://localhost:8080/internal" time="0">
    </testcase>
    <testcase classname="UrlValidator validate() SSRF Prevention should block SSRF vector: http://127.0.0.1/etc/passwd" name="UrlValidator validate() SSRF Prevention should block SSRF vector: http://127.0.0.1/etc/passwd" time="0">
    </testcase>
    <testcase classname="UrlValidator validate() SSRF Prevention should block SSRF vector: http://127.0.0.1:22/ssh" name="UrlValidator validate() SSRF Prevention should block SSRF vector: http://127.0.0.1:22/ssh" time="0">
    </testcase>
    <testcase classname="UrlValidator validate() SSRF Prevention should block SSRF vector: http://127.1/admin" name="UrlValidator validate() SSRF Prevention should block SSRF vector: http://127.1/admin" time="0">
    </testcase>
    <testcase classname="UrlValidator validate() SSRF Prevention should block SSRF vector: http://127.0.0.1:3000" name="UrlValidator validate() SSRF Prevention should block SSRF vector: http://127.0.0.1:3000" time="0.001">
    </testcase>
    <testcase classname="UrlValidator validate() SSRF Prevention should block SSRF vector: http://10.0.0.1/internal" name="UrlValidator validate() SSRF Prevention should block SSRF vector: http://10.0.0.1/internal" time="0">
    </testcase>
    <testcase classname="UrlValidator validate() SSRF Prevention should block SSRF vector: http://10.255.255.255/private" name="UrlValidator validate() SSRF Prevention should block SSRF vector: http://10.255.255.255/private" time="0">
    </testcase>
    <testcase classname="UrlValidator validate() SSRF Prevention should block SSRF vector: http://172.16.0.1/private" name="UrlValidator validate() SSRF Prevention should block SSRF vector: http://172.16.0.1/private" time="0.001">
    </testcase>
    <testcase classname="UrlValidator validate() SSRF Prevention should block SSRF vector: http://172.31.255.255/private" name="UrlValidator validate() SSRF Prevention should block SSRF vector: http://172.31.255.255/private" time="0">
    </testcase>
    <testcase classname="UrlValidator validate() SSRF Prevention should block SSRF vector: http://192.168.1.1/router" name="UrlValidator validate() SSRF Prevention should block SSRF vector: http://192.168.1.1/router" time="0.001">
    </testcase>
    <testcase classname="UrlValidator validate() SSRF Prevention should block SSRF vector: http://192.168.0.1/admin" name="UrlValidator validate() SSRF Prevention should block SSRF vector: http://192.168.0.1/admin" time="0">
    </testcase>
    <testcase classname="UrlValidator validate() SSRF Prevention should block SSRF vector: http://169.254.169.254/latest/meta-data/" name="UrlValidator validate() SSRF Prevention should block SSRF vector: http://169.254.169.254/latest/meta-data/" time="0">
    </testcase>
    <testcase classname="UrlValidator validate() SSRF Prevention should block SSRF vector: http://169.254.1.1/internal" name="UrlValidator validate() SSRF Prevention should block SSRF vector: http://169.254.1.1/internal" time="0">
    </testcase>
    <testcase classname="UrlValidator validate() SSRF Prevention should block SSRF vector: http://metadata.google.internal/" name="UrlValidator validate() SSRF Prevention should block SSRF vector: http://metadata.google.internal/" time="0.001">
    </testcase>
    <testcase classname="UrlValidator validate() SSRF Prevention should block SSRF vector: http://metadata/" name="UrlValidator validate() SSRF Prevention should block SSRF vector: http://metadata/" time="0">
    </testcase>
    <testcase classname="UrlValidator validate() SSRF Prevention should block SSRF vector: http://[::1]/admin" name="UrlValidator validate() SSRF Prevention should block SSRF vector: http://[::1]/admin" time="0">
    </testcase>
    <testcase classname="UrlValidator validate() SSRF Prevention should block SSRF vector: http://[0:0:0:0:0:0:0:1]/admin" name="UrlValidator validate() SSRF Prevention should block SSRF vector: http://[0:0:0:0:0:0:0:1]/admin" time="0.003">
    </testcase>
    <testcase classname="UrlValidator validate() SSRF Prevention should block SSRF vector: http://[fc00::1]/private" name="UrlValidator validate() SSRF Prevention should block SSRF vector: http://[fc00::1]/private" time="0">
    </testcase>
    <testcase classname="UrlValidator validate() SSRF Prevention should block SSRF vector: http://[fd00::1]/private" name="UrlValidator validate() SSRF Prevention should block SSRF vector: http://[fd00::1]/private" time="0">
    </testcase>
    <testcase classname="UrlValidator validate() SSRF Prevention should block SSRF vector: http://0.0.0.0/" name="UrlValidator validate() SSRF Prevention should block SSRF vector: http://0.0.0.0/" time="0">
    </testcase>
    <testcase classname="UrlValidator validate() SSRF Prevention should block SSRF vector: http://0.0.0.1/" name="UrlValidator validate() SSRF Prevention should block SSRF vector: http://0.0.0.1/" time="0.001">
    </testcase>
    <testcase classname="UrlValidator validate() Valid URLs should allow valid URL: https://example.com/feed.xml" name="UrlValidator validate() Valid URLs should allow valid URL: https://example.com/feed.xml" time="0">
    </testcase>
    <testcase classname="UrlValidator validate() Valid URLs should allow valid URL: https://news.ycombinator.com/rss" name="UrlValidator validate() Valid URLs should allow valid URL: https://news.ycombinator.com/rss" time="0">
    </testcase>
    <testcase classname="UrlValidator validate() Valid URLs should allow valid URL: https://feeds.bbci.co.uk/news/rss.xml" name="UrlValidator validate() Valid URLs should allow valid URL: https://feeds.bbci.co.uk/news/rss.xml" time="0.001">
    </testcase>
    <testcase classname="UrlValidator validate() Valid URLs should allow valid URL: http://rss.cnn.com/rss/edition.rss" name="UrlValidator validate() Valid URLs should allow valid URL: http://rss.cnn.com/rss/edition.rss" time="0">
    </testcase>
    <testcase classname="UrlValidator validate() Valid URLs should allow valid URL: https://www.reddit.com/r/programming/.rss" name="UrlValidator validate() Valid URLs should allow valid URL: https://www.reddit.com/r/programming/.rss" time="0">
    </testcase>
    <testcase classname="UrlValidator validate() Valid URLs should allow valid URL: https://medium.com/feed/@user" name="UrlValidator validate() Valid URLs should allow valid URL: https://medium.com/feed/@user" time="0">
    </testcase>
    <testcase classname="UrlValidator validate() Valid URLs should allow valid URL: https://8.8.8.8/dns" name="UrlValidator validate() Valid URLs should allow valid URL: https://8.8.8.8/dns" time="0.001">
    </testcase>
    <testcase classname="UrlValidator validate() Valid URLs should allow valid URL: https://1.1.1.1/dns" name="UrlValidator validate() Valid URLs should allow valid URL: https://1.1.1.1/dns" time="0">
    </testcase>
    <testcase classname="UrlValidator validate() Protocol Validation should allow HTTPS URLs" name="UrlValidator validate() Protocol Validation should allow HTTPS URLs" time="0">
    </testcase>
    <testcase classname="UrlValidator validate() Protocol Validation should allow HTTP URLs with warning" name="UrlValidator validate() Protocol Validation should allow HTTP URLs with warning" time="0">
    </testcase>
    <testcase classname="UrlValidator validate() Protocol Validation should block file:// URLs" name="UrlValidator validate() Protocol Validation should block file:// URLs" time="0.001">
    </testcase>
    <testcase classname="UrlValidator validate() Protocol Validation should block javascript: URLs" name="UrlValidator validate() Protocol Validation should block javascript: URLs" time="0">
    </testcase>
    <testcase classname="UrlValidator validate() Protocol Validation should block ftp:// URLs" name="UrlValidator validate() Protocol Validation should block ftp:// URLs" time="0">
    </testcase>
    <testcase classname="UrlValidator validate() Protocol Validation should block data: URLs" name="UrlValidator validate() Protocol Validation should block data: URLs" time="0">
    </testcase>
    <testcase classname="UrlValidator validate() Edge Cases should handle empty string" name="UrlValidator validate() Edge Cases should handle empty string" time="0">
    </testcase>
    <testcase classname="UrlValidator validate() Edge Cases should handle null/undefined" name="UrlValidator validate() Edge Cases should handle null/undefined" time="0">
    </testcase>
    <testcase classname="UrlValidator validate() Edge Cases should handle whitespace-only string" name="UrlValidator validate() Edge Cases should handle whitespace-only string" time="0">
    </testcase>
    <testcase classname="UrlValidator validate() Edge Cases should handle invalid URL format" name="UrlValidator validate() Edge Cases should handle invalid URL format" time="0">
    </testcase>
    <testcase classname="UrlValidator validate() Edge Cases should handle URL with port numbers" name="UrlValidator validate() Edge Cases should handle URL with port numbers" time="0">
    </testcase>
    <testcase classname="UrlValidator validate() Edge Cases should handle URL with query parameters" name="UrlValidator validate() Edge Cases should handle URL with query parameters" time="0">
    </testcase>
    <testcase classname="UrlValidator validate() Edge Cases should handle URL with fragment" name="UrlValidator validate() Edge Cases should handle URL with fragment" time="0">
    </testcase>
    <testcase classname="UrlValidator validate() Edge Cases should handle URL with authentication (warn)" name="UrlValidator validate() Edge Cases should handle URL with authentication (warn)" time="0.001">
    </testcase>
    <testcase classname="UrlValidator validate() Edge Cases should handle URL with encoded characters" name="UrlValidator validate() Edge Cases should handle URL with encoded characters" time="0">
    </testcase>
    <testcase classname="UrlValidator validate() Edge Cases should warn about suspicious encoded characters" name="UrlValidator validate() Edge Cases should warn about suspicious encoded characters" time="0">
    </testcase>
    <testcase classname="UrlValidator validate() Edge Cases should warn about very long URLs" name="UrlValidator validate() Edge Cases should warn about very long URLs" time="0.002">
    </testcase>
    <testcase classname="UrlValidator validate() Sanitization should trim whitespace from URL" name="UrlValidator validate() Sanitization should trim whitespace from URL" time="0">
    </testcase>
    <testcase classname="UrlValidator validate() Sanitization should normalize URL path" name="UrlValidator validate() Sanitization should normalize URL path" time="0">
    </testcase>
    <testcase classname="UrlValidator validateFeedUrl() should accept standard feed URLs" name="UrlValidator validateFeedUrl() should accept standard feed URLs" time="0.001">
    </testcase>
    <testcase classname="UrlValidator validateFeedUrl() should warn about non-standard feed paths" name="UrlValidator validateFeedUrl() should warn about non-standard feed paths" time="0">
    </testcase>
    <testcase classname="UrlValidator validateFeedUrl() should still block SSRF vectors" name="UrlValidator validateFeedUrl() should still block SSRF vectors" time="0">
    </testcase>
    <testcase classname="UrlValidator Allowed Domains should allow only specified domains" name="UrlValidator Allowed Domains should allow only specified domains" time="0">
    </testcase>
    <testcase classname="UrlValidator Allowed Domains should support wildcard domains" name="UrlValidator Allowed Domains should support wildcard domains" time="0">
    </testcase>
    <testcase classname="UrlValidator Allowed Domains should allow subdomains of allowed domains" name="UrlValidator Allowed Domains should allow subdomains of allowed domains" time="0">
    </testcase>
    <testcase classname="UrlValidator Static Methods isValidUrl should return boolean" name="UrlValidator Static Methods isValidUrl should return boolean" time="0.001">
    </testcase>
    <testcase classname="UrlValidator Static Methods isValidFeedUrl should return boolean" name="UrlValidator Static Methods isValidFeedUrl should return boolean" time="0">
    </testcase>
    <testcase classname="UrlValidator IPv4 Address Validation should block private Class A IPs (10.x.x.x)" name="UrlValidator IPv4 Address Validation should block private Class A IPs (10.x.x.x)" time="0">
    </testcase>
    <testcase classname="UrlValidator IPv4 Address Validation should block private Class B IPs (172.16-31.x.x)" name="UrlValidator IPv4 Address Validation should block private Class B IPs (172.16-31.x.x)" time="0">
    </testcase>
    <testcase classname="UrlValidator IPv4 Address Validation should block private Class C IPs (192.168.x.x)" name="UrlValidator IPv4 Address Validation should block private Class C IPs (192.168.x.x)" time="0">
    </testcase>
    <testcase classname="UrlValidator IPv4 Address Validation should block loopback IPs (127.x.x.x)" name="UrlValidator IPv4 Address Validation should block loopback IPs (127.x.x.x)" time="0">
    </testcase>
    <testcase classname="UrlValidator IPv4 Address Validation should allow public IPs" name="UrlValidator IPv4 Address Validation should allow public IPs" time="0.002">
    </testcase>
  </testsuite>
  <testsuite name="feedRecovery" errors="0" failures="0" skipped="0" timestamp="2025-12-01T00:24:32" time="0.072" tests="59">
    <testcase classname="feedRecovery needsRecovery should return true for content with control characters" name="feedRecovery needsRecovery should return true for content with control characters" time="0">
    </testcase>
    <testcase classname="feedRecovery needsRecovery should return true for content wrapped in HTML" name="feedRecovery needsRecovery should return true for content wrapped in HTML" time="0">
    </testcase>
    <testcase classname="feedRecovery needsRecovery should return true for missing namespace declarations" name="feedRecovery needsRecovery should return true for missing namespace declarations" time="0">
    </testcase>
    <testcase classname="feedRecovery needsRecovery should return true for content with BOM" name="feedRecovery needsRecovery should return true for content with BOM" time="0">
    </testcase>
    <testcase classname="feedRecovery needsRecovery should return true for multiple XML declarations" name="feedRecovery needsRecovery should return true for multiple XML declarations" time="0">
    </testcase>
    <testcase classname="feedRecovery needsRecovery should return true for unescaped ampersands" name="feedRecovery needsRecovery should return true for unescaped ampersands" time="0">
    </testcase>
    <testcase classname="feedRecovery needsRecovery should return false for clean well-formed XML" name="feedRecovery needsRecovery should return false for clean well-formed XML" time="0">
    </testcase>
    <testcase classname="feedRecovery needsRecovery should return true for empty/null input" name="feedRecovery needsRecovery should return true for empty/null input" time="0">
    </testcase>
    <testcase classname="feedRecovery attemptRecovery removeControlCharacters strategy should remove NULL bytes" name="feedRecovery attemptRecovery removeControlCharacters strategy should remove NULL bytes" time="0.001">
    </testcase>
    <testcase classname="feedRecovery attemptRecovery removeControlCharacters strategy should remove other control characters" name="feedRecovery attemptRecovery removeControlCharacters strategy should remove other control characters" time="0">
    </testcase>
    <testcase classname="feedRecovery attemptRecovery fixDuplicateDeclarations strategy should remove duplicate XML declarations" name="feedRecovery attemptRecovery fixDuplicateDeclarations strategy should remove duplicate XML declarations" time="0">
    </testcase>
    <testcase classname="feedRecovery attemptRecovery fixDuplicateDeclarations strategy should not modify XML with single declaration" name="feedRecovery attemptRecovery fixDuplicateDeclarations strategy should not modify XML with single declaration" time="0">
    </testcase>
    <testcase classname="feedRecovery attemptRecovery stripInvalidXml strategy should escape unescaped ampersands" name="feedRecovery attemptRecovery stripInvalidXml strategy should escape unescaped ampersands" time="0.001">
    </testcase>
    <testcase classname="feedRecovery attemptRecovery stripInvalidXml strategy should not double-escape already escaped entities" name="feedRecovery attemptRecovery stripInvalidXml strategy should not double-escape already escaped entities" time="0">
    </testcase>
    <testcase classname="feedRecovery attemptRecovery stripInvalidXml strategy should preserve numeric entities" name="feedRecovery attemptRecovery stripInvalidXml strategy should preserve numeric entities" time="0">
    </testcase>
    <testcase classname="feedRecovery attemptRecovery fixBrokenCdata strategy should close unclosed CDATA sections" name="feedRecovery attemptRecovery fixBrokenCdata strategy should close unclosed CDATA sections" time="0">
    </testcase>
    <testcase classname="feedRecovery attemptRecovery fixBrokenCdata strategy should handle nested ]]&gt; in CDATA" name="feedRecovery attemptRecovery fixBrokenCdata strategy should handle nested ]]&gt; in CDATA" time="0">
    </testcase>
    <testcase classname="feedRecovery attemptRecovery fixBadEncoding strategy should remove BOM character" name="feedRecovery attemptRecovery fixBadEncoding strategy should remove BOM character" time="0.001">
    </testcase>
    <testcase classname="feedRecovery attemptRecovery fixBadEncoding strategy should fix common mojibake patterns" name="feedRecovery attemptRecovery fixBadEncoding strategy should fix common mojibake patterns" time="0">
    </testcase>
    <testcase classname="feedRecovery attemptRecovery fixBadEncoding strategy should fix Norwegian character mojibake" name="feedRecovery attemptRecovery fixBadEncoding strategy should fix Norwegian character mojibake" time="0.001">
    </testcase>
    <testcase classname="feedRecovery attemptRecovery fixMissingNamespaces strategy should add missing media namespace" name="feedRecovery attemptRecovery fixMissingNamespaces strategy should add missing media namespace" time="0">
    </testcase>
    <testcase classname="feedRecovery attemptRecovery fixMissingNamespaces strategy should add missing dc namespace" name="feedRecovery attemptRecovery fixMissingNamespaces strategy should add missing dc namespace" time="0">
    </testcase>
    <testcase classname="feedRecovery attemptRecovery fixMissingNamespaces strategy should add missing content namespace" name="feedRecovery attemptRecovery fixMissingNamespaces strategy should add missing content namespace" time="0">
    </testcase>
    <testcase classname="feedRecovery attemptRecovery fixMissingNamespaces strategy should not add namespace if already declared" name="feedRecovery attemptRecovery fixMissingNamespaces strategy should not add namespace if already declared" time="0.001">
    </testcase>
    <testcase classname="feedRecovery attemptRecovery extractFromHtml strategy should extract RSS from HTML wrapper" name="feedRecovery attemptRecovery extractFromHtml strategy should extract RSS from HTML wrapper" time="0">
    </testcase>
    <testcase classname="feedRecovery attemptRecovery extractFromHtml strategy should extract Atom from HTML wrapper" name="feedRecovery attemptRecovery extractFromHtml strategy should extract Atom from HTML wrapper" time="0.001">
    </testcase>
    <testcase classname="feedRecovery attemptRecovery extractFromHtml strategy should wrap channel-only content in RSS tags" name="feedRecovery attemptRecovery extractFromHtml strategy should wrap channel-only content in RSS tags" time="0">
    </testcase>
    <testcase classname="feedRecovery attemptRecovery extractFromHtml strategy should remove DOCTYPE declarations" name="feedRecovery attemptRecovery extractFromHtml strategy should remove DOCTYPE declarations" time="0">
    </testcase>
    <testcase classname="feedRecovery attemptRecovery fixMalformedAttributes strategy should quote unquoted attribute values" name="feedRecovery attemptRecovery fixMalformedAttributes strategy should quote unquoted attribute values" time="0">
    </testcase>
    <testcase classname="feedRecovery attemptRecovery fixMalformedAttributes strategy should convert single quotes to double quotes" name="feedRecovery attemptRecovery fixMalformedAttributes strategy should convert single quotes to double quotes" time="0.003">
    </testcase>
    <testcase classname="feedRecovery attemptRecovery normalizeWhitespace strategy should collapse excessive whitespace" name="feedRecovery attemptRecovery normalizeWhitespace strategy should collapse excessive whitespace" time="0.001">
    </testcase>
    <testcase classname="feedRecovery attemptRecovery normalizeWhitespace strategy should trim whitespace in title and link elements" name="feedRecovery attemptRecovery normalizeWhitespace strategy should trim whitespace in title and link elements" time="0">
    </testcase>
    <testcase classname="feedRecovery attemptRecovery multiple strategies combined should apply multiple recovery strategies as needed" name="feedRecovery attemptRecovery multiple strategies combined should apply multiple recovery strategies as needed" time="0">
    </testcase>
    <testcase classname="feedRecovery attemptRecovery multiple strategies combined should respect maxStrategies limit" name="feedRecovery attemptRecovery multiple strategies combined should respect maxStrategies limit" time="0">
    </testcase>
    <testcase classname="feedRecovery attemptRecovery recovery logging should provide descriptive action information" name="feedRecovery attemptRecovery recovery logging should provide descriptive action information" time="0">
    </testcase>
    <testcase classname="feedRecovery extractItemsAlternative RSS item extraction should extract items using regex patterns" name="feedRecovery extractItemsAlternative RSS item extraction should extract items using regex patterns" time="0.001">
    </testcase>
    <testcase classname="feedRecovery extractItemsAlternative RSS item extraction should extract items with CDATA content" name="feedRecovery extractItemsAlternative RSS item extraction should extract items with CDATA content" time="0">
    </testcase>
    <testcase classname="feedRecovery extractItemsAlternative RSS item extraction should extract pubDate" name="feedRecovery extractItemsAlternative RSS item extraction should extract pubDate" time="0">
    </testcase>
    <testcase classname="feedRecovery extractItemsAlternative RSS item extraction should handle partial items (missing some fields)" name="feedRecovery extractItemsAlternative RSS item extraction should handle partial items (missing some fields)" time="0">
    </testcase>
    <testcase classname="feedRecovery extractItemsAlternative Atom entry extraction should extract Atom entries" name="feedRecovery extractItemsAlternative Atom entry extraction should extract Atom entries" time="0">
    </testcase>
    <testcase classname="feedRecovery extractItemsAlternative Atom entry extraction should extract content instead of summary when available" name="feedRecovery extractItemsAlternative Atom entry extraction should extract content instead of summary when available" time="0.001">
    </testcase>
    <testcase classname="feedRecovery extractItemsAlternative Atom entry extraction should use updated date when published is missing" name="feedRecovery extractItemsAlternative Atom entry extraction should use updated date when published is missing" time="0">
    </testcase>
    <testcase classname="feedRecovery extractItemsAlternative mixed feed extraction should extract both RSS items and Atom entries from same content" name="feedRecovery extractItemsAlternative mixed feed extraction should extract both RSS items and Atom entries from same content" time="0">
    </testcase>
    <testcase classname="feedRecovery extractItemsAlternative edge cases should return empty array for content without items" name="feedRecovery extractItemsAlternative edge cases should return empty array for content without items" time="0">
    </testcase>
    <testcase classname="feedRecovery extractItemsAlternative edge cases should skip items with no extractable content" name="feedRecovery extractItemsAlternative edge cases should skip items with no extractable content" time="0">
    </testcase>
    <testcase classname="feedRecovery extractItemsAlternative edge cases should handle malformed XML gracefully" name="feedRecovery extractItemsAlternative edge cases should handle malformed XML gracefully" time="0">
    </testcase>
    <testcase classname="feedRecovery validateRecoveredContent should return valid=true for well-formed XML with items" name="feedRecovery validateRecoveredContent should return valid=true for well-formed XML with items" time="0.001">
    </testcase>
    <testcase classname="feedRecovery validateRecoveredContent should return valid=true for well-formed Atom with entries" name="feedRecovery validateRecoveredContent should return valid=true for well-formed Atom with entries" time="0">
    </testcase>
    <testcase classname="feedRecovery validateRecoveredContent should count both items and entries" name="feedRecovery validateRecoveredContent should count both items and entries" time="0">
    </testcase>
    <testcase classname="feedRecovery validateRecoveredContent should return hasItems=false for feed without items" name="feedRecovery validateRecoveredContent should return hasItems=false for feed without items" time="0">
    </testcase>
    <testcase classname="feedRecovery validateRecoveredContent should return valid=false for malformed XML" name="feedRecovery validateRecoveredContent should return valid=false for malformed XML" time="0">
    </testcase>
    <testcase classname="feedRecovery validateRecoveredContent should return valid=false for non-XML content" name="feedRecovery validateRecoveredContent should return valid=false for non-XML content" time="0.001">
    </testcase>
    <testcase classname="feedRecovery RecoveryResult structure should have correct structure when no recovery needed" name="feedRecovery RecoveryResult structure should have correct structure when no recovery needed" time="0">
    </testcase>
    <testcase classname="feedRecovery RecoveryResult structure should track all applied strategies" name="feedRecovery RecoveryResult structure should track all applied strategies" time="0.001">
    </testcase>
    <testcase classname="feedRecovery RecoveryResult structure should track failed strategies in warnings" name="feedRecovery RecoveryResult structure should track failed strategies in warnings" time="0">
    </testcase>
    <testcase classname="feedRecovery real-world malformed feed scenarios should recover feed with all common issues" name="feedRecovery real-world malformed feed scenarios should recover feed with all common issues" time="0">
    </testcase>
    <testcase classname="feedRecovery real-world malformed feed scenarios should handle feed with Windows-1252 artifacts" name="feedRecovery real-world malformed feed scenarios should handle feed with Windows-1252 artifacts" time="0">
    </testcase>
    <testcase classname="feedRecovery real-world malformed feed scenarios should handle Norwegian characters corrupted by encoding issues" name="feedRecovery real-world malformed feed scenarios should handle Norwegian characters corrupted by encoding issues" time="0.001">
    </testcase>
    <testcase classname="feedRecovery real-world malformed feed scenarios should extract items from severely broken XML as last resort" name="feedRecovery real-world malformed feed scenarios should extract items from severely broken XML as last resort" time="0">
    </testcase>
  </testsuite>
  <testsuite name="PropertyValidators" errors="0" failures="0" skipped="0" timestamp="2025-12-01T00:24:32" time="0.066" tests="34">
    <testcase classname="PropertyValidators feedUrl() should accept valid RSS feed URLs" name="PropertyValidators feedUrl() should accept valid RSS feed URLs" time="0.001">
    </testcase>
    <testcase classname="PropertyValidators feedUrl() should reject empty URL" name="PropertyValidators feedUrl() should reject empty URL" time="0">
    </testcase>
    <testcase classname="PropertyValidators feedUrl() should reject invalid URLs" name="PropertyValidators feedUrl() should reject invalid URLs" time="0">
    </testcase>
    <testcase classname="PropertyValidators feedUrl() should reject internal addresses (SSRF)" name="PropertyValidators feedUrl() should reject internal addresses (SSRF)" time="0.001">
    </testcase>
    <testcase classname="PropertyValidators feedUrl() should reject very long URLs" name="PropertyValidators feedUrl() should reject very long URLs" time="0">
    </testcase>
    <testcase classname="PropertyValidators fallbackImageUrl() should accept valid image URLs" name="PropertyValidators fallbackImageUrl() should accept valid image URLs" time="0">
    </testcase>
    <testcase classname="PropertyValidators fallbackImageUrl() should accept empty URL (optional field)" name="PropertyValidators fallbackImageUrl() should accept empty URL (optional field)" time="0">
    </testcase>
    <testcase classname="PropertyValidators fallbackImageUrl() should reject invalid URLs" name="PropertyValidators fallbackImageUrl() should reject invalid URLs" time="0">
    </testcase>
    <testcase classname="PropertyValidators webPartTitle() should accept valid titles" name="PropertyValidators webPartTitle() should accept valid titles" time="0">
    </testcase>
    <testcase classname="PropertyValidators webPartTitle() should accept empty title (optional field)" name="PropertyValidators webPartTitle() should accept empty title (optional field)" time="0">
    </testcase>
    <testcase classname="PropertyValidators webPartTitle() should reject HTML tags in title" name="PropertyValidators webPartTitle() should reject HTML tags in title" time="0.003">
    </testcase>
    <testcase classname="PropertyValidators webPartTitle() should reject script patterns" name="PropertyValidators webPartTitle() should reject script patterns" time="0">
    </testcase>
    <testcase classname="PropertyValidators webPartTitle() should reject very long titles" name="PropertyValidators webPartTitle() should reject very long titles" time="0">
    </testcase>
    <testcase classname="PropertyValidators filterKeywords() should accept valid keywords" name="PropertyValidators filterKeywords() should accept valid keywords" time="0">
    </testcase>
    <testcase classname="PropertyValidators filterKeywords() should accept empty keywords (optional field)" name="PropertyValidators filterKeywords() should accept empty keywords (optional field)" time="0">
    </testcase>
    <testcase classname="PropertyValidators filterKeywords() should reject HTML tags" name="PropertyValidators filterKeywords() should reject HTML tags" time="0">
    </testcase>
    <testcase classname="PropertyValidators filterKeywords() should reject script patterns" name="PropertyValidators filterKeywords() should reject script patterns" time="0">
    </testcase>
    <testcase classname="PropertyValidators filterKeywords() should reject very long keywords" name="PropertyValidators filterKeywords() should reject very long keywords" time="0">
    </testcase>
    <testcase classname="PropertyValidators itemCount() should accept valid item counts" name="PropertyValidators itemCount() should accept valid item counts" time="0.001">
    </testcase>
    <testcase classname="PropertyValidators itemCount() should reject non-numbers" name="PropertyValidators itemCount() should reject non-numbers" time="0">
    </testcase>
    <testcase classname="PropertyValidators itemCount() should reject non-integers" name="PropertyValidators itemCount() should reject non-integers" time="0">
    </testcase>
    <testcase classname="PropertyValidators itemCount() should reject out of range values" name="PropertyValidators itemCount() should reject out of range values" time="0">
    </testcase>
    <testcase classname="PropertyValidators refreshInterval() should accept valid intervals" name="PropertyValidators refreshInterval() should accept valid intervals" time="0">
    </testcase>
    <testcase classname="PropertyValidators refreshInterval() should reject non-numbers" name="PropertyValidators refreshInterval() should reject non-numbers" time="0">
    </testcase>
    <testcase classname="PropertyValidators refreshInterval() should reject out of range values" name="PropertyValidators refreshInterval() should reject out of range values" time="0">
    </testcase>
    <testcase classname="PropertyValidators carouselInterval() should accept valid intervals" name="PropertyValidators carouselInterval() should accept valid intervals" time="0">
    </testcase>
    <testcase classname="PropertyValidators carouselInterval() should reject out of range values" name="PropertyValidators carouselInterval() should reject out of range values" time="0">
    </testcase>
    <testcase classname="PropertyValidators sanitizeText() should escape HTML entities" name="PropertyValidators sanitizeText() should escape HTML entities" time="0">
    </testcase>
    <testcase classname="PropertyValidators sanitizeText() should handle empty values" name="PropertyValidators sanitizeText() should handle empty values" time="0.001">
    </testcase>
    <testcase classname="PropertyValidators sanitizeText() should preserve safe text" name="PropertyValidators sanitizeText() should preserve safe text" time="0">
    </testcase>
    <testcase classname="PropertyValidators validateAll() should validate all properties at once" name="PropertyValidators validateAll() should validate all properties at once" time="0">
    </testcase>
    <testcase classname="PropertyValidators validateAll() should return all errors" name="PropertyValidators validateAll() should return all errors" time="0">
    </testcase>
    <testcase classname="PropertyValidators isAllValid() should return true for valid properties" name="PropertyValidators isAllValid() should return true for valid properties" time="0">
    </testcase>
    <testcase classname="PropertyValidators isAllValid() should return false if any property is invalid" name="PropertyValidators isAllValid() should return false if any property is invalid" time="0">
    </testcase>
  </testsuite>
  <testsuite name="Breakpoints Constants" errors="0" failures="0" skipped="0" timestamp="2025-12-01T00:24:32" time="0.051" tests="52">
    <testcase classname="Breakpoints Constants breakpoints object should have correct breakpoint values" name="Breakpoints Constants breakpoints object should have correct breakpoint values" time="0">
    </testcase>
    <testcase classname="Breakpoints Constants breakpoints object should have breakpoints in ascending order" name="Breakpoints Constants breakpoints object should have breakpoints in ascending order" time="0.001">
    </testcase>
    <testcase classname="Breakpoints Constants breakpointNames array should contain all breakpoint names in order" name="Breakpoints Constants breakpointNames array should contain all breakpoint names in order" time="0">
    </testcase>
    <testcase classname="Breakpoints Constants breakpointNames array should have the same length as breakpoints object" name="Breakpoints Constants breakpointNames array should have the same length as breakpoints object" time="0">
    </testcase>
    <testcase classname="Breakpoints Constants containerBreakpoints object should have correct container breakpoint values" name="Breakpoints Constants containerBreakpoints object should have correct container breakpoint values" time="0">
    </testcase>
    <testcase classname="getBreakpoint should return &quot;xs&quot; for widths below 480px" name="getBreakpoint should return &quot;xs&quot; for widths below 480px" time="0">
    </testcase>
    <testcase classname="getBreakpoint should return &quot;sm&quot; for widths 480-767px" name="getBreakpoint should return &quot;sm&quot; for widths 480-767px" time="0">
    </testcase>
    <testcase classname="getBreakpoint should return &quot;md&quot; for widths 768-1023px" name="getBreakpoint should return &quot;md&quot; for widths 768-1023px" time="0">
    </testcase>
    <testcase classname="getBreakpoint should return &quot;lg&quot; for widths 1024-1279px" name="getBreakpoint should return &quot;lg&quot; for widths 1024-1279px" time="0.001">
    </testcase>
    <testcase classname="getBreakpoint should return &quot;xl&quot; for widths 1280-1439px" name="getBreakpoint should return &quot;xl&quot; for widths 1280-1439px" time="0">
    </testcase>
    <testcase classname="getBreakpoint should return &quot;xxl&quot; for widths 1440px and above" name="getBreakpoint should return &quot;xxl&quot; for widths 1440px and above" time="0">
    </testcase>
    <testcase classname="getBreakpoint should handle edge cases at exact breakpoint boundaries" name="getBreakpoint should handle edge cases at exact breakpoint boundaries" time="0">
    </testcase>
    <testcase classname="getBreakpoint should handle negative widths as xs" name="getBreakpoint should handle negative widths as xs" time="0">
    </testcase>
    <testcase classname="isAtBreakpoint should return true when width is at or above breakpoint" name="isAtBreakpoint should return true when width is at or above breakpoint" time="0">
    </testcase>
    <testcase classname="isAtBreakpoint should return false when width is below breakpoint" name="isAtBreakpoint should return false when width is below breakpoint" time="0">
    </testcase>
    <testcase classname="isAtBreakpoint should work for all breakpoints" name="isAtBreakpoint should work for all breakpoints" time="0.001">
    </testcase>
    <testcase classname="isBelowBreakpoint should return true when width is below breakpoint" name="isBelowBreakpoint should return true when width is below breakpoint" time="0">
    </testcase>
    <testcase classname="isBelowBreakpoint should return false when width is at or above breakpoint" name="isBelowBreakpoint should return false when width is at or above breakpoint" time="0">
    </testcase>
    <testcase classname="isBelowBreakpoint should be the inverse of isAtBreakpoint" name="isBelowBreakpoint should be the inverse of isAtBreakpoint" time="0.002">
    </testcase>
    <testcase classname="isBetweenBreakpoints should return true for widths in range (inclusive start, exclusive end)" name="isBetweenBreakpoints should return true for widths in range (inclusive start, exclusive end)" time="0.001">
    </testcase>
    <testcase classname="isBetweenBreakpoints should return false for widths outside range" name="isBetweenBreakpoints should return false for widths outside range" time="0">
    </testcase>
    <testcase classname="isBetweenBreakpoints should handle different breakpoint ranges" name="isBetweenBreakpoints should handle different breakpoint ranges" time="0">
    </testcase>
    <testcase classname="Media Query Generators minWidth should generate correct min-width media query" name="Media Query Generators minWidth should generate correct min-width media query" time="0">
    </testcase>
    <testcase classname="Media Query Generators maxWidth should generate correct max-width media query (breakpoint - 1)" name="Media Query Generators maxWidth should generate correct max-width media query (breakpoint - 1)" time="0">
    </testcase>
    <testcase classname="Media Query Generators betweenWidths should generate correct range media query" name="Media Query Generators betweenWidths should generate correct range media query" time="0">
    </testcase>
    <testcase classname="getResponsiveValue should return base value when no breakpoint-specific value matches" name="getResponsiveValue should return base value when no breakpoint-specific value matches" time="0">
    </testcase>
    <testcase classname="getResponsiveValue should return breakpoint-specific value when width matches" name="getResponsiveValue should return breakpoint-specific value when width matches" time="0">
    </testcase>
    <testcase classname="getResponsiveValue should use highest matching breakpoint value" name="getResponsiveValue should use highest matching breakpoint value" time="0.001">
    </testcase>
    <testcase classname="getResponsiveValue should work with different value types" name="getResponsiveValue should work with different value types" time="0">
    </testcase>
    <testcase classname="getContainerBreakpoint should return &quot;narrow&quot; for widths below 384px" name="getContainerBreakpoint should return &quot;narrow&quot; for widths below 384px" time="0">
    </testcase>
    <testcase classname="getContainerBreakpoint should return &quot;compact&quot; for widths 384-767px" name="getContainerBreakpoint should return &quot;compact&quot; for widths 384-767px" time="0">
    </testcase>
    <testcase classname="getContainerBreakpoint should return &quot;standard&quot; for widths 768-1199px" name="getContainerBreakpoint should return &quot;standard&quot; for widths 768-1199px" time="0">
    </testcase>
    <testcase classname="getContainerBreakpoint should return &quot;wide&quot; for widths 1200-1439px" name="getContainerBreakpoint should return &quot;wide&quot; for widths 1200-1439px" time="0">
    </testcase>
    <testcase classname="getContainerBreakpoint should return &quot;fullWidth&quot; for widths 1440px and above" name="getContainerBreakpoint should return &quot;fullWidth&quot; for widths 1440px and above" time="0">
    </testcase>
    <testcase classname="getRecommendedColumns should return 1 column for very narrow containers" name="getRecommendedColumns should return 1 column for very narrow containers" time="0">
    </testcase>
    <testcase classname="getRecommendedColumns should return correct columns based on minItemWidth" name="getRecommendedColumns should return correct columns based on minItemWidth" time="0">
    </testcase>
    <testcase classname="getRecommendedColumns should cap at 4 columns" name="getRecommendedColumns should cap at 4 columns" time="0.001">
    </testcase>
    <testcase classname="getRecommendedColumns should respect custom minItemWidth" name="getRecommendedColumns should respect custom minItemWidth" time="0">
    </testcase>
    <testcase classname="getRecommendedColumns should never return less than 1 column" name="getRecommendedColumns should never return less than 1 column" time="0">
    </testcase>
    <testcase classname="Layout Type Detection isMobileLayout should return true for widths below 480px" name="Layout Type Detection isMobileLayout should return true for widths below 480px" time="0">
    </testcase>
    <testcase classname="Layout Type Detection isMobileLayout should return false for widths 480px and above" name="Layout Type Detection isMobileLayout should return false for widths 480px and above" time="0">
    </testcase>
    <testcase classname="Layout Type Detection isTabletLayout should return true for widths 480-1023px" name="Layout Type Detection isTabletLayout should return true for widths 480-1023px" time="0">
    </testcase>
    <testcase classname="Layout Type Detection isTabletLayout should return false for widths below 480px" name="Layout Type Detection isTabletLayout should return false for widths below 480px" time="0">
    </testcase>
    <testcase classname="Layout Type Detection isTabletLayout should return false for widths 1024px and above" name="Layout Type Detection isTabletLayout should return false for widths 1024px and above" time="0">
    </testcase>
    <testcase classname="Layout Type Detection isDesktopLayout should return true for widths 1024px and above" name="Layout Type Detection isDesktopLayout should return true for widths 1024px and above" time="0">
    </testcase>
    <testcase classname="Layout Type Detection isDesktopLayout should return false for widths below 1024px" name="Layout Type Detection isDesktopLayout should return false for widths below 1024px" time="0">
    </testcase>
    <testcase classname="Layout Type Detection layout type mutual exclusivity should have exactly one layout type true for any width" name="Layout Type Detection layout type mutual exclusivity should have exactly one layout type true for any width" time="0.001">
    </testcase>
    <testcase classname="TypeScript Types should allow valid breakpoint names" name="TypeScript Types should allow valid breakpoint names" time="0">
    </testcase>
    <testcase classname="TypeScript Types should allow ResponsiveValue with base and optional breakpoints" name="TypeScript Types should allow ResponsiveValue with base and optional breakpoints" time="0">
    </testcase>
    <testcase classname="Edge Cases should handle zero width" name="Edge Cases should handle zero width" time="0">
    </testcase>
    <testcase classname="Edge Cases should handle very large widths" name="Edge Cases should handle very large widths" time="0">
    </testcase>
    <testcase classname="Edge Cases should handle decimal widths" name="Edge Cases should handle decimal widths" time="0">
    </testcase>
  </testsuite>
  <testsuite name="FeedValidator" errors="0" failures="0" skipped="0" timestamp="2025-12-01T00:24:32" time="0.055" tests="29">
    <testcase classname="FeedValidator detectFeedFormat() detects RSS 2.0 format" name="FeedValidator detectFeedFormat() detects RSS 2.0 format" time="0">
    </testcase>
    <testcase classname="FeedValidator detectFeedFormat() detects RSS 1.0 (RDF) format" name="FeedValidator detectFeedFormat() detects RSS 1.0 (RDF) format" time="0">
    </testcase>
    <testcase classname="FeedValidator detectFeedFormat() detects Atom format" name="FeedValidator detectFeedFormat() detects Atom format" time="0">
    </testcase>
    <testcase classname="FeedValidator detectFeedFormat() detects JSON Feed format" name="FeedValidator detectFeedFormat() detects JSON Feed format" time="0">
    </testcase>
    <testcase classname="FeedValidator detectFeedFormat() returns unknown for empty content" name="FeedValidator detectFeedFormat() returns unknown for empty content" time="0">
    </testcase>
    <testcase classname="FeedValidator detectFeedFormat() returns unknown for invalid content" name="FeedValidator detectFeedFormat() returns unknown for invalid content" time="0">
    </testcase>
    <testcase classname="FeedValidator detectFeedFormat() returns unknown for regular JSON (not JSON Feed)" name="FeedValidator detectFeedFormat() returns unknown for regular JSON (not JSON Feed)" time="0">
    </testcase>
    <testcase classname="FeedValidator validateFeed() - RSS 2.0 validates valid RSS 2.0 feed" name="FeedValidator validateFeed() - RSS 2.0 validates valid RSS 2.0 feed" time="0.002">
    </testcase>
    <testcase classname="FeedValidator validateFeed() - RSS 2.0 validates minimal RSS 2.0 feed" name="FeedValidator validateFeed() - RSS 2.0 validates minimal RSS 2.0 feed" time="0">
    </testcase>
    <testcase classname="FeedValidator validateFeed() - RSS 2.0 validates empty RSS 2.0 feed (no items)" name="FeedValidator validateFeed() - RSS 2.0 validates empty RSS 2.0 feed (no items)" time="0">
    </testcase>
    <testcase classname="FeedValidator validateFeed() - RSS 2.0 reports warnings for missing channel elements" name="FeedValidator validateFeed() - RSS 2.0 reports warnings for missing channel elements" time="0.001">
    </testcase>
    <testcase classname="FeedValidator validateFeed() - RSS 1.0 validates valid RSS 1.0 (RDF) feed" name="FeedValidator validateFeed() - RSS 1.0 validates valid RSS 1.0 (RDF) feed" time="0.001">
    </testcase>
    <testcase classname="FeedValidator validateFeed() - Atom validates valid Atom feed" name="FeedValidator validateFeed() - Atom validates valid Atom feed" time="0">
    </testcase>
    <testcase classname="FeedValidator validateFeed() - Atom reports warnings for missing required Atom elements" name="FeedValidator validateFeed() - Atom reports warnings for missing required Atom elements" time="0.001">
    </testcase>
    <testcase classname="FeedValidator validateFeed() - JSON Feed validates valid JSON Feed v1.1" name="FeedValidator validateFeed() - JSON Feed validates valid JSON Feed v1.1" time="0">
    </testcase>
    <testcase classname="FeedValidator validateFeed() - JSON Feed validates valid JSON Feed v1.0" name="FeedValidator validateFeed() - JSON Feed validates valid JSON Feed v1.0" time="0">
    </testcase>
    <testcase classname="FeedValidator validateFeed() - JSON Feed validates minimal JSON Feed" name="FeedValidator validateFeed() - JSON Feed validates minimal JSON Feed" time="0">
    </testcase>
    <testcase classname="FeedValidator validateFeed() - JSON Feed reports error for invalid JSON" name="FeedValidator validateFeed() - JSON Feed reports error for invalid JSON" time="0">
    </testcase>
    <testcase classname="FeedValidator validateFeed() - JSON Feed reports error for JSON without version" name="FeedValidator validateFeed() - JSON Feed reports error for JSON without version" time="0">
    </testcase>
    <testcase classname="FeedValidator validateFeed() - JSON Feed reports error for non-JSON Feed version" name="FeedValidator validateFeed() - JSON Feed reports error for non-JSON Feed version" time="0">
    </testcase>
    <testcase classname="FeedValidator validateFeed() - JSON Feed reports error for JSON Feed without items" name="FeedValidator validateFeed() - JSON Feed reports error for JSON Feed without items" time="0.003">
    </testcase>
    <testcase classname="FeedValidator validateFeed() - Error Handling handles empty content" name="FeedValidator validateFeed() - Error Handling handles empty content" time="0">
    </testcase>
    <testcase classname="FeedValidator validateFeed() - Error Handling handles null content" name="FeedValidator validateFeed() - Error Handling handles null content" time="0">
    </testcase>
    <testcase classname="FeedValidator validateFeed() - Error Handling handles whitespace-only content" name="FeedValidator validateFeed() - Error Handling handles whitespace-only content" time="0">
    </testcase>
    <testcase classname="FeedValidator validateFeed() - Error Handling handles malformed XML with partial recovery" name="FeedValidator validateFeed() - Error Handling handles malformed XML with partial recovery" time="0.001">
    </testcase>
    <testcase classname="FeedValidator validateFeed() - Error Handling handles completely invalid content" name="FeedValidator validateFeed() - Error Handling handles completely invalid content" time="0">
    </testcase>
    <testcase classname="FeedValidator validateFeed() - Metadata extracts RSS 2.0 metadata correctly" name="FeedValidator validateFeed() - Metadata extracts RSS 2.0 metadata correctly" time="0.001">
    </testcase>
    <testcase classname="FeedValidator validateFeed() - Metadata extracts Atom metadata correctly" name="FeedValidator validateFeed() - Metadata extracts Atom metadata correctly" time="0">
    </testcase>
    <testcase classname="FeedValidator validateFeed() - Metadata extracts JSON Feed metadata correctly" name="FeedValidator validateFeed() - Metadata extracts JSON Feed metadata correctly" time="0">
    </testcase>
  </testsuite>
  <testsuite name="entityDecoder" errors="0" failures="0" skipped="0" timestamp="2025-12-01T00:24:32" time="0.05" tests="85">
    <testcase classname="entityDecoder XML entities decodes &amp;lt; to &lt;" name="entityDecoder XML entities decodes &amp;lt; to &lt;" time="0">
    </testcase>
    <testcase classname="entityDecoder XML entities decodes &amp;gt; to &gt;" name="entityDecoder XML entities decodes &amp;gt; to &gt;" time="0">
    </testcase>
    <testcase classname="entityDecoder XML entities decodes &amp;amp; to &amp;" name="entityDecoder XML entities decodes &amp;amp; to &amp;" time="0">
    </testcase>
    <testcase classname="entityDecoder XML entities decodes &amp;quot; to &quot;" name="entityDecoder XML entities decodes &amp;quot; to &quot;" time="0">
    </testcase>
    <testcase classname="entityDecoder XML entities decodes &amp;apos; to &apos;" name="entityDecoder XML entities decodes &amp;apos; to &apos;" time="0">
    </testcase>
    <testcase classname="entityDecoder XML entities decodes multiple XML entities in a string" name="entityDecoder XML entities decodes multiple XML entities in a string" time="0">
    </testcase>
    <testcase classname="entityDecoder XML entities preserves text without entities" name="entityDecoder XML entities preserves text without entities" time="0">
    </testcase>
    <testcase classname="entityDecoder XML entities handles empty string" name="entityDecoder XML entities handles empty string" time="0">
    </testcase>
    <testcase classname="entityDecoder decimal numeric entities decodes &amp;#60; to &lt;" name="entityDecoder decimal numeric entities decodes &amp;#60; to &lt;" time="0.001">
    </testcase>
    <testcase classname="entityDecoder decimal numeric entities decodes &amp;#62; to &gt;" name="entityDecoder decimal numeric entities decodes &amp;#62; to &gt;" time="0">
    </testcase>
    <testcase classname="entityDecoder decimal numeric entities decodes &amp;#38; to &amp;" name="entityDecoder decimal numeric entities decodes &amp;#38; to &amp;" time="0">
    </testcase>
    <testcase classname="entityDecoder decimal numeric entities decodes &amp;#36; to $" name="entityDecoder decimal numeric entities decodes &amp;#36; to $" time="0">
    </testcase>
    <testcase classname="entityDecoder decimal numeric entities decodes &amp;#169; to ©" name="entityDecoder decimal numeric entities decodes &amp;#169; to ©" time="0.001">
    </testcase>
    <testcase classname="entityDecoder decimal numeric entities decodes Unicode code points like &amp;#8212; (em dash)" name="entityDecoder decimal numeric entities decodes Unicode code points like &amp;#8212; (em dash)" time="0">
    </testcase>
    <testcase classname="entityDecoder decimal numeric entities decodes high Unicode code points (emoji)" name="entityDecoder decimal numeric entities decodes high Unicode code points (emoji)" time="0">
    </testcase>
    <testcase classname="entityDecoder decimal numeric entities returns original for invalid decimal entities" name="entityDecoder decimal numeric entities returns original for invalid decimal entities" time="0">
    </testcase>
    <testcase classname="entityDecoder decimal numeric entities returns original for out-of-range code points" name="entityDecoder decimal numeric entities returns original for out-of-range code points" time="0">
    </testcase>
    <testcase classname="entityDecoder hexadecimal numeric entities decodes &amp;#x3C; to &lt;" name="entityDecoder hexadecimal numeric entities decodes &amp;#x3C; to &lt;" time="0">
    </testcase>
    <testcase classname="entityDecoder hexadecimal numeric entities decodes &amp;#x3E; to &gt;" name="entityDecoder hexadecimal numeric entities decodes &amp;#x3E; to &gt;" time="0">
    </testcase>
    <testcase classname="entityDecoder hexadecimal numeric entities decodes &amp;#x26; to &amp;" name="entityDecoder hexadecimal numeric entities decodes &amp;#x26; to &amp;" time="0">
    </testcase>
    <testcase classname="entityDecoder hexadecimal numeric entities decodes &amp;#x24; to $" name="entityDecoder hexadecimal numeric entities decodes &amp;#x24; to $" time="0">
    </testcase>
    <testcase classname="entityDecoder hexadecimal numeric entities handles uppercase hex (&amp;#xA9;)" name="entityDecoder hexadecimal numeric entities handles uppercase hex (&amp;#xA9;)" time="0">
    </testcase>
    <testcase classname="entityDecoder hexadecimal numeric entities handles lowercase hex (&amp;#xa9;)" name="entityDecoder hexadecimal numeric entities handles lowercase hex (&amp;#xa9;)" time="0">
    </testcase>
    <testcase classname="entityDecoder hexadecimal numeric entities handles mixed case hex (&amp;#xaB;)" name="entityDecoder hexadecimal numeric entities handles mixed case hex (&amp;#xaB;)" time="0">
    </testcase>
    <testcase classname="entityDecoder hexadecimal numeric entities decodes emoji via hex (&amp;#x1F600;)" name="entityDecoder hexadecimal numeric entities decodes emoji via hex (&amp;#x1F600;)" time="0">
    </testcase>
    <testcase classname="entityDecoder hexadecimal numeric entities returns original for invalid hex entities" name="entityDecoder hexadecimal numeric entities returns original for invalid hex entities" time="0">
    </testcase>
    <testcase classname="entityDecoder decodeNumericEntities (full string) decodes multiple numeric entities in a string" name="entityDecoder decodeNumericEntities (full string) decodes multiple numeric entities in a string" time="0.001">
    </testcase>
    <testcase classname="entityDecoder decodeNumericEntities (full string) decodes mixed decimal and hex entities" name="entityDecoder decodeNumericEntities (full string) decodes mixed decimal and hex entities" time="0">
    </testcase>
    <testcase classname="entityDecoder decodeNumericEntities (full string) preserves text without numeric entities" name="entityDecoder decodeNumericEntities (full string) preserves text without numeric entities" time="0">
    </testcase>
    <testcase classname="entityDecoder decodeNumericEntities (full string) handles string with only numeric entities" name="entityDecoder decodeNumericEntities (full string) handles string with only numeric entities" time="0">
    </testcase>
    <testcase classname="entityDecoder HTML entities decodes &amp;nbsp; to non-breaking space" name="entityDecoder HTML entities decodes &amp;nbsp; to non-breaking space" time="0">
    </testcase>
    <testcase classname="entityDecoder HTML entities decodes &amp;mdash; to em dash" name="entityDecoder HTML entities decodes &amp;mdash; to em dash" time="0">
    </testcase>
    <testcase classname="entityDecoder HTML entities decodes &amp;ndash; to en dash" name="entityDecoder HTML entities decodes &amp;ndash; to en dash" time="0">
    </testcase>
    <testcase classname="entityDecoder HTML entities decodes &amp;hellip; to ellipsis" name="entityDecoder HTML entities decodes &amp;hellip; to ellipsis" time="0">
    </testcase>
    <testcase classname="entityDecoder HTML entities decodes &amp;copy; to ©" name="entityDecoder HTML entities decodes &amp;copy; to ©" time="0">
    </testcase>
    <testcase classname="entityDecoder HTML entities decodes &amp;reg; to ®" name="entityDecoder HTML entities decodes &amp;reg; to ®" time="0">
    </testcase>
    <testcase classname="entityDecoder HTML entities decodes &amp;trade; to ™" name="entityDecoder HTML entities decodes &amp;trade; to ™" time="0">
    </testcase>
    <testcase classname="entityDecoder HTML entities decodes &amp;euro; to €" name="entityDecoder HTML entities decodes &amp;euro; to €" time="0">
    </testcase>
    <testcase classname="entityDecoder HTML entities decodes &amp;pound; to £" name="entityDecoder HTML entities decodes &amp;pound; to £" time="0">
    </testcase>
    <testcase classname="entityDecoder HTML entities decodes quotation marks (smart quotes)" name="entityDecoder HTML entities decodes quotation marks (smart quotes)" time="0">
    </testcase>
    <testcase classname="entityDecoder HTML entities decodes Norwegian characters" name="entityDecoder HTML entities decodes Norwegian characters" time="0">
    </testcase>
    <testcase classname="entityDecoder HTML entities decodes German characters" name="entityDecoder HTML entities decodes German characters" time="0">
    </testcase>
    <testcase classname="entityDecoder HTML entities decodes fractions" name="entityDecoder HTML entities decodes fractions" time="0">
    </testcase>
    <testcase classname="entityDecoder HTML entities decodes math symbols" name="entityDecoder HTML entities decodes math symbols" time="0">
    </testcase>
    <testcase classname="entityDecoder double-encoded entities detects double-encoded entities" name="entityDecoder double-encoded entities detects double-encoded entities" time="0">
    </testcase>
    <testcase classname="entityDecoder double-encoded entities returns false for non-double-encoded entities" name="entityDecoder double-encoded entities returns false for non-double-encoded entities" time="0.001">
    </testcase>
    <testcase classname="entityDecoder double-encoded entities decodes &amp;amp;lt; to &lt;" name="entityDecoder double-encoded entities decodes &amp;amp;lt; to &lt;" time="0">
    </testcase>
    <testcase classname="entityDecoder double-encoded entities decodes &amp;amp;gt; to &gt;" name="entityDecoder double-encoded entities decodes &amp;amp;gt; to &gt;" time="0">
    </testcase>
    <testcase classname="entityDecoder double-encoded entities decodes &amp;amp;amp; to &amp;" name="entityDecoder double-encoded entities decodes &amp;amp;amp; to &amp;" time="0">
    </testcase>
    <testcase classname="entityDecoder double-encoded entities decodes double-encoded HTML content" name="entityDecoder double-encoded entities decodes double-encoded HTML content" time="0">
    </testcase>
    <testcase classname="entityDecoder double-encoded entities decodes double-encoded numeric entities" name="entityDecoder double-encoded entities decodes double-encoded numeric entities" time="0">
    </testcase>
    <testcase classname="entityDecoder double-encoded entities handles triple-encoded entities" name="entityDecoder double-encoded entities handles triple-encoded entities" time="0">
    </testcase>
    <testcase classname="entityDecoder double-encoded entities respects maxDoubleEncodingIterations option" name="entityDecoder double-encoded entities respects maxDoubleEncodingIterations option" time="0">
    </testcase>
    <testcase classname="entityDecoder double-encoded entities handles mixed encoding levels" name="entityDecoder double-encoded entities handles mixed encoding levels" time="0">
    </testcase>
    <testcase classname="entityDecoder decodeEntities (combined) decodes mixed entity types" name="entityDecoder decodeEntities (combined) decodes mixed entity types" time="0.001">
    </testcase>
    <testcase classname="entityDecoder decodeEntities (combined) handles complex real-world content" name="entityDecoder decodeEntities (combined) handles complex real-world content" time="0">
    </testcase>
    <testcase classname="entityDecoder decodeEntities (combined) handles Norwegian text with entities" name="entityDecoder decodeEntities (combined) handles Norwegian text with entities" time="0">
    </testcase>
    <testcase classname="entityDecoder decodeEntities (combined) handles empty and null-ish values" name="entityDecoder decodeEntities (combined) handles empty and null-ish values" time="0">
    </testcase>
    <testcase classname="entityDecoder decodeEntities (combined) can disable XML entity decoding" name="entityDecoder decodeEntities (combined) can disable XML entity decoding" time="0">
    </testcase>
    <testcase classname="entityDecoder decodeEntities (combined) can disable numeric entity decoding" name="entityDecoder decodeEntities (combined) can disable numeric entity decoding" time="0">
    </testcase>
    <testcase classname="entityDecoder decodeEntities (combined) can disable HTML entity decoding" name="entityDecoder decodeEntities (combined) can disable HTML entity decoding" time="0">
    </testcase>
    <testcase classname="entityDecoder decodeEntities (combined) can disable double-encoding fix" name="entityDecoder decodeEntities (combined) can disable double-encoding fix" time="0">
    </testcase>
    <testcase classname="entityDecoder decodeXmlText decodes all entity types for plain text" name="entityDecoder decodeXmlText decodes all entity types for plain text" time="0">
    </testcase>
    <testcase classname="entityDecoder decodeXmlText decodes double-encoded content" name="entityDecoder decodeXmlText decodes double-encoded content" time="0">
    </testcase>
    <testcase classname="entityDecoder decodeXmlText handles Norwegian RSS feed titles" name="entityDecoder decodeXmlText handles Norwegian RSS feed titles" time="0">
    </testcase>
    <testcase classname="entityDecoder decodeXmlText handles empty input" name="entityDecoder decodeXmlText handles empty input" time="0">
    </testcase>
    <testcase classname="entityDecoder decodeEntitiesInHtml decodes entities in HTML content" name="entityDecoder decodeEntitiesInHtml decodes entities in HTML content" time="0">
    </testcase>
    <testcase classname="entityDecoder decodeEntitiesInHtml fixes double-encoded HTML" name="entityDecoder decodeEntitiesInHtml fixes double-encoded HTML" time="0">
    </testcase>
    <testcase classname="entityDecoder decodeEntitiesInHtml preserves HTML structure while decoding entities" name="entityDecoder decodeEntitiesInHtml preserves HTML structure while decoding entities" time="0.001">
    </testcase>
    <testcase classname="entityDecoder decodeEntitiesInHtml handles complex HTML with multiple entity types" name="entityDecoder decodeEntitiesInHtml handles complex HTML with multiple entity types" time="0">
    </testcase>
    <testcase classname="entityDecoder decodeEntitiesInHtml handles empty input" name="entityDecoder decodeEntitiesInHtml handles empty input" time="0">
    </testcase>
    <testcase classname="entityDecoder edge cases handles malformed entities (missing semicolon)" name="entityDecoder edge cases handles malformed entities (missing semicolon)" time="0">
    </testcase>
    <testcase classname="entityDecoder edge cases handles unknown named entities" name="entityDecoder edge cases handles unknown named entities" time="0">
    </testcase>
    <testcase classname="entityDecoder edge cases handles partial numeric entities" name="entityDecoder edge cases handles partial numeric entities" time="0">
    </testcase>
    <testcase classname="entityDecoder edge cases handles very long strings" name="entityDecoder edge cases handles very long strings" time="0">
    </testcase>
    <testcase classname="entityDecoder edge cases handles strings with only entities" name="entityDecoder edge cases handles strings with only entities" time="0">
    </testcase>
    <testcase classname="entityDecoder edge cases handles consecutive entities without separators" name="entityDecoder edge cases handles consecutive entities without separators" time="0">
    </testcase>
    <testcase classname="entityDecoder edge cases preserves valid ampersands followed by space" name="entityDecoder edge cases preserves valid ampersands followed by space" time="0.002">
    </testcase>
    <testcase classname="entityDecoder edge cases handles control character entities (should be filtered)" name="entityDecoder edge cases handles control character entities (should be filtered)" time="0">
    </testcase>
    <testcase classname="entityDecoder edge cases handles surrogate pair entities (should be rejected)" name="entityDecoder edge cases handles surrogate pair entities (should be rejected)" time="0">
    </testcase>
    <testcase classname="entityDecoder real-world feed content handles NRK-style titles" name="entityDecoder real-world feed content handles NRK-style titles" time="0">
    </testcase>
    <testcase classname="entityDecoder real-world feed content handles BBC-style descriptions" name="entityDecoder real-world feed content handles BBC-style descriptions" time="0">
    </testcase>
    <testcase classname="entityDecoder real-world feed content handles typical RSS CDATA content entities" name="entityDecoder real-world feed content handles typical RSS CDATA content entities" time="0">
    </testcase>
    <testcase classname="entityDecoder real-world feed content handles double-encoded feed content (common proxy issue)" name="entityDecoder real-world feed content handles double-encoded feed content (common proxy issue)" time="0">
    </testcase>
    <testcase classname="entityDecoder real-world feed content handles price formatting with currency entities" name="entityDecoder real-world feed content handles price formatting with currency entities" time="0">
    </testcase>
  </testsuite>
  <testsuite name="RssSpecialFeedsHandler" errors="0" failures="0" skipped="0" timestamp="2025-12-01T00:24:32" time="0.055" tests="40">
    <testcase classname="RssSpecialFeedsHandler isAuthenticatedFeed detects feeds with API key parameters should detect apiKey parameter" name="RssSpecialFeedsHandler isAuthenticatedFeed detects feeds with API key parameters should detect apiKey parameter" time="0.001">
    </testcase>
    <testcase classname="RssSpecialFeedsHandler isAuthenticatedFeed detects feeds with API key parameters should detect api_key parameter (underscore variant)" name="RssSpecialFeedsHandler isAuthenticatedFeed detects feeds with API key parameters should detect api_key parameter (underscore variant)" time="0">
    </testcase>
    <testcase classname="RssSpecialFeedsHandler isAuthenticatedFeed detects feeds with API key parameters should detect apikey parameter (lowercase)" name="RssSpecialFeedsHandler isAuthenticatedFeed detects feeds with API key parameters should detect apikey parameter (lowercase)" time="0">
    </testcase>
    <testcase classname="RssSpecialFeedsHandler isAuthenticatedFeed detects feeds with token parameters should detect token parameter" name="RssSpecialFeedsHandler isAuthenticatedFeed detects feeds with token parameters should detect token parameter" time="0">
    </testcase>
    <testcase classname="RssSpecialFeedsHandler isAuthenticatedFeed detects feeds with token parameters should detect access_token parameter" name="RssSpecialFeedsHandler isAuthenticatedFeed detects feeds with token parameters should detect access_token parameter" time="0">
    </testcase>
    <testcase classname="RssSpecialFeedsHandler isAuthenticatedFeed detects feeds with token parameters should detect auth_token parameter" name="RssSpecialFeedsHandler isAuthenticatedFeed detects feeds with token parameters should detect auth_token parameter" time="0">
    </testcase>
    <testcase classname="RssSpecialFeedsHandler isAuthenticatedFeed detects feeds with pattern-matched auth parameters should detect parameters containing &quot;key&quot;" name="RssSpecialFeedsHandler isAuthenticatedFeed detects feeds with pattern-matched auth parameters should detect parameters containing &quot;key&quot;" time="0">
    </testcase>
    <testcase classname="RssSpecialFeedsHandler isAuthenticatedFeed detects feeds with pattern-matched auth parameters should detect parameters containing &quot;auth&quot;" name="RssSpecialFeedsHandler isAuthenticatedFeed detects feeds with pattern-matched auth parameters should detect parameters containing &quot;auth&quot;" time="0">
    </testcase>
    <testcase classname="RssSpecialFeedsHandler isAuthenticatedFeed detects feeds with pattern-matched auth parameters should detect parameters containing &quot;secret&quot;" name="RssSpecialFeedsHandler isAuthenticatedFeed detects feeds with pattern-matched auth parameters should detect parameters containing &quot;secret&quot;" time="0">
    </testcase>
    <testcase classname="RssSpecialFeedsHandler isAuthenticatedFeed does NOT detect standard RSS feeds should return false for simple RSS feed URL" name="RssSpecialFeedsHandler isAuthenticatedFeed does NOT detect standard RSS feeds should return false for simple RSS feed URL" time="0">
    </testcase>
    <testcase classname="RssSpecialFeedsHandler isAuthenticatedFeed does NOT detect standard RSS feeds should return false for feed with non-auth parameters" name="RssSpecialFeedsHandler isAuthenticatedFeed does NOT detect standard RSS feeds should return false for feed with non-auth parameters" time="0.001">
    </testcase>
    <testcase classname="RssSpecialFeedsHandler isAuthenticatedFeed does NOT detect standard RSS feeds should return false for Atom feed" name="RssSpecialFeedsHandler isAuthenticatedFeed does NOT detect standard RSS feeds should return false for Atom feed" time="0">
    </testcase>
    <testcase classname="RssSpecialFeedsHandler isAuthenticatedFeed handles edge cases should return false for invalid URL" name="RssSpecialFeedsHandler isAuthenticatedFeed handles edge cases should return false for invalid URL" time="0">
    </testcase>
    <testcase classname="RssSpecialFeedsHandler isAuthenticatedFeed handles edge cases should return false for empty string" name="RssSpecialFeedsHandler isAuthenticatedFeed handles edge cases should return false for empty string" time="0">
    </testcase>
    <testcase classname="RssSpecialFeedsHandler isApiFeed detects API-style URL paths should detect /api/ in path" name="RssSpecialFeedsHandler isApiFeed detects API-style URL paths should detect /api/ in path" time="0">
    </testcase>
    <testcase classname="RssSpecialFeedsHandler isApiFeed detects API-style URL paths should detect /v1/ in path" name="RssSpecialFeedsHandler isApiFeed detects API-style URL paths should detect /v1/ in path" time="0">
    </testcase>
    <testcase classname="RssSpecialFeedsHandler isApiFeed detects API-style URL paths should detect /v2/ in path" name="RssSpecialFeedsHandler isApiFeed detects API-style URL paths should detect /v2/ in path" time="0">
    </testcase>
    <testcase classname="RssSpecialFeedsHandler isApiFeed detects API-style URL paths should detect /newsletters/ in path" name="RssSpecialFeedsHandler isApiFeed detects API-style URL paths should detect /newsletters/ in path" time="0">
    </testcase>
    <testcase classname="RssSpecialFeedsHandler isApiFeed detects API feeds via auth parameters should detect feed with apiKey as API feed" name="RssSpecialFeedsHandler isApiFeed detects API feeds via auth parameters should detect feed with apiKey as API feed" time="0">
    </testcase>
    <testcase classname="RssSpecialFeedsHandler isApiFeed detects API feeds via auth parameters should detect feed with token as API feed" name="RssSpecialFeedsHandler isApiFeed detects API feeds via auth parameters should detect feed with token as API feed" time="0">
    </testcase>
    <testcase classname="RssSpecialFeedsHandler isApiFeed does NOT detect standard RSS feeds should return false for simple RSS feed" name="RssSpecialFeedsHandler isApiFeed does NOT detect standard RSS feeds should return false for simple RSS feed" time="0">
    </testcase>
    <testcase classname="RssSpecialFeedsHandler isApiFeed does NOT detect standard RSS feeds should return false for .rss extension" name="RssSpecialFeedsHandler isApiFeed does NOT detect standard RSS feeds should return false for .rss extension" time="0.001">
    </testcase>
    <testcase classname="RssSpecialFeedsHandler isApiFeed does NOT detect standard RSS feeds should return false for /feed path without auth" name="RssSpecialFeedsHandler isApiFeed does NOT detect standard RSS feeds should return false for /feed path without auth" time="0">
    </testcase>
    <testcase classname="RssSpecialFeedsHandler isApiFeed does NOT detect standard RSS feeds should return false for atom.xml" name="RssSpecialFeedsHandler isApiFeed does NOT detect standard RSS feeds should return false for atom.xml" time="0">
    </testcase>
    <testcase classname="RssSpecialFeedsHandler isApiFeed handles edge cases should return false for invalid URL" name="RssSpecialFeedsHandler isApiFeed handles edge cases should return false for invalid URL" time="0">
    </testcase>
    <testcase classname="RssSpecialFeedsHandler isApiFeed handles edge cases should be case-insensitive for path detection" name="RssSpecialFeedsHandler isApiFeed handles edge cases should be case-insensitive for path detection" time="0">
    </testcase>
    <testcase classname="RssSpecialFeedsHandler isMeltwaterFeed (deprecated) should delegate to isApiFeed" name="RssSpecialFeedsHandler isMeltwaterFeed (deprecated) should delegate to isApiFeed" time="0">
    </testcase>
    <testcase classname="RssSpecialFeedsHandler getPreProcessingHints should return all fixes enabled for any URL" name="RssSpecialFeedsHandler getPreProcessingHints should return all fixes enabled for any URL" time="0.005">
    </testcase>
    <testcase classname="RssSpecialFeedsHandler getPreProcessingHints should return same hints for all URLs (universal application)" name="RssSpecialFeedsHandler getPreProcessingHints should return same hints for all URLs (universal application)" time="0.002">
    </testcase>
    <testcase classname="RssSpecialFeedsHandler hasKnownFormatIssues should always return true (universal handling)" name="RssSpecialFeedsHandler hasKnownFormatIssues should always return true (universal handling)" time="0">
    </testcase>
    <testcase classname="RssSpecialFeedsHandler real-world URL patterns should detect API-style feeds correctly should detect /public/newsletters/12345/newsletter/view as API feed" name="RssSpecialFeedsHandler real-world URL patterns should detect API-style feeds correctly should detect /public/newsletters/12345/newsletter/view as API feed" time="0">
    </testcase>
    <testcase classname="RssSpecialFeedsHandler real-world URL patterns should detect API-style feeds correctly should detect /v1/rss as API feed" name="RssSpecialFeedsHandler real-world URL patterns should detect API-style feeds correctly should detect /v1/rss as API feed" time="0.001">
    </testcase>
    <testcase classname="RssSpecialFeedsHandler real-world URL patterns should detect API-style feeds correctly should detect /api/feeds/user/123 as API feed" name="RssSpecialFeedsHandler real-world URL patterns should detect API-style feeds correctly should detect /api/feeds/user/123 as API feed" time="0">
    </testcase>
    <testcase classname="RssSpecialFeedsHandler real-world URL patterns should NOT detect standard RSS feeds as API feeds should NOT detect https://www.nrk.no/toppsaker.rss as API feed" name="RssSpecialFeedsHandler real-world URL patterns should NOT detect standard RSS feeds as API feeds should NOT detect https://www.nrk.no/toppsaker.rss as API feed" time="0">
    </testcase>
    <testcase classname="RssSpecialFeedsHandler real-world URL patterns should NOT detect standard RSS feeds as API feeds should NOT detect https://www.vg.no/rss/feed/?format=rss as API feed" name="RssSpecialFeedsHandler real-world URL patterns should NOT detect standard RSS feeds as API feeds should NOT detect https://www.vg.no/rss/feed/?format=rss as API feed" time="0">
    </testcase>
    <testcase classname="RssSpecialFeedsHandler real-world URL patterns should NOT detect standard RSS feeds as API feeds should NOT detect https://e24.no/rss2 as API feed" name="RssSpecialFeedsHandler real-world URL patterns should NOT detect standard RSS feeds as API feeds should NOT detect https://e24.no/rss2 as API feed" time="0">
    </testcase>
    <testcase classname="RssSpecialFeedsHandler real-world URL patterns should NOT detect standard RSS feeds as API feeds should NOT detect https://www.tv2.no/rss/nyheter as API feed" name="RssSpecialFeedsHandler real-world URL patterns should NOT detect standard RSS feeds as API feeds should NOT detect https://www.tv2.no/rss/nyheter as API feed" time="0">
    </testcase>
    <testcase classname="RssSpecialFeedsHandler real-world URL patterns should NOT detect standard RSS feeds as API feeds should NOT detect https://feeds.feedburner.com/example as API feed" name="RssSpecialFeedsHandler real-world URL patterns should NOT detect standard RSS feeds as API feeds should NOT detect https://feeds.feedburner.com/example as API feed" time="0">
    </testcase>
    <testcase classname="RssSpecialFeedsHandler real-world URL patterns should NOT detect standard RSS feeds as API feeds should NOT detect https://blog.example.com/feed/ as API feed" name="RssSpecialFeedsHandler real-world URL patterns should NOT detect standard RSS feeds as API feeds should NOT detect https://blog.example.com/feed/ as API feed" time="0">
    </testcase>
    <testcase classname="RssSpecialFeedsHandler real-world URL patterns should NOT detect standard RSS feeds as API feeds should NOT detect https://wordpress-site.com/feed/atom/ as API feed" name="RssSpecialFeedsHandler real-world URL patterns should NOT detect standard RSS feeds as API feeds should NOT detect https://wordpress-site.com/feed/atom/ as API feed" time="0">
    </testcase>
  </testsuite>
  <testsuite name="CspCompliance" errors="0" failures="0" skipped="0" timestamp="2025-12-01T00:24:32" time="0.058" tests="41">
    <testcase classname="CspCompliance hasDangerousContent() should detect javascript: protocol" name="CspCompliance hasDangerousContent() should detect javascript: protocol" time="0.001">
    </testcase>
    <testcase classname="CspCompliance hasDangerousContent() should detect vbscript: protocol" name="CspCompliance hasDangerousContent() should detect vbscript: protocol" time="0">
    </testcase>
    <testcase classname="CspCompliance hasDangerousContent() should detect data:text/html" name="CspCompliance hasDangerousContent() should detect data:text/html" time="0">
    </testcase>
    <testcase classname="CspCompliance hasDangerousContent() should detect event handlers" name="CspCompliance hasDangerousContent() should detect event handlers" time="0">
    </testcase>
    <testcase classname="CspCompliance hasDangerousContent() should detect script tags" name="CspCompliance hasDangerousContent() should detect script tags" time="0">
    </testcase>
    <testcase classname="CspCompliance hasDangerousContent() should detect CSS expression" name="CspCompliance hasDangerousContent() should detect CSS expression" time="0">
    </testcase>
    <testcase classname="CspCompliance hasDangerousContent() should detect CSS behavior" name="CspCompliance hasDangerousContent() should detect CSS behavior" time="0">
    </testcase>
    <testcase classname="CspCompliance hasDangerousContent() should not flag safe content" name="CspCompliance hasDangerousContent() should not flag safe content" time="0.001">
    </testcase>
    <testcase classname="CspCompliance hasDangerousContent() should handle empty/null content" name="CspCompliance hasDangerousContent() should handle empty/null content" time="0">
    </testcase>
    <testcase classname="CspCompliance isSafeUrl() should allow https URLs" name="CspCompliance isSafeUrl() should allow https URLs" time="0">
    </testcase>
    <testcase classname="CspCompliance isSafeUrl() should allow http URLs" name="CspCompliance isSafeUrl() should allow http URLs" time="0">
    </testcase>
    <testcase classname="CspCompliance isSafeUrl() should allow mailto URLs" name="CspCompliance isSafeUrl() should allow mailto URLs" time="0">
    </testcase>
    <testcase classname="CspCompliance isSafeUrl() should allow tel URLs" name="CspCompliance isSafeUrl() should allow tel URLs" time="0">
    </testcase>
    <testcase classname="CspCompliance isSafeUrl() should allow relative URLs" name="CspCompliance isSafeUrl() should allow relative URLs" time="0">
    </testcase>
    <testcase classname="CspCompliance isSafeUrl() should allow protocol-relative URLs" name="CspCompliance isSafeUrl() should allow protocol-relative URLs" time="0.001">
    </testcase>
    <testcase classname="CspCompliance isSafeUrl() should block javascript: URLs" name="CspCompliance isSafeUrl() should block javascript: URLs" time="0">
    </testcase>
    <testcase classname="CspCompliance isSafeUrl() should block data: URLs" name="CspCompliance isSafeUrl() should block data: URLs" time="0">
    </testcase>
    <testcase classname="CspCompliance isSafeUrl() should handle empty URLs" name="CspCompliance isSafeUrl() should handle empty URLs" time="0">
    </testcase>
    <testcase classname="CspCompliance isSafeImageUrl() should allow https image URLs" name="CspCompliance isSafeImageUrl() should allow https image URLs" time="0">
    </testcase>
    <testcase classname="CspCompliance isSafeImageUrl() should allow http image URLs" name="CspCompliance isSafeImageUrl() should allow http image URLs" time="0">
    </testcase>
    <testcase classname="CspCompliance isSafeImageUrl() should allow data:image URLs" name="CspCompliance isSafeImageUrl() should allow data:image URLs" time="0">
    </testcase>
    <testcase classname="CspCompliance isSafeImageUrl() should allow relative image URLs" name="CspCompliance isSafeImageUrl() should allow relative image URLs" time="0">
    </testcase>
    <testcase classname="CspCompliance isSafeImageUrl() should block data:text/html URLs" name="CspCompliance isSafeImageUrl() should block data:text/html URLs" time="0">
    </testcase>
    <testcase classname="CspCompliance isSafeImageUrl() should block javascript: URLs" name="CspCompliance isSafeImageUrl() should block javascript: URLs" time="0">
    </testcase>
    <testcase classname="CspCompliance isSafeImageUrl() should handle empty URLs" name="CspCompliance isSafeImageUrl() should handle empty URLs" time="0.001">
    </testcase>
    <testcase classname="CspCompliance isValidClassName() should allow valid class names" name="CspCompliance isValidClassName() should allow valid class names" time="0">
    </testcase>
    <testcase classname="CspCompliance isValidClassName() should reject invalid class names" name="CspCompliance isValidClassName() should reject invalid class names" time="0">
    </testcase>
    <testcase classname="CspCompliance isValidClassName() should handle empty values" name="CspCompliance isValidClassName() should handle empty values" time="0">
    </testcase>
    <testcase classname="CspCompliance sanitizeClassNames() should pass through valid class names" name="CspCompliance sanitizeClassNames() should pass through valid class names" time="0">
    </testcase>
    <testcase classname="CspCompliance sanitizeClassNames() should filter out invalid class names" name="CspCompliance sanitizeClassNames() should filter out invalid class names" time="0">
    </testcase>
    <testcase classname="CspCompliance sanitizeClassNames() should handle empty string" name="CspCompliance sanitizeClassNames() should handle empty string" time="0">
    </testcase>
    <testcase classname="CspCompliance isSafeStyleValue() should allow simple style values" name="CspCompliance isSafeStyleValue() should allow simple style values" time="0">
    </testcase>
    <testcase classname="CspCompliance isSafeStyleValue() should block javascript in styles" name="CspCompliance isSafeStyleValue() should block javascript in styles" time="0">
    </testcase>
    <testcase classname="CspCompliance isSafeStyleValue() should block CSS expression" name="CspCompliance isSafeStyleValue() should block CSS expression" time="0">
    </testcase>
    <testcase classname="CspCompliance isSafeStyleValue() should block url() in styles" name="CspCompliance isSafeStyleValue() should block url() in styles" time="0.001">
    </testcase>
    <testcase classname="CspCompliance isSafeStyleValue() should block @import" name="CspCompliance isSafeStyleValue() should block @import" time="0">
    </testcase>
    <testcase classname="CspCompliance isSafeStyleValue() should handle empty values" name="CspCompliance isSafeStyleValue() should handle empty values" time="0.002">
    </testcase>
    <testcase classname="CspCompliance createSafeStyles() should allow whitelisted properties" name="CspCompliance createSafeStyles() should allow whitelisted properties" time="0">
    </testcase>
    <testcase classname="CspCompliance createSafeStyles() should filter out non-whitelisted properties" name="CspCompliance createSafeStyles() should filter out non-whitelisted properties" time="0">
    </testcase>
    <testcase classname="CspCompliance createSafeStyles() should filter out dangerous values" name="CspCompliance createSafeStyles() should filter out dangerous values" time="0">
    </testcase>
    <testcase classname="CspCompliance createSafeStyles() should handle numeric values" name="CspCompliance createSafeStyles() should handle numeric values" time="0">
    </testcase>
  </testsuite>
  <testsuite name="ErrorLogger" errors="0" failures="0" skipped="0" timestamp="2025-12-01T00:24:32" time="0.056" tests="34">
    <testcase classname="ErrorLogger log should log an error and return entry" name="ErrorLogger log should log an error and return entry" time="0.001">
    </testcase>
    <testcase classname="ErrorLogger log should include timestamp" name="ErrorLogger log should include timestamp" time="0">
    </testcase>
    <testcase classname="ErrorLogger log should include error message" name="ErrorLogger log should include error message" time="0">
    </testcase>
    <testcase classname="ErrorLogger log should include context information" name="ErrorLogger log should include context information" time="0.001">
    </testcase>
    <testcase classname="ErrorLogger log should sanitize URLs" name="ErrorLogger log should sanitize URLs" time="0">
    </testcase>
    <testcase classname="ErrorLogger log should generate unique IDs" name="ErrorLogger log should generate unique IDs" time="0">
    </testcase>
    <testcase classname="ErrorLogger log should log to console for non-production" name="ErrorLogger log should log to console for non-production" time="0">
    </testcase>
    <testcase classname="ErrorLogger log should call external handler if provided" name="ErrorLogger log should call external handler if provided" time="0">
    </testcase>
    <testcase classname="ErrorLogger log should not throw if external handler fails" name="ErrorLogger log should not throw if external handler fails" time="0">
    </testcase>
    <testcase classname="ErrorLogger warn should log warning to console" name="ErrorLogger warn should log warning to console" time="0.001">
    </testcase>
    <testcase classname="ErrorLogger info should log info to console" name="ErrorLogger info should log info to console" time="0">
    </testcase>
    <testcase classname="ErrorLogger getRecentLogs should return empty array initially" name="ErrorLogger getRecentLogs should return empty array initially" time="0">
    </testcase>
    <testcase classname="ErrorLogger getRecentLogs should return all logs" name="ErrorLogger getRecentLogs should return all logs" time="0.001">
    </testcase>
    <testcase classname="ErrorLogger getRecentLogs should return logs in reverse chronological order" name="ErrorLogger getRecentLogs should return logs in reverse chronological order" time="0">
    </testcase>
    <testcase classname="ErrorLogger getRecentLogs should respect count parameter" name="ErrorLogger getRecentLogs should respect count parameter" time="0.001">
    </testcase>
    <testcase classname="ErrorLogger getFilteredLogs should filter by code" name="ErrorLogger getFilteredLogs should filter by code" time="0">
    </testcase>
    <testcase classname="ErrorLogger getFilteredLogs should filter by category" name="ErrorLogger getFilteredLogs should filter by category" time="0">
    </testcase>
    <testcase classname="ErrorLogger getFilteredLogs should filter by severity" name="ErrorLogger getFilteredLogs should filter by severity" time="0">
    </testcase>
    <testcase classname="ErrorLogger getFilteredLogs should filter by multiple criteria" name="ErrorLogger getFilteredLogs should filter by multiple criteria" time="0.001">
    </testcase>
    <testcase classname="ErrorLogger getFilteredLogs should filter by time" name="ErrorLogger getFilteredLogs should filter by time" time="0">
    </testcase>
    <testcase classname="ErrorLogger clearLogs should clear all logs" name="ErrorLogger clearLogs should clear all logs" time="0">
    </testcase>
    <testcase classname="ErrorLogger getStats should return empty stats initially" name="ErrorLogger getStats should return empty stats initially" time="0">
    </testcase>
    <testcase classname="ErrorLogger getStats should count logs by category" name="ErrorLogger getStats should count logs by category" time="0">
    </testcase>
    <testcase classname="ErrorLogger getStats should count logs by severity" name="ErrorLogger getStats should count logs by severity" time="0.002">
    </testcase>
    <testcase classname="ErrorLogger getStats should count recent logs" name="ErrorLogger getStats should count recent logs" time="0">
    </testcase>
    <testcase classname="ErrorLogger configure should update configuration" name="ErrorLogger configure should update configuration" time="0.001">
    </testcase>
    <testcase classname="ErrorLogger configure should respect maxLogs limit" name="ErrorLogger configure should respect maxLogs limit" time="0">
    </testcase>
    <testcase classname="ErrorLogger Log entry structure should have all required fields" name="ErrorLogger Log entry structure should have all required fields" time="0">
    </testcase>
    <testcase classname="createScopedLogger should create a scoped logger" name="createScopedLogger should create a scoped logger" time="0.001">
    </testcase>
    <testcase classname="createScopedLogger should include scope in logged errors" name="createScopedLogger should include scope in logged errors" time="0">
    </testcase>
    <testcase classname="createScopedLogger should include base context in all logs" name="createScopedLogger should include base context in all logs" time="0">
    </testcase>
    <testcase classname="createScopedLogger should allow additional context in individual logs" name="createScopedLogger should allow additional context in individual logs" time="0">
    </testcase>
    <testcase classname="createScopedLogger should prefix warn messages with scope" name="createScopedLogger should prefix warn messages with scope" time="0">
    </testcase>
    <testcase classname="createScopedLogger should prefix info messages with scope" name="createScopedLogger should prefix info messages with scope" time="0">
    </testcase>
  </testsuite>
  <testsuite name="Property Pane Presets" errors="0" failures="0" skipped="0" timestamp="2025-12-01T00:24:32" time="0.059" tests="20">
    <testcase classname="Property Pane Presets presets array should have 5 presets defined" name="Property Pane Presets presets array should have 5 presets defined" time="0">
    </testcase>
    <testcase classname="Property Pane Presets presets array should have news-banner preset" name="Property Pane Presets presets array should have news-banner preset" time="0.003">
    </testcase>
    <testcase classname="Property Pane Presets presets array should have blog-cards preset" name="Property Pane Presets presets array should have blog-cards preset" time="0">
    </testcase>
    <testcase classname="Property Pane Presets presets array should have compact-list preset" name="Property Pane Presets presets array should have compact-list preset" time="0.001">
    </testcase>
    <testcase classname="Property Pane Presets presets array should have photo-gallery preset" name="Property Pane Presets presets array should have photo-gallery preset" time="0">
    </testcase>
    <testcase classname="Property Pane Presets presets array should have custom preset with empty config" name="Property Pane Presets presets array should have custom preset with empty config" time="0.001">
    </testcase>
    <testcase classname="Property Pane Presets presets array should have all required keys for each preset" name="Property Pane Presets presets array should have all required keys for each preset" time="0.001">
    </testcase>
    <testcase classname="Property Pane Presets getPreset should return preset by key" name="Property Pane Presets getPreset should return preset by key" time="0">
    </testcase>
    <testcase classname="Property Pane Presets getPreset should return undefined for unknown key" name="Property Pane Presets getPreset should return undefined for unknown key" time="0.001">
    </testcase>
    <testcase classname="Property Pane Presets getPreset should return custom preset" name="Property Pane Presets getPreset should return custom preset" time="0">
    </testcase>
    <testcase classname="Property Pane Presets applyPreset should return preset config for valid preset" name="Property Pane Presets applyPreset should return preset config for valid preset" time="0.003">
    </testcase>
    <testcase classname="Property Pane Presets applyPreset should return empty object for custom preset" name="Property Pane Presets applyPreset should return empty object for custom preset" time="0">
    </testcase>
    <testcase classname="Property Pane Presets applyPreset should return empty object for unknown preset" name="Property Pane Presets applyPreset should return empty object for unknown preset" time="0.001">
    </testcase>
    <testcase classname="Property Pane Presets applyPreset should apply blog-cards preset correctly" name="Property Pane Presets applyPreset should apply blog-cards preset correctly" time="0">
    </testcase>
    <testcase classname="Property Pane Presets applyPreset should apply compact-list preset correctly" name="Property Pane Presets applyPreset should apply compact-list preset correctly" time="0">
    </testcase>
    <testcase classname="Property Pane Presets detectCurrentPreset should detect news-banner preset" name="Property Pane Presets detectCurrentPreset should detect news-banner preset" time="0">
    </testcase>
    <testcase classname="Property Pane Presets detectCurrentPreset should detect blog-cards preset" name="Property Pane Presets detectCurrentPreset should detect blog-cards preset" time="0">
    </testcase>
    <testcase classname="Property Pane Presets detectCurrentPreset should detect compact-list preset" name="Property Pane Presets detectCurrentPreset should detect compact-list preset" time="0">
    </testcase>
    <testcase classname="Property Pane Presets detectCurrentPreset should return custom when no preset matches" name="Property Pane Presets detectCurrentPreset should return custom when no preset matches" time="0">
    </testcase>
    <testcase classname="Property Pane Presets detectCurrentPreset should return custom for partial matches" name="Property Pane Presets detectCurrentPreset should return custom for partial matches" time="0">
    </testcase>
  </testsuite>
  <testsuite name="Property Pane Conditional Fields" errors="0" failures="0" skipped="0" timestamp="2025-12-01T00:24:32" time="0.054" tests="20">
    <testcase classname="Property Pane Conditional Fields shouldShowField carousel fields should show autoscroll only for banner layout" name="Property Pane Conditional Fields shouldShowField carousel fields should show autoscroll only for banner layout" time="0">
    </testcase>
    <testcase classname="Property Pane Conditional Fields shouldShowField carousel fields should show interval only for banner layout with autoscroll enabled" name="Property Pane Conditional Fields shouldShowField carousel fields should show interval only for banner layout with autoscroll enabled" time="0.001">
    </testcase>
    <testcase classname="Property Pane Conditional Fields shouldShowField image fields should show fallbackImageUrl only when forceFallbackImage is enabled" name="Property Pane Conditional Fields shouldShowField image fields should show fallbackImageUrl only when forceFallbackImage is enabled" time="0">
    </testcase>
    <testcase classname="Property Pane Conditional Fields shouldShowField refresh fields should show refreshInterval only when autoRefresh is enabled" name="Property Pane Conditional Fields shouldShowField refresh fields should show refreshInterval only when autoRefresh is enabled" time="0.001">
    </testcase>
    <testcase classname="Property Pane Conditional Fields shouldShowField fields without rules should always show fields without conditional rules" name="Property Pane Conditional Fields shouldShowField fields without rules should always show fields without conditional rules" time="0">
    </testcase>
    <testcase classname="Property Pane Conditional Fields shouldShowGroup should show bannerSettings group only for banner layout" name="Property Pane Conditional Fields shouldShowGroup should show bannerSettings group only for banner layout" time="0">
    </testcase>
    <testcase classname="Property Pane Conditional Fields shouldShowGroup should always show groups without conditional rules" name="Property Pane Conditional Fields shouldShowGroup should always show groups without conditional rules" time="0">
    </testcase>
    <testcase classname="Property Pane Conditional Fields isFieldDisabled interval field should be disabled when layout is not banner" name="Property Pane Conditional Fields isFieldDisabled interval field should be disabled when layout is not banner" time="0.001">
    </testcase>
    <testcase classname="Property Pane Conditional Fields isFieldDisabled interval field should be disabled when autoscroll is off for banner" name="Property Pane Conditional Fields isFieldDisabled interval field should be disabled when autoscroll is off for banner" time="0">
    </testcase>
    <testcase classname="Property Pane Conditional Fields isFieldDisabled interval field should be enabled when layout is banner and autoscroll is on" name="Property Pane Conditional Fields isFieldDisabled interval field should be enabled when layout is banner and autoscroll is on" time="0">
    </testcase>
    <testcase classname="Property Pane Conditional Fields isFieldDisabled refreshInterval field should be disabled when autoRefresh is off" name="Property Pane Conditional Fields isFieldDisabled refreshInterval field should be disabled when autoRefresh is off" time="0">
    </testcase>
    <testcase classname="Property Pane Conditional Fields isFieldDisabled refreshInterval field should be enabled when autoRefresh is on" name="Property Pane Conditional Fields isFieldDisabled refreshInterval field should be enabled when autoRefresh is on" time="0">
    </testcase>
    <testcase classname="Property Pane Conditional Fields isFieldDisabled fallbackImageUrl field should be disabled when forceFallbackImage is off" name="Property Pane Conditional Fields isFieldDisabled fallbackImageUrl field should be disabled when forceFallbackImage is off" time="0">
    </testcase>
    <testcase classname="Property Pane Conditional Fields isFieldDisabled fallbackImageUrl field should be enabled when forceFallbackImage is on" name="Property Pane Conditional Fields isFieldDisabled fallbackImageUrl field should be enabled when forceFallbackImage is on" time="0">
    </testcase>
    <testcase classname="Property Pane Conditional Fields isFieldDisabled fields without disabled rules should never be disabled for fields without rules" name="Property Pane Conditional Fields isFieldDisabled fields without disabled rules should never be disabled for fields without rules" time="0.001">
    </testcase>
    <testcase classname="Property Pane Conditional Fields getDependentFields should return dependent fields for layout" name="Property Pane Conditional Fields getDependentFields should return dependent fields for layout" time="0">
    </testcase>
    <testcase classname="Property Pane Conditional Fields getDependentFields should return dependent fields for autoscroll" name="Property Pane Conditional Fields getDependentFields should return dependent fields for autoscroll" time="0">
    </testcase>
    <testcase classname="Property Pane Conditional Fields getDependentFields should return dependent fields for autoRefresh" name="Property Pane Conditional Fields getDependentFields should return dependent fields for autoRefresh" time="0">
    </testcase>
    <testcase classname="Property Pane Conditional Fields getDependentFields should return dependent fields for forceFallbackImage" name="Property Pane Conditional Fields getDependentFields should return dependent fields for forceFallbackImage" time="0">
    </testcase>
    <testcase classname="Property Pane Conditional Fields getDependentFields should return empty array for fields without dependents" name="Property Pane Conditional Fields getDependentFields should return empty array for fields without dependents" time="0.001">
    </testcase>
  </testsuite>
  <testsuite name="Feed Type Guards" errors="0" failures="0" skipped="0" timestamp="2025-12-01T00:24:32" time="0.054" tests="13">
    <testcase classname="Feed Type Guards hasCategories() returns true for item with categories" name="Feed Type Guards hasCategories() returns true for item with categories" time="0.001">
    </testcase>
    <testcase classname="Feed Type Guards hasCategories() returns false for item without categories" name="Feed Type Guards hasCategories() returns false for item without categories" time="0">
    </testcase>
    <testcase classname="Feed Type Guards hasCategories() returns false for item with empty categories array" name="Feed Type Guards hasCategories() returns false for item with empty categories array" time="0">
    </testcase>
    <testcase classname="Feed Type Guards hasCategories() returns false for item with undefined categories" name="Feed Type Guards hasCategories() returns false for item with undefined categories" time="0">
    </testcase>
    <testcase classname="Feed Type Guards hasAuthor() returns true for item with author" name="Feed Type Guards hasAuthor() returns true for item with author" time="0">
    </testcase>
    <testcase classname="Feed Type Guards hasAuthor() returns false for item without author" name="Feed Type Guards hasAuthor() returns false for item without author" time="0">
    </testcase>
    <testcase classname="Feed Type Guards hasAuthor() returns false for item with empty author string" name="Feed Type Guards hasAuthor() returns false for item with empty author string" time="0">
    </testcase>
    <testcase classname="Feed Type Guards hasImage() returns true for item with image" name="Feed Type Guards hasImage() returns true for item with image" time="0">
    </testcase>
    <testcase classname="Feed Type Guards hasImage() returns false for item without image" name="Feed Type Guards hasImage() returns false for item without image" time="0">
    </testcase>
    <testcase classname="Feed Type Guards hasImage() returns false for item with empty image URL" name="Feed Type Guards hasImage() returns false for item with empty image URL" time="0">
    </testcase>
    <testcase classname="Feed Type Guards hasEnclosures() returns true for item with enclosures" name="Feed Type Guards hasEnclosures() returns true for item with enclosures" time="0">
    </testcase>
    <testcase classname="Feed Type Guards hasEnclosures() returns false for item without enclosures" name="Feed Type Guards hasEnclosures() returns false for item without enclosures" time="0">
    </testcase>
    <testcase classname="Feed Type Guards hasEnclosures() returns false for item with empty enclosures array" name="Feed Type Guards hasEnclosures() returns false for item with empty enclosures array" time="0">
    </testcase>
  </testsuite>
  <testsuite name="ImprovedFeedParser Performance (ST-003-08)" errors="0" failures="0" skipped="0" timestamp="2025-12-01T00:24:29" time="3.685" tests="10">
    <testcase classname="ImprovedFeedParser Performance (ST-003-08) Performance Targets should parse 10 items in &lt; 10ms" name="ImprovedFeedParser Performance (ST-003-08) Performance Targets should parse 10 items in &lt; 10ms" time="0.061">
    </testcase>
    <testcase classname="ImprovedFeedParser Performance (ST-003-08) Performance Targets should parse 50 items in &lt; 50ms" name="ImprovedFeedParser Performance (ST-003-08) Performance Targets should parse 50 items in &lt; 50ms" time="0.073">
    </testcase>
    <testcase classname="ImprovedFeedParser Performance (ST-003-08) Performance Targets should parse 100 items in &lt; 100ms" name="ImprovedFeedParser Performance (ST-003-08) Performance Targets should parse 100 items in &lt; 100ms" time="0.113">
    </testcase>
    <testcase classname="ImprovedFeedParser Performance (ST-003-08) Performance Targets should parse 500 items in &lt; 300ms" name="ImprovedFeedParser Performance (ST-003-08) Performance Targets should parse 500 items in &lt; 300ms" time="0.554">
    </testcase>
    <testcase classname="ImprovedFeedParser Performance (ST-003-08) Early Termination with maxItems should stop early when maxItems is set" name="ImprovedFeedParser Performance (ST-003-08) Early Termination with maxItems should stop early when maxItems is set" time="0.462">
    </testcase>
    <testcase classname="ImprovedFeedParser Performance (ST-003-08) Early Termination with maxItems should be faster with maxItems=50 than parsing all 500" name="ImprovedFeedParser Performance (ST-003-08) Early Termination with maxItems should be faster with maxItems=50 than parsing all 500" time="0.516">
    </testcase>
    <testcase classname="ImprovedFeedParser Performance (ST-003-08) Memory Stability should handle repeated parsing without memory issues" name="ImprovedFeedParser Performance (ST-003-08) Memory Stability should handle repeated parsing without memory issues" time="0.983">
    </testcase>
    <testcase classname="ImprovedFeedParser Performance (ST-003-08) Large Content Handling should handle items with very long descriptions efficiently" name="ImprovedFeedParser Performance (ST-003-08) Large Content Handling should handle items with very long descriptions efficiently" time="0.09">
    </testcase>
    <testcase classname="ImprovedFeedParser Performance (ST-003-08) Recovery Mode Performance should not add significant overhead when recovery is not needed" name="ImprovedFeedParser Performance (ST-003-08) Recovery Mode Performance should not add significant overhead when recovery is not needed" time="0.211">
    </testcase>
    <testcase classname="ImprovedFeedParser Performance (ST-003-08) Feed Format Performance Comparison should parse RSS and Atom at similar speeds" name="ImprovedFeedParser Performance (ST-003-08) Feed Format Performance Comparison should parse RSS and Atom at similar speeds" time="0.182">
    </testcase>
  </testsuite>
  <testsuite name="RetryService" errors="0" failures="0" skipped="0" timestamp="2025-12-01T00:24:29" time="12.642" tests="26">
    <testcase classname="RetryService Constructor and Configuration should create with default config" name="RetryService Constructor and Configuration should create with default config" time="0.002">
    </testcase>
    <testcase classname="RetryService Constructor and Configuration should create with custom config" name="RetryService Constructor and Configuration should create with custom config" time="0.001">
    </testcase>
    <testcase classname="RetryService getState should return initial state" name="RetryService getState should return initial state" time="0.001">
    </testcase>
    <testcase classname="RetryService getState should return a copy of state" name="RetryService getState should return a copy of state" time="0.001">
    </testcase>
    <testcase classname="RetryService reset should reset state to initial values" name="RetryService reset should reset state to initial values" time="0.001">
    </testcase>
    <testcase classname="RetryService calculateDelay should return initial delay for attempt 0" name="RetryService calculateDelay should return initial delay for attempt 0" time="0">
    </testcase>
    <testcase classname="RetryService calculateDelay should apply exponential backoff" name="RetryService calculateDelay should apply exponential backoff" time="0">
    </testcase>
    <testcase classname="RetryService calculateDelay should cap at maxDelay" name="RetryService calculateDelay should cap at maxDelay" time="0.001">
    </testcase>
    <testcase classname="RetryService calculateDelay should add jitter" name="RetryService calculateDelay should add jitter" time="0">
    </testcase>
    <testcase classname="RetryService calculateDelay should use error-specific delay when error is provided" name="RetryService calculateDelay should use error-specific delay when error is provided" time="0">
    </testcase>
    <testcase classname="RetryService shouldRetry should return true for retryable errors" name="RetryService shouldRetry should return true for retryable errors" time="0">
    </testcase>
    <testcase classname="RetryService shouldRetry should return false for non-retryable errors" name="RetryService shouldRetry should return false for non-retryable errors" time="0.001">
    </testcase>
    <testcase classname="RetryService shouldRetry should return false when max retries reached" name="RetryService shouldRetry should return false when max retries reached" time="0">
    </testcase>
    <testcase classname="RetryService scheduleRetry should schedule a retry for retryable errors" name="RetryService scheduleRetry should schedule a retry for retryable errors" time="0">
    </testcase>
    <testcase classname="RetryService scheduleRetry should call onRetry after delay" name="RetryService scheduleRetry should call onRetry after delay" time="0">
    </testcase>
    <testcase classname="RetryService scheduleRetry should call config callbacks" name="RetryService scheduleRetry should call config callbacks" time="0">
    </testcase>
    <testcase classname="RetryService scheduleRetry should return cleanup function" name="RetryService scheduleRetry should return cleanup function" time="0">
    </testcase>
    <testcase classname="RetryService scheduleRetry should call onRetriesExhausted when max retries reached" name="RetryService scheduleRetry should call onRetriesExhausted when max retries reached" time="0.002">
    </testcase>
    <testcase classname="RetryService execute should execute operation successfully" name="RetryService execute should execute operation successfully" time="0.001">
    </testcase>
    <testcase classname="RetryService execute should retry on failure" name="RetryService execute should retry on failure" time="4.078">
    </testcase>
    <testcase classname="RetryService execute should throw when all retries exhausted" name="RetryService execute should throw when all retries exhausted" time="0.001">
    </testcase>
    <testcase classname="RetryService execute should reset state on success" name="RetryService execute should reset state on success" time="4.041">
    </testcase>
    <testcase classname="createRetryService should create a new RetryService instance" name="createRetryService should create a new RetryService instance" time="0.001">
    </testcase>
    <testcase classname="createRetryService should pass config to service" name="createRetryService should pass config to service" time="0.001">
    </testcase>
    <testcase classname="withRetry should wrap function with retry behavior" name="withRetry should wrap function with retry behavior" time="0.001">
    </testcase>
    <testcase classname="withRetry should retry on failure" name="withRetry should retry on failure" time="4.019">
    </testcase>
  </testsuite>
  <testsuite name="Norwegian News Feeds Integration Tests" errors="0" failures="0" skipped="0" timestamp="2025-12-01T00:24:29" time="18.516" tests="23">
    <testcase classname="Norwegian News Feeds Integration Tests Feed Accessibility (Working Feeds) should fetch NRK toppsaker feed via proxy" name="Norwegian News Feeds Integration Tests Feed Accessibility (Working Feeds) should fetch NRK toppsaker feed via proxy" time="0.098">
    </testcase>
    <testcase classname="Norwegian News Feeds Integration Tests Feed Accessibility (Working Feeds) should fetch VG RSS feed via proxy" name="Norwegian News Feeds Integration Tests Feed Accessibility (Working Feeds) should fetch VG RSS feed via proxy" time="0.23">
    </testcase>
    <testcase classname="Norwegian News Feeds Integration Tests Feed Accessibility (Working Feeds) should fetch E24 RSS feed via proxy" name="Norwegian News Feeds Integration Tests Feed Accessibility (Working Feeds) should fetch E24 RSS feed via proxy" time="0.214">
    </testcase>
    <testcase classname="Norwegian News Feeds Integration Tests Feed Accessibility (Working Feeds) should fetch TV2 nyheter feed via proxy" name="Norwegian News Feeds Integration Tests Feed Accessibility (Working Feeds) should fetch TV2 nyheter feed via proxy" time="0.087">
    </testcase>
    <testcase classname="Norwegian News Feeds Integration Tests Feed Parsing (Working Feeds) should parse NRK toppsaker feed" name="Norwegian News Feeds Integration Tests Feed Parsing (Working Feeds) should parse NRK toppsaker feed" time="0.093">
    </testcase>
    <testcase classname="Norwegian News Feeds Integration Tests Feed Parsing (Working Feeds) should parse VG RSS feed" name="Norwegian News Feeds Integration Tests Feed Parsing (Working Feeds) should parse VG RSS feed" time="0.236">
    </testcase>
    <testcase classname="Norwegian News Feeds Integration Tests Feed Parsing (Working Feeds) should parse E24 RSS feed" name="Norwegian News Feeds Integration Tests Feed Parsing (Working Feeds) should parse E24 RSS feed" time="0.239">
    </testcase>
    <testcase classname="Norwegian News Feeds Integration Tests Feed Parsing (Working Feeds) should parse TV2 nyheter feed" name="Norwegian News Feeds Integration Tests Feed Parsing (Working Feeds) should parse TV2 nyheter feed" time="0.078">
    </testcase>
    <testcase classname="Norwegian News Feeds Integration Tests Norwegian Character Encoding should properly handle Norwegian characters in NRK feed" name="Norwegian News Feeds Integration Tests Norwegian Character Encoding should properly handle Norwegian characters in NRK feed" time="0.07">
    </testcase>
    <testcase classname="Norwegian News Feeds Integration Tests Norwegian Character Encoding should properly handle Norwegian characters in VG feed" name="Norwegian News Feeds Integration Tests Norwegian Character Encoding should properly handle Norwegian characters in VG feed" time="0.124">
    </testcase>
    <testcase classname="Norwegian News Feeds Integration Tests Norwegian Character Encoding should properly handle Norwegian characters in E24 feed" name="Norwegian News Feeds Integration Tests Norwegian Character Encoding should properly handle Norwegian characters in E24 feed" time="0.116">
    </testcase>
    <testcase classname="Norwegian News Feeds Integration Tests Norwegian Character Encoding should properly handle Norwegian characters in TV2 feed" name="Norwegian News Feeds Integration Tests Norwegian Character Encoding should properly handle Norwegian characters in TV2 feed" time="0.05">
    </testcase>
    <testcase classname="Norwegian News Feeds Integration Tests Image Extraction should extract images from media:thumbnail or enclosure elements" name="Norwegian News Feeds Integration Tests Image Extraction should extract images from media:thumbnail or enclosure elements" time="0.061">
    </testcase>
    <testcase classname="Norwegian News Feeds Integration Tests Image Extraction should use fallback image when no image found" name="Norwegian News Feeds Integration Tests Image Extraction should use fallback image when no image found" time="0.068">
    </testcase>
    <testcase classname="Norwegian News Feeds Integration Tests Date Parsing should parse dates from Norwegian feeds" name="Norwegian News Feeds Integration Tests Date Parsing should parse dates from Norwegian feeds" time="0.076">
    </testcase>
    <testcase classname="Norwegian News Feeds Integration Tests Feed Structure Compatibility should handle RSS 2.0 feeds (most Norwegian sites)" name="Norwegian News Feeds Integration Tests Feed Structure Compatibility should handle RSS 2.0 feeds (most Norwegian sites)" time="0.051">
    </testcase>
    <testcase classname="Norwegian News Feeds Integration Tests Feed Structure Compatibility should detect feed type correctly" name="Norwegian News Feeds Integration Tests Feed Structure Compatibility should detect feed type correctly" time="0.062">
    </testcase>
    <testcase classname="Problematic Feeds (Known Issues) should detect Dagbladet returns HTML instead of RSS" name="Problematic Feeds (Known Issues) should detect Dagbladet returns HTML instead of RSS" time="13.316">
    </testcase>
    <testcase classname="Problematic Feeds (Known Issues) should attempt to parse Nettavisen feed (may have malformed XML)" name="Problematic Feeds (Known Issues) should attempt to parse Nettavisen feed (may have malformed XML)" time="0.105">
    </testcase>
    <testcase classname="Problematic Feeds (Known Issues) should attempt to parse Sentralregisteret feed" name="Problematic Feeds (Known Issues) should attempt to parse Sentralregisteret feed" time="1.435">
    </testcase>
    <testcase classname="Norwegian Feeds - Batch Processing should successfully process all working Norwegian feeds" name="Norwegian Feeds - Batch Processing should successfully process all working Norwegian feeds" time="0.767">
    </testcase>
    <testcase classname="NRK Regional Feeds should parse NRK Oslo og Viken feed" name="NRK Regional Feeds should parse NRK Oslo og Viken feed" time="0.273">
    </testcase>
    <testcase classname="NRK Regional Feeds should parse NRK Nordland feed" name="NRK Regional Feeds should parse NRK Nordland feed" time="0.171">
    </testcase>
  </testsuite>
</testsuites>